Archive member included because of file (symbol)

/home/sarang/SimplicityStudio_v4/developer/sdks/gecko_sdk_suite/v1.1//protocol/bluetooth_2.4/lib/EFR32BG1B/GCC/bgapi.a(gecko_bgapi_hardware.c.obj)
                              ./main.o (gecko_bgapi_class_hardware_init)
/home/sarang/SimplicityStudio_v4/developer/sdks/gecko_sdk_suite/v1.1//protocol/bluetooth_2.4/lib/EFR32BG1B/GCC/bgapi.a(gecko_bgapi_test.c.obj)
                              ./main.o (gecko_bgapi_class_test_init)
/home/sarang/SimplicityStudio_v4/developer/sdks/gecko_sdk_suite/v1.1//protocol/bluetooth_2.4/lib/EFR32BG1B/GCC/bgapi.a(gecko_bgapi_dfu.c.obj)
                              ./main.o (gecko_bgapi_class_dfu_init)
/home/sarang/SimplicityStudio_v4/developer/sdks/gecko_sdk_suite/v1.1//protocol/bluetooth_2.4/lib/EFR32BG1B/GCC/bgapi.a(gecko_bgapi_gap.c.obj)
                              ./main.o (gecko_bgapi_class_le_gap_init)
/home/sarang/SimplicityStudio_v4/developer/sdks/gecko_sdk_suite/v1.1//protocol/bluetooth_2.4/lib/EFR32BG1B/GCC/bgapi.a(gecko_bgapi_gatt.c.obj)
                              ./main.o (gecko_bgapi_class_gatt_init)
/home/sarang/SimplicityStudio_v4/developer/sdks/gecko_sdk_suite/v1.1//protocol/bluetooth_2.4/lib/EFR32BG1B/GCC/bgapi.a(gecko_bgapi_gatt_server.c.obj)
                              ./main.o (gecko_bgapi_class_gatt_server_init)
/home/sarang/SimplicityStudio_v4/developer/sdks/gecko_sdk_suite/v1.1//protocol/bluetooth_2.4/lib/EFR32BG1B/GCC/bgapi.a(gecko_bgapi_flash.c.obj)
                              ./main.o (gecko_bgapi_class_flash_init)
/home/sarang/SimplicityStudio_v4/developer/sdks/gecko_sdk_suite/v1.1//protocol/bluetooth_2.4/lib/EFR32BG1B/GCC/bgapi.a(gecko_bgapi_sm.c.obj)
                              ./main.o (gecko_bgapi_class_sm_init)
/home/sarang/SimplicityStudio_v4/developer/sdks/gecko_sdk_suite/v1.1//protocol/bluetooth_2.4/lib/EFR32BG1B/GCC/bgapi.a(gecko_bgapi_system.c.obj)
                              ./main.o (gecko_bgapi_class_system_init)
/home/sarang/SimplicityStudio_v4/developer/sdks/gecko_sdk_suite/v1.1//protocol/bluetooth_2.4/lib/EFR32BG1B/GCC/bgapi.a(gecko_bgapi_endpoint.c.obj)
                              ./main.o (gecko_bgapi_class_endpoint_init)
/home/sarang/SimplicityStudio_v4/developer/sdks/gecko_sdk_suite/v1.1//protocol/bluetooth_2.4/lib/EFR32BG1B/GCC/bgapi.a(gecko_bgapi_le_connection.c.obj)
                              ./main.o (gecko_bgapi_class_le_connection_init)
/home/sarang/SimplicityStudio_v4/developer/sdks/gecko_sdk_suite/v1.1//protocol/bluetooth_2.4/lib/EFR32BG1B/GCC/bgapi.a(bgapi_hardware.c.obj)
                              /home/sarang/SimplicityStudio_v4/developer/sdks/gecko_sdk_suite/v1.1//protocol/bluetooth_2.4/lib/EFR32BG1B/GCC/bgapi.a(gecko_bgapi_hardware.c.obj) (lib_hardware_handler_init)
/home/sarang/SimplicityStudio_v4/developer/sdks/gecko_sdk_suite/v1.1//protocol/bluetooth_2.4/lib/EFR32BG1B/GCC/bgapi.a(bgapi_test_lib.c.obj)
                              /home/sarang/SimplicityStudio_v4/developer/sdks/gecko_sdk_suite/v1.1//protocol/bluetooth_2.4/lib/EFR32BG1B/GCC/bgapi.a(gecko_bgapi_test.c.obj) (lib_test_handler_init)
/home/sarang/SimplicityStudio_v4/developer/sdks/gecko_sdk_suite/v1.1//protocol/bluetooth_2.4/lib/EFR32BG1B/GCC/bgapi.a(bgapi_dfu.c.obj)
                              /home/sarang/SimplicityStudio_v4/developer/sdks/gecko_sdk_suite/v1.1//protocol/bluetooth_2.4/lib/EFR32BG1B/GCC/bgapi.a(gecko_bgapi_dfu.c.obj) (lib_dfu_handler_init)
/home/sarang/SimplicityStudio_v4/developer/sdks/gecko_sdk_suite/v1.1//protocol/bluetooth_2.4/lib/EFR32BG1B/GCC/bgapi.a(bgapi_gap.c.obj)
                              /home/sarang/SimplicityStudio_v4/developer/sdks/gecko_sdk_suite/v1.1//protocol/bluetooth_2.4/lib/EFR32BG1B/GCC/bgapi.a(gecko_bgapi_gap.c.obj) (lib_le_gap_handler_init)
/home/sarang/SimplicityStudio_v4/developer/sdks/gecko_sdk_suite/v1.1//protocol/bluetooth_2.4/lib/EFR32BG1B/GCC/bgapi.a(bgapi_gatt_lib.c.obj)
                              /home/sarang/SimplicityStudio_v4/developer/sdks/gecko_sdk_suite/v1.1//protocol/bluetooth_2.4/lib/EFR32BG1B/GCC/bgapi.a(gecko_bgapi_gatt.c.obj) (lib_gatt_handler_init)
/home/sarang/SimplicityStudio_v4/developer/sdks/gecko_sdk_suite/v1.1//protocol/bluetooth_2.4/lib/EFR32BG1B/GCC/bgapi.a(bgapi_ps.c.obj)
                              /home/sarang/SimplicityStudio_v4/developer/sdks/gecko_sdk_suite/v1.1//protocol/bluetooth_2.4/lib/EFR32BG1B/GCC/bgapi.a(gecko_bgapi_flash.c.obj) (lib_flash_handler_init)
/home/sarang/SimplicityStudio_v4/developer/sdks/gecko_sdk_suite/v1.1//protocol/bluetooth_2.4/lib/EFR32BG1B/GCC/bgapi.a(bgapi_sm.c.obj)
                              /home/sarang/SimplicityStudio_v4/developer/sdks/gecko_sdk_suite/v1.1//protocol/bluetooth_2.4/lib/EFR32BG1B/GCC/bgapi.a(gecko_bgapi_sm.c.obj) (lib_sm_handler_init)
/home/sarang/SimplicityStudio_v4/developer/sdks/gecko_sdk_suite/v1.1//protocol/bluetooth_2.4/lib/EFR32BG1B/GCC/bgapi.a(bgapi_system.c.obj)
[...]
Memory Configuration

Name             Origin             Length             Attributes
FLASH_BOOTLOADER 0x00000000         0x00004000         xr
FLASH            0x00004000         0x0003b000         xr
RAM              0x20003000         0x00004bfc         xrw
*default*        0x00000000         0xffffffff

Linker script and memory map

LOAD /home/sarang/SimplicityStudio_v4/developer/toolchains/gnu_arm/4.9_2015q3/bin/../lib/gcc/arm-none-eabi/4.9.3/armv7e-m/fpu/crti.o
LOAD /home/sarang/SimplicityStudio_v4/developer/toolchains/gnu_arm/4.9_2015q3/bin/../lib/gcc/arm-none-eabi/4.9.3/armv7e-m/fpu/crtbegin.o
LOAD /home/sarang/SimplicityStudio_v4/developer/toolchains/gnu_arm/4.9_2015q3/bin/../lib/gcc/arm-none-eabi/4.9.3/../../../../arm-none-eabi/lib/armv7e-m/fpu/crt0.o
LOAD ./application_properties.o
LOAD ./gatt_db.o
LOAD ./main.o
LOAD ./bgapi/dmadrv.o
LOAD ./bgapi/em_adc.o
LOAD ./bgapi/em_ldma.o
LOAD ./bgapi/em_leuart.o
LOAD ./device/EFR32_B_1_1_B/gcc/startup_efr32bg1b.o
LOAD ./emlib/em_acmp.o
LOAD ./emlib/em_aes.o
LOAD ./emlib/em_assert.o
LOAD ./emlib/em_burtc.o
LOAD ./emlib/em_can.o
LOAD ./emlib/em_cmu.o
LOAD ./emlib/em_cryotimer.o
LOAD ./emlib/em_crypto.o
LOAD ./emlib/em_csen.o
LOAD ./emlib/em_dac.o
LOAD ./emlib/em_dbg.o
LOAD ./emlib/em_dma.o
LOAD ./emlib/em_ebi.o
LOAD ./emlib/em_gpcrc.o
LOAD ./emlib/em_gpio.o
LOAD ./emlib/em_i2c.o
LOAD ./emlib/em_idac.o
LOAD ./emlib/em_int.o
LOAD ./emlib/em_lcd.o
LOAD ./emlib/em_lesense.o
LOAD ./emlib/em_letimer.o
LOAD ./emlib/em_mpu.o
LOAD ./emlib/em_msc.o
LOAD ./emlib/em_opamp.o
LOAD ./emlib/em_pcnt.o
LOAD ./emlib/em_prs.o
LOAD ./emlib/em_qspi.o
LOAD ./emlib/em_rmu.o
LOAD ./emlib/em_rtc.o
LOAD ./emlib/em_rtcc.o
LOAD ./emlib/em_system.o
LOAD ./emlib/em_timer.o
LOAD ./emlib/em_usart.o
LOAD ./emlib/em_vcmp.o
LOAD ./emlib/em_vdac.o
LOAD ./emlib/em_wdog.o
LOAD ./kit_flashpwr/BRD4302A/mx25flash_spi.o
LOAD ./src/InitDevice.o
LOAD ./src/adc.o
LOAD ./src/bma280.o
LOAD ./src/cmu.o
LOAD ./src/gpio.o
LOAD ./src/i2c.o
LOAD ./src/letimer.o
LOAD ./src/si7201.o
LOAD ./src/sleep_modes.o
LOAD ./src/spi.o
LOAD ./src/timer.o
LOAD /home/sarang/SimplicityStudio_v4/developer/sdks/gecko_sdk_suite/v1.1//protocol/bluetooth_2.4/lib/EFR32BG1B/EABI/stack.a
LOAD /home/sarang/SimplicityStudio_v4/developer/sdks/gecko_sdk_suite/v1.1//protocol/bluetooth_2.4/lib/EFR32BG1B/EABI/binstack.o
LOAD /home/sarang/SimplicityStudio_v4/developer/sdks/gecko_sdk_suite/v1.1//protocol/bluetooth_2.4/lib/EFR32BG1B/EABI/binbootloader.o
LOAD /home/sarang/SimplicityStudio_v4/developer/sdks/gecko_sdk_suite/v1.1//protocol/bluetooth_2.4/lib/EFR32BG1B/GCC/bgapi.a
LOAD /home/sarang/SimplicityStudio_v4/developer/toolchains/gnu_arm/4.9_2015q3/bin/../lib/gcc/arm-none-eabi/4.9.3/../../../../arm-none-eabi/lib/armv7e-m/fpu/libm.a
START GROUP
LOAD /home/sarang/SimplicityStudio_v4/developer/toolchains/gnu_arm/4.9_2015q3/bin/../lib/gcc/arm-none-eabi/4.9.3/armv7e-m/fpu/libgcc.a
LOAD /home/sarang/SimplicityStudio_v4/developer/toolchains/gnu_arm/4.9_2015q3/bin/../lib/gcc/arm-none-eabi/4.9.3/../../../../arm-none-eabi/lib/armv7e-m/fpu/libc.a
LOAD /home/sarang/SimplicityStudio_v4/developer/toolchains/gnu_arm/4.9_2015q3/bin/../lib/gcc/arm-none-eabi/4.9.3/../../../../arm-none-eabi/lib/armv7e-m/fpu/libnosys.a
END GROUP
START GROUP
LOAD /home/sarang/SimplicityStudio_v4/developer/toolchains/gnu_arm/4.9_2015q3/bin/../lib/gcc/arm-none-eabi/4.9.3/armv7e-m/fpu/libgcc.a
LOAD /home/sarang/SimplicityStudio_v4/developer/toolchains/gnu_arm/4.9_2015q3/bin/../lib/gcc/arm-none-eabi/4.9.3/../../../../arm-none-eabi/lib/armv7e-m/fpu/libg.a
LOAD /home/sarang/SimplicityStudio_v4/developer/toolchains/gnu_arm/4.9_2015q3/bin/../lib/gcc/arm-none-eabi/4.9.3/../../../../arm-none-eabi/lib/armv7e-m/fpu/libc.a
END GROUP
LOAD /home/sarang/SimplicityStudio_v4/developer/toolchains/gnu_arm/4.9_2015q3/bin/../lib/gcc/arm-none-eabi/4.9.3/armv7e-m/fpu/crtend.o
LOAD /home/sarang/SimplicityStudio_v4/developer/toolchains/gnu_arm/4.9_2015q3/bin/../lib/gcc/arm-none-eabi/4.9.3/armv7e-m/fpu/crtn.o

.text_bootloader
                0x00000000     0x4000
 *(.binbootloader*)
 .binbootloader
                0x00000000      0x31c /home/sarang/SimplicityStudio_v4/developer/sdks/gecko_sdk_suite/v1.1//protocol/bluetooth_2.4/lib/EFR32BG1B/EABI/binbootloader.o
                0x00004000                . = ALIGN (0x4000)
 *fill*         0x0000031c     0x3ce4 

.text_stack_bin
                0x00004000    0x1cee3
 *(.binstack*)
 .binstack      0x00004000    0x1cee3 /home/sarang/SimplicityStudio_v4/developer/sdks/gecko_sdk_suite/v1.1//protocol/bluetooth_2.4/lib/EFR32BG1B/EABI/binstack.o

.text_signature
                0x00020ee3      0x11d
                0x00020f23                . = (. + 0x40)
 *fill*         0x00020ee3       0x40 
                0x00021000                . = ALIGN (0x800)
 *fill*         0x00020f23       0xdd 
                0x00021000                __text_start__ = .

.text_app       0x00021000     0x7d64
 *(.AAT)
 .AAT           0x00021000       0x80 ./main.o
                0x00021000                AppAddressTable
 *(.vectors)
 .vectors       0x00021080       0xc8 ./device/EFR32_B_1_1_B/gcc/startup_efr32bg1b.o
                0x00021080                __Vectors
                0x00021148                __Vectors_End = .
                0x000000c8                __Vectors_Size = (__Vectors_End - __Vectors)
                0x00021148                __end__ = .
 *(.gecko_configuration)
 *(.xo_configuration)
 *(.gatt_header)
 .gatt_header   0x00021148       0x34 ./gatt_db.o
                0x00021148                bg_gattdb_data
 *(.gatt_data)
 .gatt_data     0x0002117c      0x1d5 ./gatt_db.o
                0x0002117c                bg_gattdb_data_uuidtable_16_map
                0x00021198                bg_gattdb_data_uuidtable_128_map
                0x000211b8                bg_gattdb_data_attribute_field_18
                0x000211c0                bg_gattdb_data_attribute_field_17
                0x000211d8                bg_gattdb_data_attribute_field_16
                0x000211ec                bg_gattdb_data_attribute_field_15
                0x000211f4                bg_gattdb_data_attribute_field_14
                0x000211fc                bg_gattdb_data_attribute_field_13
                0x00021208                bg_gattdb_data_attribute_field_12
                0x00021210                bg_gattdb_data_attribute_field_11
                0x00021220                bg_gattdb_data_attribute_field_10
                0x00021228                bg_gattdb_data_attribute_field_9
                0x0002122c                bg_gattdb_data_attribute_field_8
                0x00021230                bg_gattdb_data_attribute_field_7
                0x00021238                bg_gattdb_data_attribute_field_6
                0x00021240                bg_gattdb_data_attribute_field_5
                0x00021248                bg_gattdb_data_attribute_field_4
                0x0002124c                bg_gattdb_data_attribute_field_2
                0x00021254                bg_gattdb_data_attribute_field_1
                0x0002125c                bg_gattdb_data_attribute_field_0
                0x00021260                bg_gattdb_data_attributes_map
                0x00021344                bg_gattdb_data_attributes_dynamic_mapping_map
                0x0002134c                bg_gattdb_data_adv_uuid16_map
                0x00021350                bg_gattdb_data_adv_uuid128_map
 *(.application_properties)
 *fill*         0x00021351        0x3 
 .application_properties
                0x00021354       0x38 ./application_properties.o
                0x00021354                applicationProperties
 *(.text*)
 .text          0x0002138c       0x5c /home/sarang/SimplicityStudio_v4/developer/toolchains/gnu_arm/4.9_2015q3/bin/../lib/gcc/arm-none-eabi/4.9.3/armv7e-m/fpu/crtbegin.o
 .text          0x000213e8       0x74 /home/sarang/SimplicityStudio_v4/developer/toolchains/gnu_arm/4.9_2015q3/bin/../lib/gcc/arm-none-eabi/4.9.3/../../../../arm-none-eabi/lib/armv7e-m/fpu/crt0.o
                0x000213e8                _mainCRTStartup
                0x000213e8                _start
 .text.gecko_init
                0x0002145c       0x40 ./main.o
 .text.BUS_RegMaskedSet
                0x0002149c       0x24 ./main.o
 .text.BUS_RegMaskedClear
                0x000214c0       0x24 ./main.o
 .text.GPIO_PinOutClear
                0x000214e4       0x58 ./main.o
 .text.GPIO_PinOutSet
                0x0002153c       0x58 ./main.o
 .text.LETIMER_IntClear
                0x00021594       0x1c ./main.o
 .text.LETIMER_IntGet
                0x000215b0       0x18 ./main.o
 .text.ADC_IntClear
                0x000215c8       0x1c ./main.o
 .text.ADC_IntGet
                0x000215e4       0x18 ./main.o
 .text.TIMER_Valid
                0x000215fc       0x38 ./main.o
 .text.TIMER_Enable
                0x00021634       0x2c ./main.o
 .text.TIMER_IntClear
                0x00021660       0x1c ./main.o
 .text.main     0x0002167c       0x94 ./main.o
                0x0002167c                main
 .text.bma_wakeup
                0x00021710       0x1c ./main.o
                0x00021710                bma_wakeup
 .text.LETIMER0_IRQHandler
                0x0002172c       0x4c ./main.o
                0x0002172c                LETIMER0_IRQHandler
 .text.ADC0_IRQHandler
                0x00021778      0x2b4 ./main.o
                0x00021778                ADC0_IRQHandler
 .text.GPIO_ODD_IRQHandler
                0x00021a2c      0x138 ./main.o
                0x00021a2c                GPIO_ODD_IRQHandler
 .text.TIMER0_IRQHandler
                0x00021b64       0x2c ./main.o
                0x00021b64                TIMER0_IRQHandler
 .text.LDMA_IRQHandler
                0x00021b90       0xe0 ./bgapi/dmadrv.o
                0x00021b90                LDMA_IRQHandler
 .text.Reset_Handler
                0x00021c70       0x38 ./device/EFR32_B_1_1_B/gcc/startup_efr32bg1b.o
                0x00021c70                Reset_Handler
 .text.Default_Handler
                0x00021ca8        0x8 ./device/EFR32_B_1_1_B/gcc/startup_efr32bg1b.o
                0x00021ca8                DebugMon_Handler
                0x00021ca8                USART0_TX_IRQHandler
                0x00021ca8                I2C0_IRQHandler
                0x00021ca8                HardFault_Handler
                0x00021ca8                SysTick_Handler
                0x00021ca8                USART1_RX_IRQHandler
                0x00021ca8                PendSV_Handler
                0x00021ca8                NMI_Handler
                0x00021ca8                SYNTH_IRQHandler
                0x00021ca8                WDOG0_IRQHandler
                0x00021ca8                USART1_TX_IRQHandler
                0x00021ca8                MSC_IRQHandler
                0x00021ca8                UsageFault_Handler
                0x00021ca8                LEUART0_IRQHandler
                0x00021ca8                FPUEH_IRQHandler
                0x00021ca8                GPIO_EVEN_IRQHandler
                0x00021ca8                TIMER1_IRQHandler
                0x00021ca8                RFSENSE_IRQHandler
                0x00021ca8                BUFC_IRQHandler
                0x00021ca8                MODEM_IRQHandler
                0x00021ca8                Default_Handler
                0x00021ca8                RAC_SEQ_IRQHandler
                0x00021ca8                FRC_PRI_IRQHandler
                0x00021ca8                FRC_IRQHandler
                0x00021ca8                CRYOTIMER_IRQHandler
                0x00021ca8                PCNT0_IRQHandler
                0x00021ca8                AGC_IRQHandler
                0x00021ca8                ACMP0_IRQHandler
                0x00021ca8                USART0_RX_IRQHandler
                0x00021ca8                MemManage_Handler
                0x00021ca8                SVC_Handler
                0x00021ca8                RTCC_IRQHandler
                0x00021ca8                CRYPTO_IRQHandler
                0x00021ca8                CMU_IRQHandler
                0x00021ca8                RAC_RSM_IRQHandler
                0x00021ca8                PROTIMER_IRQHandler
                0x00021ca8                BusFault_Handler
                0x00021ca8                IDAC0_IRQHandler
 .text.BUS_RegBitWrite
                0x00021cb0       0x2c ./emlib/em_cmu.o
 .text.BUS_RegBitRead
                0x00021cdc       0x2c ./emlib/em_cmu.o
 .text.BUS_RegMaskedSet
                0x00021d08       0x24 ./emlib/em_cmu.o
 .text.BUS_RegMaskedClear
                0x00021d2c       0x24 ./emlib/em_cmu.o
 .text.BUS_RegMaskedWrite
                0x00021d50       0x24 ./emlib/em_cmu.o
 .text.CMU_Log2ToDiv
                0x00021d74       0x1c ./emlib/em_cmu.o
 .text.setHfLeConfig
                0x00021d90       0x64 ./emlib/em_cmu.o
 .text.auxClkGet
                0x00021df4       0x20 ./emlib/em_cmu.o
 .text.hfSrcClkGet
                0x00021e14       0x2c ./emlib/em_cmu.o
 .text.dbgClkGet
                0x00021e40       0x3c ./emlib/em_cmu.o
 .text.adcAsyncClkGet
                0x00021e7c       0x80 ./emlib/em_cmu.o
 .text.flashWaitStateControl
                0x00021efc       0x7c ./emlib/em_cmu.o
 .text.flashWaitStateMax
                0x00021f78       0x14 ./emlib/em_cmu.o
 .text.CMU_UpdateWaitStates
                0x00021f8c       0x18 ./emlib/em_cmu.o
                0x00021f8c                CMU_UpdateWaitStates
 .text.getRegIshUpperVal
                0x00021fa4       0x38 ./emlib/em_cmu.o
 .text.getHfxoTuningMode
                0x00021fdc       0x1c ./emlib/em_cmu.o
 .text.setHfxoTuningMode
                0x00021ff8       0x28 ./emlib/em_cmu.o
 .text.lfClkGet
                0x00022020       0xe8 ./emlib/em_cmu.o
 .text.syncReg  0x00022108       0x38 ./emlib/em_cmu.o
 .text.CMU_AUXHFRCODevinfoGet
                0x00022140       0xdc ./emlib/em_cmu.o
 .text.CMU_AUXHFRCOBandSet
                0x0002221c       0x98 ./emlib/em_cmu.o
                0x0002221c                CMU_AUXHFRCOBandSet
 .text.CMU_ClockEnable
                0x000222b4       0xcc ./emlib/em_cmu.o
                0x000222b4                CMU_ClockEnable
 .text.CMU_ClockFreqGet
                0x00022380      0x198 ./emlib/em_cmu.o
                0x00022380                CMU_ClockFreqGet
 .text.CMU_ClockSelectGet
                0x00022518      0x190 ./emlib/em_cmu.o
                0x00022518                CMU_ClockSelectGet
 .text.CMU_ClockSelectSet
                0x000226a8      0x25c ./emlib/em_cmu.o
                0x000226a8                CMU_ClockSelectSet
 .text.CMU_HFRCODevinfoGet
                0x00022904       0xdc ./emlib/em_cmu.o
 .text.CMU_HFRCOBandSet
                0x000229e0       0xec ./emlib/em_cmu.o
                0x000229e0                CMU_HFRCOBandSet
 .text.CMU_HFXOAutostartEnable
                0x00022acc       0x7c ./emlib/em_cmu.o
                0x00022acc                CMU_HFXOAutostartEnable
 .text.CMU_HFXOInit
                0x00022b48       0xf4 ./emlib/em_cmu.o
                0x00022b48                CMU_HFXOInit
 .text.CMU_LFXOInit
                0x00022c3c       0x50 ./emlib/em_cmu.o
                0x00022c3c                CMU_LFXOInit
 .text.CMU_OscillatorEnable
                0x00022c8c      0x174 ./emlib/em_cmu.o
                0x00022c8c                CMU_OscillatorEnable
 .text.CMU_OscillatorTuningGet
                0x00022e00       0x74 ./emlib/em_cmu.o
                0x00022e00                CMU_OscillatorTuningGet
 .text.CMU_OscillatorTuningSet
                0x00022e74       0xfc ./emlib/em_cmu.o
                0x00022e74                CMU_OscillatorTuningSet
 .text.CMU_OscillatorTuningWait
                0x00022f70       0x8c ./emlib/em_cmu.o
                0x00022f70                CMU_OscillatorTuningWait
 .text.CMU_OscillatorTuningOptimize
                0x00022ffc       0x4c ./emlib/em_cmu.o
                0x00022ffc                CMU_OscillatorTuningOptimize
 .text.BUS_RegBitWrite
                0x00023048       0x2c ./emlib/em_gpio.o
 .text.BUS_RegMaskedSet
                0x00023074       0x24 ./emlib/em_gpio.o
 .text.BUS_RegMaskedClear
                0x00023098       0x24 ./emlib/em_gpio.o
 .text.BUS_RegMaskedWrite
                0x000230bc       0x24 ./emlib/em_gpio.o
 .text.GPIO_PinOutClear
                0x000230e0       0x58 ./emlib/em_gpio.o
 .text.GPIO_PinOutSet
                0x00023138       0x58 ./emlib/em_gpio.o
 .text.GPIO_DriveStrengthSet
                0x00023190       0x60 ./emlib/em_gpio.o
                0x00023190                GPIO_DriveStrengthSet
 .text.GPIO_ExtIntConfig
                0x000231f0      0x128 ./emlib/em_gpio.o
                0x000231f0                GPIO_ExtIntConfig
 .text.GPIO_PinModeSet
                0x00023318      0x108 ./emlib/em_gpio.o
                0x00023318                GPIO_PinModeSet
 .text.BUS_RegBitWrite
                0x00023420       0x2c ./emlib/em_i2c.o
 .text.BUS_RegMaskedSet
                0x0002344c       0x24 ./emlib/em_i2c.o
 .text.BUS_RegMaskedClear
                0x00023470       0x24 ./emlib/em_i2c.o
 .text.BUS_RegMaskedWrite
                0x00023494       0x24 ./emlib/em_i2c.o
 .text.I2C_BusFreqSet
                0x000234b8       0xf4 ./emlib/em_i2c.o
                0x000234b8                I2C_BusFreqSet
 .text.I2C_Enable
                0x000235ac       0x20 ./emlib/em_i2c.o
                0x000235ac                I2C_Enable
 .text.I2C_Init
                0x000235cc       0x5c ./emlib/em_i2c.o
                0x000235cc                I2C_Init
 .text.LETIMER_CompareGet
                0x00023628       0x50 ./emlib/em_letimer.o
                0x00023628                LETIMER_CompareGet
 .text.LETIMER_CompareSet
                0x00023678       0x58 ./emlib/em_letimer.o
                0x00023678                LETIMER_CompareSet
 .text.LETIMER_Enable
                0x000236d0       0x2c ./emlib/em_letimer.o
                0x000236d0                LETIMER_Enable
 .text.RTCC_Init
                0x000236fc       0x60 ./emlib/em_rtcc.o
                0x000236fc                RTCC_Init
 .text.SYSTEM_ChipRevisionGet
                0x0002375c       0x74 ./emlib/em_system.o
                0x0002375c                SYSTEM_ChipRevisionGet
 .text.TIMER_Valid
                0x000237d0       0x38 ./emlib/em_timer.o
 .text.TIMER_Init
                0x00023808       0xdc ./emlib/em_timer.o
                0x00023808                TIMER_Init
 .text.TIMER_InitCC
                0x000238e4       0x9c ./emlib/em_timer.o
                0x000238e4                TIMER_InitCC
 .text.USART_BaudrateSyncSet
                0x00023980       0x40 ./emlib/em_usart.o
                0x00023980                USART_BaudrateSyncSet
 .text.USART_Enable
                0x000239c0       0x4c ./emlib/em_usart.o
                0x000239c0                USART_Enable
 .text.USART_InitSync
                0x00023a0c       0xec ./emlib/em_usart.o
                0x00023a0c                USART_InitSync
 .text.USART_Reset
                0x00023af8       0x94 ./emlib/em_usart.o
                0x00023af8                USART_Reset
 .text.USART_SpiTransfer
                0x00023b8c       0x40 ./emlib/em_usart.o
                0x00023b8c                USART_SpiTransfer
 .text.BUS_RegMaskedSet
                0x00023bcc       0x24 ./kit_flashpwr/BRD4302A/mx25flash_spi.o
 .text.BUS_RegMaskedClear
                0x00023bf0       0x24 ./kit_flashpwr/BRD4302A/mx25flash_spi.o
 .text.GPIO_PinOutClear
                0x00023c14       0x58 ./kit_flashpwr/BRD4302A/mx25flash_spi.o
 .text.GPIO_PinOutSet
                0x00023c6c       0x58 ./kit_flashpwr/BRD4302A/mx25flash_spi.o
 .text.MX25_init
                0x00023cc4       0x98 ./kit_flashpwr/BRD4302A/mx25flash_spi.o
                0x00023cc4                MX25_init
 .text.Wait_Flash_WarmUp
                0x00023d5c       0x24 ./kit_flashpwr/BRD4302A/mx25flash_spi.o
                0x00023d5c                Wait_Flash_WarmUp
 .text.Initial_Spi
                0x00023d80        0xc ./kit_flashpwr/BRD4302A/mx25flash_spi.o
                0x00023d80                Initial_Spi
 .text.CS_Low   0x00023d8c       0x10 ./kit_flashpwr/BRD4302A/mx25flash_spi.o
                0x00023d8c                CS_Low
 .text.CS_High  0x00023d9c       0x10 ./kit_flashpwr/BRD4302A/mx25flash_spi.o
                0x00023d9c                CS_High
 .text.SendByte
                0x00023dac       0x3c ./kit_flashpwr/BRD4302A/mx25flash_spi.o
                0x00023dac                SendByte
 .text.MX25_DP  0x00023de8       0x1c ./kit_flashpwr/BRD4302A/mx25flash_spi.o
                0x00023de8                MX25_DP
 .text.SYSTEM_GetProdRev
                0x00023e04       0x1c ./src/InitDevice.o
 .text.BUS_RegBitWrite
                0x00023e20       0x2c ./src/InitDevice.o
 .text.CHIP_Init
                0x00023e4c       0xb4 ./src/InitDevice.o
 .text.enter_DefaultMode_from_RESET
                0x00023f00       0x2c ./src/InitDevice.o
                0x00023f00                enter_DefaultMode_from_RESET
 .text.EMU_enter_DefaultMode_from_RESET
                0x00023f2c       0x94 ./src/InitDevice.o
                0x00023f2c                EMU_enter_DefaultMode_from_RESET
 .text.LFXO_enter_DefaultMode_from_RESET
                0x00023fc0        0xc ./src/InitDevice.o
                0x00023fc0                LFXO_enter_DefaultMode_from_RESET
 .text.CMU_enter_DefaultMode_from_RESET
                0x00023fcc      0x128 ./src/InitDevice.o
                0x00023fcc                CMU_enter_DefaultMode_from_RESET
 .text.RTCC_enter_DefaultMode_from_RESET
                0x000240f4       0x4c ./src/InitDevice.o
                0x000240f4                RTCC_enter_DefaultMode_from_RESET
 .text.GPCRC_enter_DefaultMode_from_RESET
                0x00024140        0xc ./src/InitDevice.o
                0x00024140                GPCRC_enter_DefaultMode_from_RESET
 .text.LDMA_enter_DefaultMode_from_RESET
                0x0002414c        0xc ./src/InitDevice.o
                0x0002414c                LDMA_enter_DefaultMode_from_RESET
 .text.PRS_enter_DefaultMode_from_RESET
                0x00024158       0x20 ./src/InitDevice.o
                0x00024158                PRS_enter_DefaultMode_from_RESET
 .text.PORTIO_enter_DefaultMode_from_RESET
                0x00024178        0xc ./src/InitDevice.o
                0x00024178                PORTIO_enter_DefaultMode_from_RESET
 .text.NVIC_EnableIRQ
                0x00024184       0x2c ./src/adc.o
 .text.NVIC_ClearPendingIRQ
                0x000241b0       0x30 ./src/adc.o
 .text.ADC_IntEnable
                0x000241e0       0x20 ./src/adc.o
 .text.adc_init
                0x00024200       0x9c ./src/adc.o
                0x00024200                adc_init
 .text.NVIC_EnableIRQ
                0x0002429c       0x2c ./src/bma280.o
 .text.GPIO_IntConfig
                0x000242c8       0x34 ./src/bma280.o
 .text.bma_init
                0x000242fc       0x5c ./src/bma280.o
                0x000242fc                bma_init
 .text.cmu_init
                0x00024358       0xbc ./src/cmu.o
                0x00024358                cmu_init
 .text.gpio_init
                0x00024414       0x30 ./src/gpio.o
                0x00024414                gpio_init
 .text.BUS_RegMaskedSet
                0x00024444       0x24 ./src/i2c.o
 .text.BUS_RegMaskedClear
                0x00024468       0x24 ./src/i2c.o
 .text.GPIO_PinOutClear
                0x0002448c       0x58 ./src/i2c.o
 .text.GPIO_PinOutSet
                0x000244e4       0x58 ./src/i2c.o
 .text.i2c_init
                0x0002453c       0xa8 ./src/i2c.o
                0x0002453c                i2c_init
 .text.i2c_enable
                0x000245e4       0x3c ./src/i2c.o
                0x000245e4                i2c_enable
 .text.Caculate_Celsius
                0x00024620       0x7c ./src/i2c.o
                0x00024620                Caculate_Celsius
 .text.NVIC_EnableIRQ
                0x0002469c       0x2c ./src/letimer.o
 .text.letimer_init
                0x000246c8      0x118 ./src/letimer.o
                0x000246c8                letimer_init
 .text.si_measure_start
                0x000247e0       0x64 ./src/si7201.o
                0x000247e0                si_measure_start
 .text.si_read_result
                0x00024844       0x80 ./src/si7201.o
                0x00024844                si_read_result
 .text.EMU_EnterEM1
                0x000248c4       0x20 ./src/sleep_modes.o
 .text.sleep    0x000248e4       0x40 ./src/sleep_modes.o
                0x000248e4                sleep
 .text.unblockSleepMode
                0x00024924       0x38 ./src/sleep_modes.o
                0x00024924                unblockSleepMode
 .text.blockSleepMode
                0x0002495c       0x2c ./src/sleep_modes.o
                0x0002495c                blockSleepMode
 .text.SPI_Init
                0x00024988       0xcc ./src/spi.o
                0x00024988                SPI_Init
 .text.spi_write
                0x00024a54       0x84 ./src/spi.o
                0x00024a54                spi_write
 .text.NVIC_EnableIRQ
                0x00024ad8       0x2c ./src/timer.o
 .text.NVIC_SetPriority
                0x00024b04       0x4c ./src/timer.o
 .text.TIMER_MaxCount
                0x00024b50       0x18 ./src/timer.o
 .text.TIMER_IntEnable
                0x00024b68       0x20 ./src/timer.o
 .text.TIMER_TopSet
                0x00024b88       0x1c ./src/timer.o
 .text.timer_init
                0x00024ba4       0xbc ./src/timer.o
                0x00024ba4                timer_init
 .text          0x00024c60       0x18 /home/sarang/SimplicityStudio_v4/developer/sdks/gecko_sdk_suite/v1.1//protocol/bluetooth_2.4/lib/EFR32BG1B/GCC/bgapi.a(gecko_bgapi_hardware.c.obj)
                0x00024c60                gecko_bgapi_class_hardware_init
 .text          0x00024c78       0x18 /home/sarang/SimplicityStudio_v4/developer/sdks/gecko_sdk_suite/v1.1//protocol/bluetooth_2.4/lib/EFR32BG1B/GCC/bgapi.a(gecko_bgapi_test.c.obj)
                0x00024c78                gecko_bgapi_class_test_init
 .text          0x00024c90       0x18 /home/sarang/SimplicityStudio_v4/developer/sdks/gecko_sdk_suite/v1.1//protocol/bluetooth_2.4/lib/EFR32BG1B/GCC/bgapi.a(gecko_bgapi_dfu.c.obj)
                0x00024c90                gecko_bgapi_class_dfu_init
 .text          0x00024ca8       0x18 /home/sarang/SimplicityStudio_v4/developer/sdks/gecko_sdk_suite/v1.1//protocol/bluetooth_2.4/lib/EFR32BG1B/GCC/bgapi.a(gecko_bgapi_gap.c.obj)
                0x00024ca8                gecko_bgapi_class_le_gap_init
 .text          0x00024cc0       0x18 /home/sarang/SimplicityStudio_v4/developer/sdks/gecko_sdk_suite/v1.1//protocol/bluetooth_2.4/lib/EFR32BG1B/GCC/bgapi.a(gecko_bgapi_gatt.c.obj)
                0x00024cc0                gecko_bgapi_class_gatt_init
 .text          0x00024cd8       0x18 /home/sarang/SimplicityStudio_v4/developer/sdks/gecko_sdk_suite/v1.1//protocol/bluetooth_2.4/lib/EFR32BG1B/GCC/bgapi.a(gecko_bgapi_gatt_server.c.obj)
                0x00024cd8                gecko_bgapi_class_gatt_server_init
 .text          0x00024cf0       0x18 /home/sarang/SimplicityStudio_v4/developer/sdks/gecko_sdk_suite/v1.1//protocol/bluetooth_2.4/lib/EFR32BG1B/GCC/bgapi.a(gecko_bgapi_flash.c.obj)
                0x00024cf0                gecko_bgapi_class_flash_init
 .text          0x00024d08       0x18 /home/sarang/SimplicityStudio_v4/developer/sdks/gecko_sdk_suite/v1.1//protocol/bluetooth_2.4/lib/EFR32BG1B/GCC/bgapi.a(gecko_bgapi_sm.c.obj)
                0x00024d08                gecko_bgapi_class_sm_init
 .text          0x00024d20       0x18 /home/sarang/SimplicityStudio_v4/developer/sdks/gecko_sdk_suite/v1.1//protocol/bluetooth_2.4/lib/EFR32BG1B/GCC/bgapi.a(gecko_bgapi_system.c.obj)
                0x00024d20                gecko_bgapi_class_system_init
 .text          0x00024d38       0x18 /home/sarang/SimplicityStudio_v4/developer/sdks/gecko_sdk_suite/v1.1//protocol/bluetooth_2.4/lib/EFR32BG1B/GCC/bgapi.a(gecko_bgapi_endpoint.c.obj)
                0x00024d38                gecko_bgapi_class_endpoint_init
 .text          0x00024d50       0x18 /home/sarang/SimplicityStudio_v4/developer/sdks/gecko_sdk_suite/v1.1//protocol/bluetooth_2.4/lib/EFR32BG1B/GCC/bgapi.a(gecko_bgapi_le_connection.c.obj)
                0x00024d50                gecko_bgapi_class_le_connection_init
 .text          0x00024d68      0x1d0 /home/sarang/SimplicityStudio_v4/developer/sdks/gecko_sdk_suite/v1.1//protocol/bluetooth_2.4/lib/EFR32BG1B/GCC/bgapi.a(bgapi_hardware.c.obj)
                0x00024d68                soft_timer_comparison
                0x00024dfc                bgapi_hardware_soft_timer_listener
                0x00024e3c                lib_hardware_handler_init
                0x00024e50                gecko_cmd_hardware_set_soft_timer
                0x00024e90                gecko_cmd_hardware_set_lazy_soft_timer
                0x00024ed0                gecko_cmd_hardware_get_time
                0x00024f04                gecko_cmd_hardware_enable_dcdc
 .text          0x00024f38      0x330 /home/sarang/SimplicityStudio_v4/developer/sdks/gecko_sdk_suite/v1.1//protocol/bluetooth_2.4/lib/EFR32BG1B/GCC/bgapi.a(bgapi_test_lib.c.obj)
                0x00024f38                bgapi_test_lib_msg_handler
                0x00024f90                lib_test_handler_init
                0x00024fb0                disable_interrupts
                0x00024fd4                gecko_cmd_test_dtm_tx
                0x00025068                gecko_cmd_test_dtm_rx
                0x000250b4                gecko_cmd_test_dtm_end
                0x0002511c                gecko_cmd_test_debug_command
                0x000251ec                gecko_cmd_test_debug_counter
 .text          0x00025268       0x8c /home/sarang/SimplicityStudio_v4/developer/sdks/gecko_sdk_suite/v1.1//protocol/bluetooth_2.4/lib/EFR32BG1B/GCC/bgapi.a(bgapi_dfu.c.obj)
                0x00025268                lib_dfu_handler_init
                0x0002526a                gecko_cmd_dfu_reset
                0x00025270                gecko_cmd_dfu_flash_set_address
                0x0002529c                gecko_cmd_dfu_flash_upload
                0x000252c8                gecko_cmd_dfu_flash_upload_finish
 .text          0x000252f4      0x34c /home/sarang/SimplicityStudio_v4/developer/sdks/gecko_sdk_suite/v1.1//protocol/bluetooth_2.4/lib/EFR32BG1B/GCC/bgapi.a(bgapi_gap.c.obj)
                0x000252f4                lib_le_gap_handler_init
                0x000252f6                gecko_cmd_le_gap_set_mode
                0x0002533c                gecko_cmd_le_gap_bt5_set_mode
                0x00025380                gecko_cmd_le_gap_set_adv_data
                0x000253c8                gecko_cmd_le_gap_bt5_set_adv_data
                0x000253fc                gecko_cmd_le_gap_set_adv_timeout
                0x00025450                gecko_cmd_le_gap_open
                0x000254b4                gecko_cmd_le_gap_discover
                0x000254e0                gecko_cmd_le_gap_end_procedure
                0x0002550c                gecko_cmd_le_gap_set_adv_parameters
                0x00025540                gecko_cmd_le_gap_bt5_set_adv_parameters
                0x0002557c                gecko_cmd_le_gap_set_scan_parameters
                0x000255ac                gecko_cmd_le_gap_set_conn_parameters
                0x000255e4                gecko_cmd_le_gap_set_phy
                0x00025610                gecko_cmd_le_gap_set_privacy_mode
 .text          0x00025640      0x6c4 /home/sarang/SimplicityStudio_v4/developer/sdks/gecko_sdk_suite/v1.1//protocol/bluetooth_2.4/lib/EFR32BG1B/GCC/bgapi.a(bgapi_gatt_lib.c.obj)
                0x00025640                lib_gatt_handler_init
                0x00025644                lib_gatt_server_handler_init
                0x00025646                gecko_cmd_gatt_set_max_mtu
                0x00025680                gecko_cmd_gatt_discover_primary_services
                0x000256b0                gecko_cmd_gatt_discover_primary_services_by_uuid
                0x000256ec                gecko_cmd_gatt_find_included_services
                0x00025720                gecko_cmd_gatt_discover_characteristics
                0x00025754                gecko_cmd_gatt_discover_characteristics_by_uuid
                0x00025794                gecko_cmd_gatt_read_characteristic_value
                0x000257cc                gecko_cmd_gatt_read_characteristic_value_from_offset
                0x00025808                gecko_cmd_gatt_read_characteristic_value_by_uuid
                0x00025848                gecko_cmd_gatt_read_multiple_characteristic_values
                0x0002587c                gecko_cmd_gatt_write_characteristic_value
                0x000258b4                gecko_cmd_gatt_write_characteristic_value_without_response
                0x000258f8                gecko_cmd_gatt_prepare_characteristic_value_write
                0x00025948                gecko_cmd_gatt_execute_characteristic_value_write
                0x0002597c                gecko_cmd_gatt_set_characteristic_notification
                0x000259b4                gecko_cmd_gatt_discover_descriptors
                0x000259e8                gecko_cmd_gatt_read_descriptor_value
                0x00025a1c                gecko_cmd_gatt_write_descriptor_value
                0x00025a54                gecko_cmd_gatt_server_read_attribute_value
                0x00025a9c                gecko_cmd_gatt_server_read_attribute_type
                0x00025ae0                gecko_cmd_gatt_server_find_attribute
                0x00025b1c                gecko_cmd_gatt_server_write_attribute_value
                0x00025b50                gecko_cmd_gatt_server_send_user_read_response
                0x00025ba0                gecko_cmd_gatt_server_send_user_write_response
                0x00025bd8                gecko_cmd_gatt_server_send_characteristic_notification
                0x00025c24                gecko_cmd_gatt_send_characteristic_confirmation
                0x00025c54                gecko_cmd_gatt_server_set_database
                0x00025c84                gecko_cmd_gatt_server_set_capabilities
                0x00025cb4                gecko_cmd_gatt_prepare_characteristic_value_reliable_write
 .text          0x00025d04      0x1d0 /home/sarang/SimplicityStudio_v4/developer/sdks/gecko_sdk_suite/v1.1//protocol/bluetooth_2.4/lib/EFR32BG1B/GCC/bgapi.a(bgapi_ps.c.obj)
                0x00025d04                bgapi_ps_dump_listener
                0x00025d44                lib_flash_handler_init
                0x00025d58                gecko_cmd_flash_ps_dump
                0x00025df0                gecko_cmd_flash_ps_erase_all
                0x00025e20                gecko_cmd_flash_ps_save
                0x00025e5c                gecko_cmd_flash_ps_load
                0x00025ea0                gecko_cmd_flash_ps_erase
 .text          0x00025ed4      0x3cc /home/sarang/SimplicityStudio_v4/developer/sdks/gecko_sdk_suite/v1.1//protocol/bluetooth_2.4/lib/EFR32BG1B/GCC/bgapi.a(bgapi_sm.c.obj)
                0x00025f9c                lib_sm_handler_init
                0x00025fb0                gecko_cmd_sm_list_all_bondings
                0x00025fe8                gecko_cmd_sm_increase_security
                0x00026018                gecko_cmd_sm_set_bondable_mode
                0x00026044                gecko_cmd_sm_delete_bonding
                0x00026074                gecko_cmd_sm_delete_bondings
                0x000260a4                gecko_cmd_sm_configure
                0x000260d4                gecko_cmd_sm_enter_passkey
                0x00026108                gecko_cmd_sm_set_passkey
                0x00026134                gecko_cmd_sm_passkey_confirm
                0x00026168                gecko_cmd_sm_set_oob_data
                0x00026198                gecko_cmd_sm_set_sc_remote_oob_data
                0x000261c8                gecko_cmd_sm_use_sc_oob
                0x00026208                gecko_cmd_sm_store_bonding_configuration
                0x0002623c                gecko_cmd_sm_bonding_confirm
                0x00026270                gecko_cmd_sm_set_debug_mode
 .text          0x000262a0      0x1d8 /home/sarang/SimplicityStudio_v4/developer/sdks/gecko_sdk_suite/v1.1//protocol/bluetooth_2.4/lib/EFR32BG1B/GCC/bgapi.a(bgapi_system.c.obj)
                0x000262a0                bgapi_system_listener
                0x000262d0                lib_system_handler_init
                0x000262e4                gecko_cmd_system_get_bt_address
                0x0002631c                gecko_cmd_system_set_bt_address
                0x00026350                gecko_cmd_system_set_device_name
                0x0002638c                gecko_cmd_system_get_random_data
                0x000263d4                gecko_cmd_system_halt
                0x00026408                gecko_cmd_system_set_tx_power
                0x00026438                gecko_cmd_system_hello
                0x00026460                gecko_cmd_system_reset
                0x00026466                gecko_send_system_awake
 .text          0x00026478      0x1ac /home/sarang/SimplicityStudio_v4/developer/sdks/gecko_sdk_suite/v1.1//protocol/bluetooth_2.4/lib/EFR32BG1B/GCC/bgapi.a(bgapi_endpoint.c.obj)
                0x00026478                lib_endpoint_handler_init
                0x0002647a                gecko_cmd_endpoint_send
                0x00026524                gecko_cmd_endpoint_set_streaming_destination
                0x0002657c                gecko_cmd_endpoint_close
                0x000265d8                gecko_cmd_endpoint_set_flags
                0x000265da                gecko_cmd_endpoint_clr_flags
                0x000265dc                gecko_cmd_endpoint_read_counters
 .text          0x00026624      0x104 /home/sarang/SimplicityStudio_v4/developer/sdks/gecko_sdk_suite/v1.1//protocol/bluetooth_2.4/lib/EFR32BG1B/GCC/bgapi.a(bgapi_le_connection.c.obj)
                0x00026624                lib_le_connection_handler_init
                0x00026626                gecko_cmd_le_connection_set_parameters
                0x00026674                gecko_cmd_le_connection_get_rssi
                0x000266a4                gecko_cmd_le_connection_disable_slave_latency
                0x000266ec                gecko_cmd_le_connection_set_phy
 .text          0x00026728      0xdf0 /home/sarang/SimplicityStudio_v4/developer/sdks/gecko_sdk_suite/v1.1//protocol/bluetooth_2.4/lib/EFR32BG1B/GCC/bgapi.a(gatt_client.c.obj)
                0x00026990                gatt_discover_primary_services
                0x000269ce                gatt_discover_primary_services_by_uuid
                0x00026a24                gatt_find_included_services
                0x00026a74                gatt_find_included_services_handler
                0x00026b24                gatt_discover_characteristics
                0x00026b46                gatt_discover_characteristics_by_uuid
                0x00026b88                gatt_discover_descriptors
                0x00026bc4                gatt_read_characteristic_value
                0x00026bfc                gatt_read_characteristic_value_by_uuid
                0x00026c36                gatt_read_multiple_characteristic_values
                0x00026c5a                gatt_write_characteristic_value
                0x00026c80                gatt_write_characteristic_value_without_response
                0x00026c9a                gatt_prepare_characteristic_value_write
                0x00026d10                gatt_execute_characteristic_value_write
                0x00026d32                gatt_set_characteristic_notification
                0x00026d72                gatt_read_descriptor_value
                0x00026d9a                gatt_write_descriptor_value
                0x00026dc0                gatt_handle_exchange_mtu_rsp
                0x00026ddc                gatt_handle_find_information_response
                0x00026f2e                gatt_handle_find_by_type_value_response
                0x00026fca                gatt_handle_read_response
                0x00027128                gatt_handle_read_blob_response
                0x0002715e                gatt_handle_read_multiple_response
                0x0002719a                gatt_handle_read_by_type_response
                0x000272e4                gatt_handle_read_by_group_type_response
                0x0002738c                gatt_handle_write_response
                0x000273a0                gatt_handle_prepare_write_response
                0x00027492                gatt_handle_execute_write_response
                0x000274ca                gatt_client_handle_value_notification
                0x000274dc                gatt_client_handle_value_indication
                0x000274f0                gatt_send_characteristic_confirmation
                0x0002750e                gatt_client_init
 .text          0x00027518      0x250 /home/sarang/SimplicityStudio_v4/developer/sdks/gecko_sdk_suite/v1.1//protocol/bluetooth_2.4/lib/EFR32BG1B/GCC/bgapi.a(ubt_gatt_client.c.obj)
                0x00027518                ubt_gatt_discover_primary_services
                0x0002752e                ubt_gatt_discover_primary_services_by_uuid
                0x0002755a                ubt_gatt_find_included_services
                0x00027574                ubt_gatt_discover_characteristics
                0x0002758e                ubt_gatt_discover_characteristics_by_uuid
                0x000275be                ubt_gatt_discover_descriptors
                0x000275d8                ubt_gatt_read_characteristic_value
                0x000275fa                ubt_gatt_read_characteristic_value_by_uuid
                0x0002762a                ubt_gatt_read_multiple_characteristic_values
                0x00027648                ubt_gatt_write_characteristic_value
                0x0002766a                ubt_gatt_write_characteristic_value_without_response
                0x000276a4                ubt_gatt_prepare_characteristic_value_write
                0x000276de                ubt_gatt_execute_characteristic_value_write
                0x000276f8                ubt_gatt_send_characteristic_confirmation
                0x0002770e                ubt_gatt_read_descriptor_value
                0x00027728                ubt_gatt_write_descriptor_value
                0x0002774a                ubt_gatt_set_characteristic_notification
 .text          0x00027768      0x4ec /home/sarang/SimplicityStudio_v4/developer/sdks/gecko_sdk_suite/v1.1//protocol/bluetooth_2.4/lib/EFR32BG1B/GCC/bgapi.a(att_client.c.obj)
                0x00027768                att_send_find_information_request
                0x0002778e                att_send_find_by_type_value_request
                0x000277c0                att_send_read_by_type_request
                0x000277ec                att_send_read_request
                0x0002780c                att_send_read_blob_request
                0x00027832                att_send_read_multiple_request
                0x0002785e                att_send_read_by_group_type_request
                0x0002788a                att_send_write_request
                0x000278b6                att_send_write_command
                0x000278e2                att_send_signed_write_command
                0x0002791c                att_send_prepare_write_request
                0x00027958                att_send_execute_write_request
                0x00027976                att_send_handle_value_confirmation
                0x0002798e                validate_gatt_client_pdu_len
                0x00027a48                att_gatt_client_handler
 .text          0x00027c54      0x370 /home/sarang/SimplicityStudio_v4/developer/toolchains/gnu_arm/4.9_2015q3/bin/../lib/gcc/arm-none-eabi/4.9.3/armv7e-m/fpu/libgcc.a(_arm_addsubdf3.o)
                0x00027c54                __aeabi_drsub
                0x00027c5c                __aeabi_dsub
                0x00027c5c                __subdf3
                0x00027c60                __adddf3
                0x00027c60                __aeabi_dadd
                0x00027ed8                __aeabi_ui2d
                0x00027ed8                __floatunsidf
                0x00027ef8                __floatsidf
                0x00027ef8                __aeabi_i2d
                0x00027f1c                __extendsfdf2
                0x00027f1c                __aeabi_f2d
                0x00027f58                __aeabi_ul2d
                0x00027f58                __floatundidf
                0x00027f68                __floatdidf
                0x00027f68                __aeabi_l2d
 .text          0x00027fc4      0x424 /home/sarang/SimplicityStudio_v4/developer/toolchains/gnu_arm/4.9_2015q3/bin/../lib/gcc/arm-none-eabi/4.9.3/armv7e-m/fpu/libgcc.a(_arm_muldivdf3.o)
                0x00027fc4                __aeabi_dmul
                0x00027fc4                __muldf3
                0x00028218                __aeabi_ddiv
                0x00028218                __divdf3
 .text          0x000283e8       0xa0 /home/sarang/SimplicityStudio_v4/developer/toolchains/gnu_arm/4.9_2015q3/bin/../lib/gcc/arm-none-eabi/4.9.3/armv7e-m/fpu/libgcc.a(_arm_truncdfsf2.o)
                0x000283e8                __aeabi_d2f
                0x000283e8                __truncdfsf2
 .text.exit     0x00028488       0x20 /home/sarang/SimplicityStudio_v4/developer/toolchains/gnu_arm/4.9_2015q3/bin/../lib/gcc/arm-none-eabi/4.9.3/../../../../arm-none-eabi/lib/armv7e-m/fpu/libc.a(lib_a-exit.o)
                0x00028488                exit
 .text.__libc_init_array
                0x000284a8       0x50 /home/sarang/SimplicityStudio_v4/developer/toolchains/gnu_arm/4.9_2015q3/bin/../lib/gcc/arm-none-eabi/4.9.3/../../../../arm-none-eabi/lib/armv7e-m/fpu/libc.a(lib_a-init.o)
                0x000284a8                __libc_init_array
 .text.memcmp   0x000284f8       0x64 /home/sarang/SimplicityStudio_v4/developer/toolchains/gnu_arm/4.9_2015q3/bin/../lib/gcc/arm-none-eabi/4.9.3/../../../../arm-none-eabi/lib/armv7e-m/fpu/libc.a(lib_a-memcmp.o)
                0x000284f8                memcmp
 .text          0x0002855c      0x134 /home/sarang/SimplicityStudio_v4/developer/toolchains/gnu_arm/4.9_2015q3/bin/../lib/gcc/arm-none-eabi/4.9.3/../../../../arm-none-eabi/lib/armv7e-m/fpu/libc.a(lib_a-memcpy.o)
                0x0002855c                memcpy
 .text.memset   0x00028690       0x9c /home/sarang/SimplicityStudio_v4/developer/toolchains/gnu_arm/4.9_2015q3/bin/../lib/gcc/arm-none-eabi/4.9.3/../../../../arm-none-eabi/lib/armv7e-m/fpu/libc.a(lib_a-memset.o)
                0x00028690                memset
 .text.startup.register_fini
                0x0002872c       0x14 /home/sarang/SimplicityStudio_v4/developer/toolchains/gnu_arm/4.9_2015q3/bin/../lib/gcc/arm-none-eabi/4.9.3/../../../../arm-none-eabi/lib/armv7e-m/fpu/libc.a(lib_a-__call_atexit.o)
 .text.__call_exitprocs
                0x00028740       0xd4 /home/sarang/SimplicityStudio_v4/developer/toolchains/gnu_arm/4.9_2015q3/bin/../lib/gcc/arm-none-eabi/4.9.3/../../../../arm-none-eabi/lib/armv7e-m/fpu/libc.a(lib_a-__call_atexit.o)
                0x00028740                __call_exitprocs
 .text.atexit   0x00028814        0xc /home/sarang/SimplicityStudio_v4/developer/toolchains/gnu_arm/4.9_2015q3/bin/../lib/gcc/arm-none-eabi/4.9.3/../../../../arm-none-eabi/lib/armv7e-m/fpu/libc.a(lib_a-atexit.o)
                0x00028814                atexit
 .text.__libc_fini_array
                0x00028820       0x2c /home/sarang/SimplicityStudio_v4/developer/toolchains/gnu_arm/4.9_2015q3/bin/../lib/gcc/arm-none-eabi/4.9.3/../../../../arm-none-eabi/lib/armv7e-m/fpu/libc.a(lib_a-fini.o)
                0x00028820                __libc_fini_array
 .text.__register_exitproc
                0x0002884c       0xa4 /home/sarang/SimplicityStudio_v4/developer/toolchains/gnu_arm/4.9_2015q3/bin/../lib/gcc/arm-none-eabi/4.9.3/../../../../arm-none-eabi/lib/armv7e-m/fpu/libc.a(lib_a-__atexit.o)
                0x0002884c                __register_exitproc
 .text._exit    0x000288f0        0x4 /home/sarang/SimplicityStudio_v4/developer/toolchains/gnu_arm/4.9_2015q3/bin/../lib/gcc/arm-none-eabi/4.9.3/../../../../arm-none-eabi/lib/armv7e-m/fpu/libnosys.a(_exit.o)
                0x000288f0                _exit
 *(.init)
 .init          0x000288f4        0x4 /home/sarang/SimplicityStudio_v4/developer/toolchains/gnu_arm/4.9_2015q3/bin/../lib/gcc/arm-none-eabi/4.9.3/armv7e-m/fpu/crti.o
                0x000288f4                _init
 .init          0x000288f8        0x8 /home/sarang/SimplicityStudio_v4/developer/toolchains/gnu_arm/4.9_2015q3/bin/../lib/gcc/arm-none-eabi/4.9.3/armv7e-m/fpu/crtn.o
 *(.fini)
 .fini          0x00028900        0x4 /home/sarang/SimplicityStudio_v4/developer/toolchains/gnu_arm/4.9_2015q3/bin/../lib/gcc/arm-none-eabi/4.9.3/armv7e-m/fpu/crti.o
                0x00028900                _fini
 .fini          0x00028904        0x8 /home/sarang/SimplicityStudio_v4/developer/toolchains/gnu_arm/4.9_2015q3/bin/../lib/gcc/arm-none-eabi/4.9.3/armv7e-m/fpu/crtn.o
 *crtbegin.o(.ctors)
 *crtbegin?.o(.ctors)
 *(EXCLUDE_FILE(*crtend.o *crtend?.o) .ctors)
 *(SORT(.ctors.*))
 *(.ctors)
 *crtbegin.o(.dtors)
 *crtbegin?.o(.dtors)
 *(EXCLUDE_FILE(*crtend.o *crtend?.o) .dtors)
 *(SORT(.dtors.*))
 *(.dtors)
 *(.rodata*)
 .rodata.ptiInit
                0x0002890c       0x24 ./main.o
 .rodata        0x00028930        0x4 ./main.o
 .rodata.config
                0x00028934       0x38 ./main.o
 .rodata.i2cNSum
                0x0002896c        0x4 ./emlib/em_i2c.o
 .rodata        0x00028970       0x24 ./kit_flashpwr/BRD4302A/mx25flash_spi.o
 .rodata        0x00028994       0x50 ./src/InitDevice.o
 .rodata        0x000289e4       0x10 ./src/i2c.o
 .rodata        0x000289f4       0x28 /home/sarang/SimplicityStudio_v4/developer/sdks/gecko_sdk_suite/v1.1//protocol/bluetooth_2.4/lib/EFR32BG1B/GCC/bgapi.a(gecko_bgapi_hardware.c.obj)
 .rodata        0x00028a1c       0x30 /home/sarang/SimplicityStudio_v4/developer/sdks/gecko_sdk_suite/v1.1//protocol/bluetooth_2.4/lib/EFR32BG1B/GCC/bgapi.a(gecko_bgapi_test.c.obj)
 .rodata        0x00028a4c       0x28 /home/sarang/SimplicityStudio_v4/developer/sdks/gecko_sdk_suite/v1.1//protocol/bluetooth_2.4/lib/EFR32BG1B/GCC/bgapi.a(gecko_bgapi_dfu.c.obj)
 .rodata        0x00028a74       0x78 /home/sarang/SimplicityStudio_v4/developer/sdks/gecko_sdk_suite/v1.1//protocol/bluetooth_2.4/lib/EFR32BG1B/GCC/bgapi.a(gecko_bgapi_gap.c.obj)
 .rodata        0x00028aec       0xa8 /home/sarang/SimplicityStudio_v4/developer/sdks/gecko_sdk_suite/v1.1//protocol/bluetooth_2.4/lib/EFR32BG1B/GCC/bgapi.a(gecko_bgapi_gatt.c.obj)
 .rodata        0x00028b94       0x50 /home/sarang/SimplicityStudio_v4/developer/sdks/gecko_sdk_suite/v1.1//protocol/bluetooth_2.4/lib/EFR32BG1B/GCC/bgapi.a(gecko_bgapi_gatt_server.c.obj)
 .rodata        0x00028be4       0x30 /home/sarang/SimplicityStudio_v4/developer/sdks/gecko_sdk_suite/v1.1//protocol/bluetooth_2.4/lib/EFR32BG1B/GCC/bgapi.a(gecko_bgapi_flash.c.obj)
 .rodata        0x00028c14       0x80 /home/sarang/SimplicityStudio_v4/developer/sdks/gecko_sdk_suite/v1.1//protocol/bluetooth_2.4/lib/EFR32BG1B/GCC/bgapi.a(gecko_bgapi_sm.c.obj)
 .rodata        0x00028c94       0x48 /home/sarang/SimplicityStudio_v4/developer/sdks/gecko_sdk_suite/v1.1//protocol/bluetooth_2.4/lib/EFR32BG1B/GCC/bgapi.a(gecko_bgapi_system.c.obj)
 .rodata        0x00028cdc       0x38 /home/sarang/SimplicityStudio_v4/developer/sdks/gecko_sdk_suite/v1.1//protocol/bluetooth_2.4/lib/EFR32BG1B/GCC/bgapi.a(gecko_bgapi_endpoint.c.obj)
 .rodata        0x00028d14       0x28 /home/sarang/SimplicityStudio_v4/developer/sdks/gecko_sdk_suite/v1.1//protocol/bluetooth_2.4/lib/EFR32BG1B/GCC/bgapi.a(gecko_bgapi_le_connection.c.obj)
 .rodata        0x00028d3c       0x18 /home/sarang/SimplicityStudio_v4/developer/sdks/gecko_sdk_suite/v1.1//protocol/bluetooth_2.4/lib/EFR32BG1B/GCC/bgapi.a(bgapi_sm.c.obj)
 .rodata        0x00028d54        0x4 /home/sarang/SimplicityStudio_v4/developer/sdks/gecko_sdk_suite/v1.1//protocol/bluetooth_2.4/lib/EFR32BG1B/GCC/bgapi.a(gatt_client.c.obj)
 .rodata.str1.4
                0x00028d58        0x4 /home/sarang/SimplicityStudio_v4/developer/toolchains/gnu_arm/4.9_2015q3/bin/../lib/gcc/arm-none-eabi/4.9.3/../../../../arm-none-eabi/lib/armv7e-m/fpu/libc.a(lib_a-impure.o)
                                  0x2 (size before relaxing)
 .rodata._global_impure_ptr
                0x00028d5c        0x4 /home/sarang/SimplicityStudio_v4/developer/toolchains/gnu_arm/4.9_2015q3/bin/../lib/gcc/arm-none-eabi/4.9.3/../../../../arm-none-eabi/lib/armv7e-m/fpu/libc.a(lib_a-impure.o)
                0x00028d5c                _global_impure_ptr
 *(.eh_frame*)
 .eh_frame      0x00028d60        0x0 /home/sarang/SimplicityStudio_v4/developer/toolchains/gnu_arm/4.9_2015q3/bin/../lib/gcc/arm-none-eabi/4.9.3/armv7e-m/fpu/crtbegin.o
 .eh_frame      0x00028d60        0x4 /home/sarang/SimplicityStudio_v4/developer/toolchains/gnu_arm/4.9_2015q3/bin/../lib/gcc/arm-none-eabi/4.9.3/armv7e-m/fpu/crtend.o
                0x00028d64                . = ALIGN (0x4)

.glue_7         0x00028d64        0x0
 .glue_7        0x00000000        0x0 linker stubs

.glue_7t        0x00028d64        0x0
 .glue_7t       0x00000000        0x0 linker stubs

.vfp11_veneer   0x00028d64        0x0
 .vfp11_veneer  0x00000000        0x0 linker stubs

.v4_bx          0x00028d64        0x0
 .v4_bx         0x00000000        0x0 linker stubs

.iplt           0x00028d64        0x0
 .iplt          0x00000000        0x0 /home/sarang/SimplicityStudio_v4/developer/toolchains/gnu_arm/4.9_2015q3/bin/../lib/gcc/arm-none-eabi/4.9.3/armv7e-m/fpu/crtbegin.o

.igot.plt       0x00028d64        0x0
 .igot.plt      0x00000000        0x0 /home/sarang/SimplicityStudio_v4/developer/toolchains/gnu_arm/4.9_2015q3/bin/../lib/gcc/arm-none-eabi/4.9.3/armv7e-m/fpu/crtbegin.o

.text_app_ARM.extab
 *(.ARM.extab* .gnu.linkonce.armextab.*)
                0x00028d64                __exidx_start = .

.text_app_ARM.exidx
                0x00028d64        0x8
 *(.ARM.exidx* .gnu.linkonce.armexidx.*)
 .ARM.exidx     0x00028d64        0x8 /home/sarang/SimplicityStudio_v4/developer/toolchains/gnu_arm/4.9_2015q3/bin/../lib/gcc/arm-none-eabi/4.9.3/../../../../arm-none-eabi/lib/armv7e-m/fpu/crt0.o
                0x00028d6c                __exidx_end = .
                0x00028d6c                __etext = .

.rel.dyn        0x00028d6c        0x0
 .rel.iplt      0x00000000        0x0 /home/sarang/SimplicityStudio_v4/developer/toolchains/gnu_arm/4.9_2015q3/bin/../lib/gcc/arm-none-eabi/4.9.3/armv7e-m/fpu/crtbegin.o

.text_app_data  0x20003000      0x450 load address 0x00028d6c
                0x20003000                __data_start__ = .
 *(vtable)
 *(.data*)
 .data.bg_gattdb_data_attribute_field_6_data
                0x20003000        0xd ./gatt_db.o
                0x20003000                bg_gattdb_data_attribute_field_6_data
 *fill*         0x2000300d        0x3 
 .data.auxHfrcoFreq
                0x20003010        0x4 ./emlib/em_cmu.o
 *fill*         0x20003014        0x4 
 .data.impure_data
                0x20003018      0x428 /home/sarang/SimplicityStudio_v4/developer/toolchains/gnu_arm/4.9_2015q3/bin/../lib/gcc/arm-none-eabi/4.9.3/../../../../arm-none-eabi/lib/armv7e-m/fpu/libc.a(lib_a-impure.o)
                0x20003440                . = ALIGN (0x4)
 *(.ram)
                0x20003440                . = ALIGN (0x4)
                0x20003440                PROVIDE (__preinit_array_start, .)
 *(.preinit_array)
                0x20003440                PROVIDE (__preinit_array_end, .)
                0x20003440                . = ALIGN (0x4)
                0x20003440                PROVIDE (__init_array_start, .)
 *(SORT(.init_array.*))
 .init_array.00000
                0x20003440        0x4 /home/sarang/SimplicityStudio_v4/developer/toolchains/gnu_arm/4.9_2015q3/bin/../lib/gcc/arm-none-eabi/4.9.3/../../../../arm-none-eabi/lib/armv7e-m/fpu/libc.a(lib_a-__call_atexit.o)
 *(.init_array)
 .init_array    0x20003444        0x4 /home/sarang/SimplicityStudio_v4/developer/toolchains/gnu_arm/4.9_2015q3/bin/../lib/gcc/arm-none-eabi/4.9.3/armv7e-m/fpu/crtbegin.o
                0x20003448                PROVIDE (__init_array_end, .)
                0x20003448                . = ALIGN (0x4)
                0x20003448                PROVIDE (__fini_array_start, .)
 *(SORT(.fini_array.*))
 *(.fini_array)
 .fini_array    0x20003448        0x4 /home/sarang/SimplicityStudio_v4/developer/toolchains/gnu_arm/4.9_2015q3/bin/../lib/gcc/arm-none-eabi/4.9.3/armv7e-m/fpu/crtbegin.o
                0x2000344c                PROVIDE (__fini_array_end, .)
 *(.jcr*)
 .jcr           0x2000344c        0x0 /home/sarang/SimplicityStudio_v4/developer/toolchains/gnu_arm/4.9_2015q3/bin/../lib/gcc/arm-none-eabi/4.9.3/armv7e-m/fpu/crtbegin.o
 .jcr           0x2000344c        0x4 /home/sarang/SimplicityStudio_v4/developer/toolchains/gnu_arm/4.9_2015q3/bin/../lib/gcc/arm-none-eabi/4.9.3/armv7e-m/fpu/crtend.o
                0x20003450                . = ALIGN (0x4)
                0x20003450                __data_end__ = .

.bss            0x20003450     0x1ae0 load address 0x000291bc
                0x20003450                . = ALIGN (0x4)
                0x20003450                __bss_start__ = .
 *(.bss*)
 .bss           0x20003450       0x1c /home/sarang/SimplicityStudio_v4/developer/toolchains/gnu_arm/4.9_2015q3/bin/../lib/gcc/arm-none-eabi/4.9.3/armv7e-m/fpu/crtbegin.o
 .bss.bg_gattdb_data_attribute_field_2_data
                0x2000346c        0x4 ./gatt_db.o
                0x2000346c                bg_gattdb_data_attribute_field_2_data
 .bss.a         0x20003470        0x4 ./main.o
                0x20003470                a
 .bss.gpio_flag
                0x20003474        0x4 ./main.o
                0x20003474                gpio_flag
 .bss.intFlags.9988
                0x20003478        0x4 ./main.o
 .bss.swi.9994  0x2000347c        0x1 ./main.o
 *fill*         0x2000347d        0x3 
 .bss.Time.9993
                0x20003480        0x4 ./main.o
 .bss.chTable   0x20003484       0xa0 ./bgapi/dmadrv.o
 .bss.dmaXfer   0x20003524      0x100 ./bgapi/dmadrv.o
 .bss           0x20003624        0x4 /home/sarang/SimplicityStudio_v4/developer/sdks/gecko_sdk_suite/v1.1//protocol/bluetooth_2.4/lib/EFR32BG1B/GCC/bgapi.a(bgapi_hardware.c.obj)
 .bss           0x20003628        0x4 /home/sarang/SimplicityStudio_v4/developer/sdks/gecko_sdk_suite/v1.1//protocol/bluetooth_2.4/lib/EFR32BG1B/GCC/bgapi.a(bgapi_test_lib.c.obj)
 .bss           0x2000362c        0x2 /home/sarang/SimplicityStudio_v4/developer/sdks/gecko_sdk_suite/v1.1//protocol/bluetooth_2.4/lib/EFR32BG1B/GCC/bgapi.a(bgapi_gap.c.obj)
                0x2000362c                legacy_maxadv_events
 *fill*         0x2000362e        0x2 
 .bss           0x20003630        0x4 /home/sarang/SimplicityStudio_v4/developer/sdks/gecko_sdk_suite/v1.1//protocol/bluetooth_2.4/lib/EFR32BG1B/GCC/bgapi.a(bgapi_ps.c.obj)
 .bss           0x20003634        0x4 /home/sarang/SimplicityStudio_v4/developer/sdks/gecko_sdk_suite/v1.1//protocol/bluetooth_2.4/lib/EFR32BG1B/GCC/bgapi.a(bgapi_sm.c.obj)
 .bss           0x20003638        0x4 /home/sarang/SimplicityStudio_v4/developer/sdks/gecko_sdk_suite/v1.1//protocol/bluetooth_2.4/lib/EFR32BG1B/GCC/bgapi.a(bgapi_system.c.obj)
 *(COMMON)
 COMMON         0x2000363c     0x18f0 ./main.o
                0x2000363c                LETimerFreq
                0x20003640                adc_value
                0x20003644                LETimerDUTY
                0x20003648                adc_reg_value
                0x2000364c                sleep_modes
                0x2000365c                bluetooth_stack_heap
 COMMON         0x20004f2c        0x4 /home/sarang/SimplicityStudio_v4/developer/sdks/gecko_sdk_suite/v1.1//protocol/bluetooth_2.4/lib/EFR32BG1B/GCC/bgapi.a(bgapi_test_lib.c.obj)
                0x20004f2c                msg_sender
                0x20004f30                . = ALIGN (0x4)
                0x20004f30                __bss_end__ = .

.heap           0x20004f30      0xc00
                0x20004f30                __HeapBase = .
                0x20004f30                __end__ = .
                0x20004f30                end = __end__
                0x20004f30                _end = __end__
 *(.heap*)
 .heap          0x20004f30      0xc00 ./device/EFR32_B_1_1_B/gcc/startup_efr32bg1b.o
                0x20005b30                __HeapLimit = .

.stack_dummy    0x20005b30      0x400
 *(.stack*)
 .stack         0x20005b30      0x400 ./device/EFR32_B_1_1_B/gcc/startup_efr32bg1b.o
                0x20007bfc                __StackTop = (ORIGIN (RAM) + 0x4bfc)
                0x200077fc                __StackLimit = (__StackTop - SIZEOF (.stack_dummy))
                0x20007bfc                PROVIDE (__stack, __StackTop)
                0x00000001                ASSERT ((__StackLimit >= __HeapLimit), region RAM overflowed with stack)
OUTPUT(Assignment_collection.axf elf32-littlearm)

.ARM.attributes
                0x00000000       0x30
 .ARM.attributes
                0x00000000       0x22 /home/sarang/SimplicityStudio_v4/developer/toolchains/gnu_arm/4.9_2015q3/bin/../lib/gcc/arm-none-eabi/4.9.3/armv7e-m/fpu/crti.o
 .ARM.attributes
                0x00000022       0x34 /home/sarang/SimplicityStudio_v4/developer/toolchains/gnu_arm/4.9_2015q3/bin/../lib/gcc/arm-none-eabi/4.9.3/armv7e-m/fpu/crtbegin.o
 .ARM.attributes
                0x00000056       0x20 /home/sarang/SimplicityStudio_v4/developer/toolchains/gnu_arm/4.9_2015q3/bin/../lib/gcc/arm-none-eabi/4.9.3/../../../../arm-none-eabi/lib/armv7e-m/fpu/crt0.o
 .ARM.attributes
                0x00000076       0x39 ./application_properties.o
 .ARM.attributes
                0x000000af       0x39 ./gatt_db.o
 .ARM.attributes
                0x000000e8       0x39 ./main.o
 .ARM.attributes
                0x00000121       0x39 ./bgapi/dmadrv.o
 .ARM.attributes
                0x0000015a       0x39 ./device/EFR32_B_1_1_B/gcc/startup_efr32bg1b.o
 .ARM.attributes
                0x00000193       0x39 ./emlib/em_cmu.o
 .ARM.attributes
                0x000001cc       0x39 ./emlib/em_gpio.o
 .ARM.attributes
                0x00000205       0x39 ./emlib/em_i2c.o
 .ARM.attributes
                0x0000023e       0x39 ./emlib/em_letimer.o
 .ARM.attributes
                0x00000277       0x39 ./emlib/em_rtcc.o
 .ARM.attributes
                0x000002b0       0x39 ./emlib/em_system.o
 .ARM.attributes
                0x000002e9       0x39 ./emlib/em_timer.o
 .ARM.attributes
                0x00000322       0x39 ./emlib/em_usart.o
 .ARM.attributes
                0x0000035b       0x39 ./kit_flashpwr/BRD4302A/mx25flash_spi.o
 .ARM.attributes
                0x00000394       0x39 ./src/InitDevice.o
 .ARM.attributes
                0x000003cd       0x39 ./src/adc.o
 .ARM.attributes
                0x00000406       0x39 ./src/bma280.o
 .ARM.attributes
                0x0000043f       0x39 ./src/cmu.o
 .ARM.attributes
                0x00000478       0x39 ./src/gpio.o
 .ARM.attributes
                0x000004b1       0x39 ./src/i2c.o
 .ARM.attributes
                0x000004ea       0x39 ./src/letimer.o
 .ARM.attributes
                0x00000523       0x39 ./src/si7201.o
 .ARM.attributes
                0x0000055c       0x39 ./src/sleep_modes.o
 .ARM.attributes
                0x00000595       0x39 ./src/spi.o
 .ARM.attributes
                0x000005ce       0x39 ./src/timer.o
 .ARM.attributes
                0x00000607       0x1c /home/sarang/SimplicityStudio_v4/developer/sdks/gecko_sdk_suite/v1.1//protocol/bluetooth_2.4/lib/EFR32BG1B/EABI/binstack.o
 .ARM.attributes
                0x00000623       0x1c /home/sarang/SimplicityStudio_v4/developer/sdks/gecko_sdk_suite/v1.1//protocol/bluetooth_2.4/lib/EFR32BG1B/EABI/binbootloader.o
 .ARM.attributes
                0x0000063f       0x39 /home/sarang/SimplicityStudio_v4/developer/sdks/gecko_sdk_suite/v1.1//protocol/bluetooth_2.4/lib/EFR32BG1B/GCC/bgapi.a(gecko_bgapi_hardware.c.obj)
 .ARM.attributes
                0x00000678       0x39 /home/sarang/SimplicityStudio_v4/developer/sdks/gecko_sdk_suite/v1.1//protocol/bluetooth_2.4/lib/EFR32BG1B/GCC/bgapi.a(gecko_bgapi_test.c.obj)
 .ARM.attributes
                0x000006b1       0x39 /home/sarang/SimplicityStudio_v4/developer/sdks/gecko_sdk_suite/v1.1//protocol/bluetooth_2.4/lib/EFR32BG1B/GCC/bgapi.a(gecko_bgapi_dfu.c.obj)
 .ARM.attributes
                0x000006ea       0x39 /home/sarang/SimplicityStudio_v4/developer/sdks/gecko_sdk_suite/v1.1//protocol/bluetooth_2.4/lib/EFR32BG1B/GCC/bgapi.a(gecko_bgapi_gap.c.obj)
 .ARM.attributes
                0x00000723       0x39 /home/sarang/SimplicityStudio_v4/developer/sdks/gecko_sdk_suite/v1.1//protocol/bluetooth_2.4/lib/EFR32BG1B/GCC/bgapi.a(gecko_bgapi_gatt.c.obj)
 .ARM.attributes
                0x0000075c       0x39 /home/sarang/SimplicityStudio_v4/developer/sdks/gecko_sdk_suite/v1.1//protocol/bluetooth_2.4/lib/EFR32BG1B/GCC/bgapi.a(gecko_bgapi_gatt_server.c.obj)
 .ARM.attributes
                0x00000795       0x39 /home/sarang/SimplicityStudio_v4/developer/sdks/gecko_sdk_suite/v1.1//protocol/bluetooth_2.4/lib/EFR32BG1B/GCC/bgapi.a(gecko_bgapi_flash.c.obj)
 .ARM.attributes
                0x000007ce       0x39 /home/sarang/SimplicityStudio_v4/developer/sdks/gecko_sdk_suite/v1.1//protocol/bluetooth_2.4/lib/EFR32BG1B/GCC/bgapi.a(gecko_bgapi_sm.c.obj)
 .ARM.attributes
                0x00000807       0x39 /home/sarang/SimplicityStudio_v4/developer/sdks/gecko_sdk_suite/v1.1//protocol/bluetooth_2.4/lib/EFR32BG1B/GCC/bgapi.a(gecko_bgapi_system.c.obj)
 .ARM.attributes
                0x00000840       0x39 /home/sarang/SimplicityStudio_v4/developer/sdks/gecko_sdk_suite/v1.1//protocol/bluetooth_2.4/lib/EFR32BG1B/GCC/bgapi.a(gecko_bgapi_endpoint.c.obj)
 .ARM.attributes
                0x00000879       0x39 /home/sarang/SimplicityStudio_v4/developer/sdks/gecko_sdk_suite/v1.1//protocol/bluetooth_2.4/lib/EFR32BG1B/GCC/bgapi.a(gecko_bgapi_le_connection.c.obj)
 .ARM.attributes
                0x000008b2       0x39 /home/sarang/SimplicityStudio_v4/developer/sdks/gecko_sdk_suite/v1.1//protocol/bluetooth_2.4/lib/EFR32BG1B/GCC/bgapi.a(bgapi_hardware.c.obj)
 .ARM.attributes
                0x000008eb       0x39 /home/sarang/SimplicityStudio_v4/developer/sdks/gecko_sdk_suite/v1.1//protocol/bluetooth_2.4/lib/EFR32BG1B/GCC/bgapi.a(bgapi_test_lib.c.obj)
 .ARM.attributes
                0x00000924       0x39 /home/sarang/SimplicityStudio_v4/developer/sdks/gecko_sdk_suite/v1.1//protocol/bluetooth_2.4/lib/EFR32BG1B/GCC/bgapi.a(bgapi_dfu.c.obj)
 .ARM.attributes
                0x0000095d       0x39 /home/sarang/SimplicityStudio_v4/developer/sdks/gecko_sdk_suite/v1.1//protocol/bluetooth_2.4/lib/EFR32BG1B/GCC/bgapi.a(bgapi_gap.c.obj)
 .ARM.attributes
                0x00000996       0x39 /home/sarang/SimplicityStudio_v4/developer/sdks/gecko_sdk_suite/v1.1//protocol/bluetooth_2.4/lib/EFR32BG1B/GCC/bgapi.a(bgapi_gatt_lib.c.obj)
 .ARM.attributes
                0x000009cf       0x39 /home/sarang/SimplicityStudio_v4/developer/sdks/gecko_sdk_suite/v1.1//protocol/bluetooth_2.4/lib/EFR32BG1B/GCC/bgapi.a(bgapi_ps.c.obj)
 .ARM.attributes
                0x00000a08       0x39 /home/sarang/SimplicityStudio_v4/developer/sdks/gecko_sdk_suite/v1.1//protocol/bluetooth_2.4/lib/EFR32BG1B/GCC/bgapi.a(bgapi_sm.c.obj)
 .ARM.attributes
                0x00000a41       0x39 /home/sarang/SimplicityStudio_v4/developer/sdks/gecko_sdk_suite/v1.1//protocol/bluetooth_2.4/lib/EFR32BG1B/GCC/bgapi.a(bgapi_system.c.obj)
 .ARM.attributes
                0x00000a7a       0x39 /home/sarang/SimplicityStudio_v4/developer/sdks/gecko_sdk_suite/v1.1//protocol/bluetooth_2.4/lib/EFR32BG1B/GCC/bgapi.a(bgapi_endpoint.c.obj)
 .ARM.attributes
                0x00000ab3       0x39 /home/sarang/SimplicityStudio_v4/developer/sdks/gecko_sdk_suite/v1.1//protocol/bluetooth_2.4/lib/EFR32BG1B/GCC/bgapi.a(bgapi_le_connection.c.obj)
 .ARM.attributes
                0x00000aec       0x39 /home/sarang/SimplicityStudio_v4/developer/sdks/gecko_sdk_suite/v1.1//protocol/bluetooth_2.4/lib/EFR32BG1B/GCC/bgapi.a(gatt_client.c.obj)
 .ARM.attributes
                0x00000b25       0x39 /home/sarang/SimplicityStudio_v4/developer/sdks/gecko_sdk_suite/v1.1//protocol/bluetooth_2.4/lib/EFR32BG1B/GCC/bgapi.a(ubt_gatt_client.c.obj)
 .ARM.attributes
                0x00000b5e       0x39 /home/sarang/SimplicityStudio_v4/developer/sdks/gecko_sdk_suite/v1.1//protocol/bluetooth_2.4/lib/EFR32BG1B/GCC/bgapi.a(att_client.c.obj)
 .ARM.attributes
                0x00000b97       0x22 /home/sarang/SimplicityStudio_v4/developer/toolchains/gnu_arm/4.9_2015q3/bin/../lib/gcc/arm-none-eabi/4.9.3/armv7e-m/fpu/libgcc.a(_arm_addsubdf3.o)
 .ARM.attributes
                0x00000bb9       0x22 /home/sarang/SimplicityStudio_v4/developer/toolchains/gnu_arm/4.9_2015q3/bin/../lib/gcc/arm-none-eabi/4.9.3/armv7e-m/fpu/libgcc.a(_arm_muldivdf3.o)
 .ARM.attributes
                0x00000bdb       0x22 /home/sarang/SimplicityStudio_v4/developer/toolchains/gnu_arm/4.9_2015q3/bin/../lib/gcc/arm-none-eabi/4.9.3/armv7e-m/fpu/libgcc.a(_arm_truncdfsf2.o)
 .ARM.attributes
                0x00000bfd       0x34 /home/sarang/SimplicityStudio_v4/developer/toolchains/gnu_arm/4.9_2015q3/bin/../lib/gcc/arm-none-eabi/4.9.3/../../../../arm-none-eabi/lib/armv7e-m/fpu/libc.a(lib_a-exit.o)
 .ARM.attributes
                0x00000c31       0x34 /home/sarang/SimplicityStudio_v4/developer/toolchains/gnu_arm/4.9_2015q3/bin/../lib/gcc/arm-none-eabi/4.9.3/../../../../arm-none-eabi/lib/armv7e-m/fpu/libc.a(lib_a-impure.o)
 .ARM.attributes
                0x00000c65       0x34 /home/sarang/SimplicityStudio_v4/developer/toolchains/gnu_arm/4.9_2015q3/bin/../lib/gcc/arm-none-eabi/4.9.3/../../../../arm-none-eabi/lib/armv7e-m/fpu/libc.a(lib_a-init.o)
 .ARM.attributes
                0x00000c99       0x34 /home/sarang/SimplicityStudio_v4/developer/toolchains/gnu_arm/4.9_2015q3/bin/../lib/gcc/arm-none-eabi/4.9.3/../../../../arm-none-eabi/lib/armv7e-m/fpu/libc.a(lib_a-memcmp.o)
 .ARM.attributes
                0x00000ccd       0x20 /home/sarang/SimplicityStudio_v4/developer/toolchains/gnu_arm/4.9_2015q3/bin/../lib/gcc/arm-none-eabi/4.9.3/../../../../arm-none-eabi/lib/armv7e-m/fpu/libc.a(lib_a-memcpy.o)
 .ARM.attributes
                0x00000ced       0x34 /home/sarang/SimplicityStudio_v4/developer/toolchains/gnu_arm/4.9_2015q3/bin/../lib/gcc/arm-none-eabi/4.9.3/../../../../arm-none-eabi/lib/armv7e-m/fpu/libc.a(lib_a-memset.o)
 .ARM.attributes
                0x00000d21       0x34 /home/sarang/SimplicityStudio_v4/developer/toolchains/gnu_arm/4.9_2015q3/bin/../lib/gcc/arm-none-eabi/4.9.3/../../../../arm-none-eabi/lib/armv7e-m/fpu/libc.a(lib_a-__call_atexit.o)
 .ARM.attributes
                0x00000d55       0x34 /home/sarang/SimplicityStudio_v4/developer/toolchains/gnu_arm/4.9_2015q3/bin/../lib/gcc/arm-none-eabi/4.9.3/../../../../arm-none-eabi/lib/armv7e-m/fpu/libc.a(lib_a-atexit.o)
 .ARM.attributes
                0x00000d89       0x34 /home/sarang/SimplicityStudio_v4/developer/toolchains/gnu_arm/4.9_2015q3/bin/../lib/gcc/arm-none-eabi/4.9.3/../../../../arm-none-eabi/lib/armv7e-m/fpu/libc.a(lib_a-fini.o)
 .ARM.attributes
                0x00000dbd       0x34 /home/sarang/SimplicityStudio_v4/developer/toolchains/gnu_arm/4.9_2015q3/bin/../lib/gcc/arm-none-eabi/4.9.3/../../../../arm-none-eabi/lib/armv7e-m/fpu/libc.a(lib_a-__atexit.o)
 .ARM.attributes
                0x00000df1       0x34 /home/sarang/SimplicityStudio_v4/developer/toolchains/gnu_arm/4.9_2015q3/bin/../lib/gcc/arm-none-eabi/4.9.3/../../../../arm-none-eabi/lib/armv7e-m/fpu/libnosys.a(_exit.o)
 .ARM.attributes
                0x00000e25       0x34 /home/sarang/SimplicityStudio_v4/developer/toolchains/gnu_arm/4.9_2015q3/bin/../lib/gcc/arm-none-eabi/4.9.3/armv7e-m/fpu/crtend.o
 .ARM.attributes
                0x00000e59       0x22 /home/sarang/SimplicityStudio_v4/developer/toolchains/gnu_arm/4.9_2015q3/bin/../lib/gcc/arm-none-eabi/4.9.3/armv7e-m/fpu/crtn.o

.comment        0x00000000       0xde
 .comment       0x00000000       0x70 ./application_properties.o
                                 0x71 (size before relaxing)
 .comment       0x00000000       0x71 ./gatt_db.o
 .comment       0x00000000       0x71 ./main.o
 .comment       0x00000000       0x71 ./bgapi/dmadrv.o
 .comment       0x00000000       0x71 ./device/EFR32_B_1_1_B/gcc/startup_efr32bg1b.o
 .comment       0x00000000       0x71 ./emlib/em_cmu.o
 .comment       0x00000000       0x71 ./emlib/em_gpio.o
 .comment       0x00000000       0x71 ./emlib/em_i2c.o
 .comment       0x00000000       0x71 ./emlib/em_letimer.o
 .comment       0x00000000       0x71 ./emlib/em_rtcc.o
 .comment       0x00000000       0x71 ./emlib/em_system.o
 .comment       0x00000000       0x71 ./emlib/em_timer.o
 .comment       0x00000000       0x71 ./emlib/em_usart.o
 .comment       0x00000000       0x71 ./kit_flashpwr/BRD4302A/mx25flash_spi.o
 .comment       0x00000000       0x71 ./src/InitDevice.o
 .comment       0x00000000       0x71 ./src/adc.o
 .comment       0x00000000       0x71 ./src/bma280.o
 .comment       0x00000000       0x71 ./src/cmu.o
 .comment       0x00000000       0x71 ./src/gpio.o
 .comment       0x00000000       0x71 ./src/i2c.o
 .comment       0x00000000       0x71 ./src/letimer.o
 .comment       0x00000000       0x71 ./src/si7201.o
 .comment       0x00000000       0x71 ./src/sleep_modes.o
 .comment       0x00000000       0x71 ./src/spi.o
 .comment       0x00000000       0x71 ./src/timer.o
 .comment       0x00000070       0x6e /home/sarang/SimplicityStudio_v4/developer/sdks/gecko_sdk_suite/v1.1//protocol/bluetooth_2.4/lib/EFR32BG1B/GCC/bgapi.a(gecko_bgapi_hardware.c.obj)
                                 0x6f (size before relaxing)
 .comment       0x00000000       0x6f /home/sarang/SimplicityStudio_v4/developer/sdks/gecko_sdk_suite/v1.1//protocol/bluetooth_2.4/lib/EFR32BG1B/GCC/bgapi.a(gecko_bgapi_test.c.obj)
 .comment       0x00000000       0x6f /home/sarang/SimplicityStudio_v4/developer/sdks/gecko_sdk_suite/v1.1//protocol/bluetooth_2.4/lib/EFR32BG1B/GCC/bgapi.a(gecko_bgapi_dfu.c.obj)
 .comment       0x00000000       0x6f /home/sarang/SimplicityStudio_v4/developer/sdks/gecko_sdk_suite/v1.1//protocol/bluetooth_2.4/lib/EFR32BG1B/GCC/bgapi.a(gecko_bgapi_gap.c.obj)
 .comment       0x00000000       0x6f /home/sarang/SimplicityStudio_v4/developer/sdks/gecko_sdk_suite/v1.1//protocol/bluetooth_2.4/lib/EFR32BG1B/GCC/bgapi.a(gecko_bgapi_gatt.c.obj)
 .comment       0x00000000       0x6f /home/sarang/SimplicityStudio_v4/developer/sdks/gecko_sdk_suite/v1.1//protocol/bluetooth_2.4/lib/EFR32BG1B/GCC/bgapi.a(gecko_bgapi_gatt_server.c.obj)
 .comment       0x00000000       0x6f /home/sarang/SimplicityStudio_v4/developer/sdks/gecko_sdk_suite/v1.1//protocol/bluetooth_2.4/lib/EFR32BG1B/GCC/bgapi.a(gecko_bgapi_flash.c.obj)
 .comment       0x00000000       0x6f /home/sarang/SimplicityStudio_v4/developer/sdks/gecko_sdk_suite/v1.1//protocol/bluetooth_2.4/lib/EFR32BG1B/GCC/bgapi.a(gecko_bgapi_sm.c.obj)
 .comment       0x00000000       0x6f /home/sarang/SimplicityStudio_v4/developer/sdks/gecko_sdk_suite/v1.1//protocol/bluetooth_2.4/lib/EFR32BG1B/GCC/bgapi.a(gecko_bgapi_system.c.obj)
 .comment       0x00000000       0x6f /home/sarang/SimplicityStudio_v4/developer/sdks/gecko_sdk_suite/v1.1//protocol/bluetooth_2.4/lib/EFR32BG1B/GCC/bgapi.a(gecko_bgapi_endpoint.c.obj)
 .comment       0x00000000       0x6f /home/sarang/SimplicityStudio_v4/developer/sdks/gecko_sdk_suite/v1.1//protocol/bluetooth_2.4/lib/EFR32BG1B/GCC/bgapi.a(gecko_bgapi_le_connection.c.obj)
 .comment       0x00000000       0x6f /home/sarang/SimplicityStudio_v4/developer/sdks/gecko_sdk_suite/v1.1//protocol/bluetooth_2.4/lib/EFR32BG1B/GCC/bgapi.a(bgapi_hardware.c.obj)
 .comment       0x00000000       0x6f /home/sarang/SimplicityStudio_v4/developer/sdks/gecko_sdk_suite/v1.1//protocol/bluetooth_2.4/lib/EFR32BG1B/GCC/bgapi.a(bgapi_test_lib.c.obj)
 .comment       0x00000000       0x6f /home/sarang/SimplicityStudio_v4/developer/sdks/gecko_sdk_suite/v1.1//protocol/bluetooth_2.4/lib/EFR32BG1B/GCC/bgapi.a(bgapi_dfu.c.obj)
 .comment       0x00000000       0x6f /home/sarang/SimplicityStudio_v4/developer/sdks/gecko_sdk_suite/v1.1//protocol/bluetooth_2.4/lib/EFR32BG1B/GCC/bgapi.a(bgapi_gap.c.obj)
 .comment       0x00000000       0x6f /home/sarang/SimplicityStudio_v4/developer/sdks/gecko_sdk_suite/v1.1//protocol/bluetooth_2.4/lib/EFR32BG1B/GCC/bgapi.a(bgapi_gatt_lib.c.obj)
 .comment       0x00000000       0x6f /home/sarang/SimplicityStudio_v4/developer/sdks/gecko_sdk_suite/v1.1//protocol/bluetooth_2.4/lib/EFR32BG1B/GCC/bgapi.a(bgapi_ps.c.obj)
 .comment       0x00000000       0x6f /home/sarang/SimplicityStudio_v4/developer/sdks/gecko_sdk_suite/v1.1//protocol/bluetooth_2.4/lib/EFR32BG1B/GCC/bgapi.a(bgapi_sm.c.obj)
 .comment       0x00000000       0x6f /home/sarang/SimplicityStudio_v4/developer/sdks/gecko_sdk_suite/v1.1//protocol/bluetooth_2.4/lib/EFR32BG1B/GCC/bgapi.a(bgapi_system.c.obj)
 .comment       0x00000000       0x6f /home/sarang/SimplicityStudio_v4/developer/sdks/gecko_sdk_suite/v1.1//protocol/bluetooth_2.4/lib/EFR32BG1B/GCC/bgapi.a(bgapi_endpoint.c.obj)
 .comment       0x00000000       0x6f /home/sarang/SimplicityStudio_v4/developer/sdks/gecko_sdk_suite/v1.1//protocol/bluetooth_2.4/lib/EFR32BG1B/GCC/bgapi.a(bgapi_le_connection.c.obj)
 .comment       0x00000000       0x6f /home/sarang/SimplicityStudio_v4/developer/sdks/gecko_sdk_suite/v1.1//protocol/bluetooth_2.4/lib/EFR32BG1B/GCC/bgapi.a(gatt_client.c.obj)
 .comment       0x00000000       0x6f /home/sarang/SimplicityStudio_v4/developer/sdks/gecko_sdk_suite/v1.1//protocol/bluetooth_2.4/lib/EFR32BG1B/GCC/bgapi.a(ubt_gatt_client.c.obj)
 .comment       0x00000000       0x6f /home/sarang/SimplicityStudio_v4/developer/sdks/gecko_sdk_suite/v1.1//protocol/bluetooth_2.4/lib/EFR32BG1B/GCC/bgapi.a(att_client.c.obj)

.debug_info     0x00000000    0x12df5
 .debug_info    0x00000000      0x168 ./application_properties.o
 .debug_info    0x00000168      0x58e ./gatt_db.o
 .debug_info    0x000006f6     0x4dff ./main.o
 .debug_info    0x000054f5     0x13f4 ./bgapi/dmadrv.o
 .debug_info    0x000068e9      0x1b4 ./device/EFR32_B_1_1_B/gcc/startup_efr32bg1b.o
 .debug_info    0x00006a9d     0x1b9c ./emlib/em_cmu.o
 .debug_info    0x00008639      0xa05 ./emlib/em_gpio.o
 .debug_info    0x0000903e      0x8d2 ./emlib/em_i2c.o
 .debug_info    0x00009910      0x54d ./emlib/em_letimer.o
 .debug_info    0x00009e5d      0x6b8 ./emlib/em_rtcc.o
 .debug_info    0x0000a515      0x276 ./emlib/em_system.o
 .debug_info    0x0000a78b      0x94f ./emlib/em_timer.o
 .debug_info    0x0000b0da      0xf55 ./emlib/em_usart.o
 .debug_info    0x0000c02f     0x15b7 ./kit_flashpwr/BRD4302A/mx25flash_spi.o
 .debug_info    0x0000d5e6     0x185d ./src/InitDevice.o
 .debug_info    0x0000ee43      0x620 ./src/adc.o
 .debug_info    0x0000f463      0x45a ./src/bma280.o
 .debug_info    0x0000f8bd      0x7e9 ./src/cmu.o
 .debug_info    0x000100a6      0x169 ./src/gpio.o
 .debug_info    0x0001020f      0x89d ./src/i2c.o
 .debug_info    0x00010aac      0xa6f ./src/letimer.o
 .debug_info    0x0001151b      0x23d ./src/si7201.o
 .debug_info    0x00011758      0x3c2 ./src/sleep_modes.o
 .debug_info    0x00011b1a      0x77c ./src/spi.o
 .debug_info    0x00012296      0xb5f ./src/timer.o

.debug_abbrev   0x00000000     0x26dd
 .debug_abbrev  0x00000000       0x97 ./application_properties.o
 .debug_abbrev  0x00000097       0xbd ./gatt_db.o
 .debug_abbrev  0x00000154      0x2f9 ./main.o
 .debug_abbrev  0x0000044d      0x25f ./bgapi/dmadrv.o
 .debug_abbrev  0x000006ac       0xdb ./device/EFR32_B_1_1_B/gcc/startup_efr32bg1b.o
 .debug_abbrev  0x00000787      0x2de ./emlib/em_cmu.o
 .debug_abbrev  0x00000a65      0x1da ./emlib/em_gpio.o
 .debug_abbrev  0x00000c3f      0x221 ./emlib/em_i2c.o
 .debug_abbrev  0x00000e60      0x1b4 ./emlib/em_letimer.o
 .debug_abbrev  0x00001014      0x177 ./emlib/em_rtcc.o
 .debug_abbrev  0x0000118b      0x109 ./emlib/em_system.o
 .debug_abbrev  0x00001294      0x174 ./emlib/em_timer.o
 .debug_abbrev  0x00001408      0x1d9 ./emlib/em_usart.o
 .debug_abbrev  0x000015e1      0x29a ./kit_flashpwr/BRD4302A/mx25flash_spi.o
 .debug_abbrev  0x0000187b      0x1dd ./src/InitDevice.o
 .debug_abbrev  0x00001a58      0x165 ./src/adc.o
 .debug_abbrev  0x00001bbd      0x140 ./src/bma280.o
 .debug_abbrev  0x00001cfd       0xf2 ./src/cmu.o
 .debug_abbrev  0x00001def       0x90 ./src/gpio.o
 .debug_abbrev  0x00001e7f      0x1f2 ./src/i2c.o
 .debug_abbrev  0x00002071      0x178 ./src/letimer.o
 .debug_abbrev  0x000021e9       0xc6 ./src/si7201.o
 .debug_abbrev  0x000022af      0x146 ./src/sleep_modes.o
 .debug_abbrev  0x000023f5      0x146 ./src/spi.o
 .debug_abbrev  0x0000253b      0x1a2 ./src/timer.o

.debug_aranges  0x00000000      0xad0
 .debug_aranges
                0x00000000       0x18 ./application_properties.o
 .debug_aranges
                0x00000018       0x18 ./gatt_db.o
 .debug_aranges
                0x00000030       0xa8 ./main.o
 .debug_aranges
                0x000000d8       0xa0 ./bgapi/dmadrv.o
 .debug_aranges
                0x00000178       0x28 ./device/EFR32_B_1_1_B/gcc/startup_efr32bg1b.o
 .debug_aranges
                0x000001a0      0x1a8 ./emlib/em_cmu.o
 .debug_aranges
                0x00000348       0x88 ./emlib/em_gpio.o
 .debug_aranges
                0x000003d0       0x70 ./emlib/em_i2c.o
 .debug_aranges
                0x00000440       0x50 ./emlib/em_letimer.o
 .debug_aranges
                0x00000490       0x50 ./emlib/em_rtcc.o
 .debug_aranges
                0x000004e0       0x28 ./emlib/em_system.o
 .debug_aranges
                0x00000508       0x58 ./emlib/em_timer.o
 .debug_aranges
                0x00000560       0xb8 ./emlib/em_usart.o
 .debug_aranges
                0x00000618      0x1c0 ./kit_flashpwr/BRD4302A/mx25flash_spi.o
 .debug_aranges
                0x000007d8       0xe8 ./src/InitDevice.o
 .debug_aranges
                0x000008c0       0x38 ./src/adc.o
 .debug_aranges
                0x000008f8       0x30 ./src/bma280.o
 .debug_aranges
                0x00000928       0x20 ./src/cmu.o
 .debug_aranges
                0x00000948       0x20 ./src/gpio.o
 .debug_aranges
                0x00000968       0x68 ./src/i2c.o
 .debug_aranges
                0x000009d0       0x28 ./src/letimer.o
 .debug_aranges
                0x000009f8       0x28 ./src/si7201.o
 .debug_aranges
                0x00000a20       0x38 ./src/sleep_modes.o
 .debug_aranges
                0x00000a58       0x30 ./src/spi.o
 .debug_aranges
                0x00000a88       0x48 ./src/timer.o

.debug_line     0x00000000     0x6a26
 .debug_line    0x00000000      0x1a1 ./application_properties.o
 .debug_line    0x000001a1      0x19d ./gatt_db.o
 .debug_line    0x0000033e      0x866 ./main.o
 .debug_line    0x00000ba4      0x5ae ./bgapi/dmadrv.o
 .debug_line    0x00001152      0x16a ./device/EFR32_B_1_1_B/gcc/startup_efr32bg1b.o
 .debug_line    0x000012bc      0xb1d ./emlib/em_cmu.o
 .debug_line    0x00001dd9      0x4cd ./emlib/em_gpio.o
 .debug_line    0x000022a6      0x461 ./emlib/em_i2c.o
 .debug_line    0x00002707      0x3ce ./emlib/em_letimer.o
 .debug_line    0x00002ad5      0x388 ./emlib/em_rtcc.o
 .debug_line    0x00002e5d      0x2bc ./emlib/em_system.o
 .debug_line    0x00003119      0x565 ./emlib/em_timer.o
 .debug_line    0x0000367e      0x588 ./emlib/em_usart.o
 .debug_line    0x00003c06      0xa79 ./kit_flashpwr/BRD4302A/mx25flash_spi.o
 .debug_line    0x0000467f      0x59e ./src/InitDevice.o
 .debug_line    0x00004c1d      0x33d ./src/adc.o
 .debug_line    0x00004f5a      0x2c5 ./src/bma280.o
 .debug_line    0x0000521f      0x2e9 ./src/cmu.o
 .debug_line    0x00005508      0x20a ./src/gpio.o
 .debug_line    0x00005712      0x44c ./src/i2c.o
 .debug_line    0x00005b5e      0x33c ./src/letimer.o
 .debug_line    0x00005e9a      0x266 ./src/si7201.o
 .debug_line    0x00006100      0x2cf ./src/sleep_modes.o
 .debug_line    0x000063cf      0x319 ./src/spi.o
 .debug_line    0x000066e8      0x33e ./src/timer.o

.debug_str      0x00000000     0xa2d6
 .debug_str     0x00000000      0x258 ./application_properties.o
                                0x2af (size before relaxing)
 .debug_str     0x00000258      0x564 ./gatt_db.o
                                0x75f (size before relaxing)
 .debug_str     0x000007bc     0x4f35 ./main.o
                               0x5505 (size before relaxing)
 .debug_str     0x000056f1      0xe37 ./bgapi/dmadrv.o
                               0x10be (size before relaxing)
 .debug_str     0x00006528       0x90 ./device/EFR32_B_1_1_B/gcc/startup_efr32bg1b.o
                                0x295 (size before relaxing)
 .debug_str     0x000065b8      0xee3 ./emlib/em_cmu.o
                               0x13dc (size before relaxing)
 .debug_str     0x0000749b      0x443 ./emlib/em_gpio.o
                                0x82d (size before relaxing)
 .debug_str     0x000078de      0x310 ./emlib/em_i2c.o
                                0x7e5 (size before relaxing)
 .debug_str     0x00007bee      0x1b3 ./emlib/em_letimer.o
                                0x474 (size before relaxing)
 .debug_str     0x00007da1      0x57a ./emlib/em_rtcc.o
                                0x7f5 (size before relaxing)
 .debug_str     0x0000831b       0xd6 ./emlib/em_system.o
                                0x2fa (size before relaxing)
 .debug_str     0x000083f1      0x6be ./emlib/em_timer.o
                                0x9d0 (size before relaxing)
 .debug_str     0x00008aaf      0x8ec ./emlib/em_usart.o
                                0xdfb (size before relaxing)
 .debug_str     0x0000939b      0x3e6 ./kit_flashpwr/BRD4302A/mx25flash_spi.o
                                0xe96 (size before relaxing)
 .debug_str     0x00009781      0x679 ./src/InitDevice.o
                               0x162b (size before relaxing)
 .debug_str     0x00009dfa      0x226 ./src/adc.o
                                0x5cd (size before relaxing)
 .debug_str     0x0000a020       0x28 ./src/bma280.o
                                0x653 (size before relaxing)
 .debug_str     0x0000a048       0x16 ./src/cmu.o
                                0x9a2 (size before relaxing)
 .debug_str     0x0000a05e       0x18 ./src/gpio.o
                                0x428 (size before relaxing)
 .debug_str     0x0000a076       0x6d ./src/i2c.o
                                0x844 (size before relaxing)
 .debug_str     0x0000a0e3       0x4f ./src/letimer.o
                                0x939 (size before relaxing)
 .debug_str     0x0000a132       0x30 ./src/si7201.o
                                0x2c6 (size before relaxing)
 .debug_str     0x0000a162       0x99 ./src/sleep_modes.o
                                0x307 (size before relaxing)
 .debug_str     0x0000a1fb       0x78 ./src/spi.o
                                0x9f8 (size before relaxing)
 .debug_str     0x0000a273       0x63 ./src/timer.o
                                0xa99 (size before relaxing)

.debug_loc      0x00000000     0x53bc
 .debug_loc     0x00000000      0x558 ./main.o
 .debug_loc     0x00000558      0x568 ./bgapi/dmadrv.o
 .debug_loc     0x00000ac0       0x64 ./device/EFR32_B_1_1_B/gcc/startup_efr32bg1b.o
 .debug_loc     0x00000b24     0x1000 ./emlib/em_cmu.o
 .debug_loc     0x00001b24      0x4b4 ./emlib/em_gpio.o
 .debug_loc     0x00001fd8      0x3ac ./emlib/em_i2c.o
 .debug_loc     0x00002384      0x278 ./emlib/em_letimer.o
 .debug_loc     0x000025fc      0x23c ./emlib/em_rtcc.o
 .debug_loc     0x00002838       0xb8 ./emlib/em_system.o
 .debug_loc     0x000028f0      0x2b0 ./emlib/em_timer.o
 .debug_loc     0x00002ba0      0x6d2 ./emlib/em_usart.o
 .debug_loc     0x00003272      0xeec ./kit_flashpwr/BRD4302A/mx25flash_spi.o
 .debug_loc     0x0000415e      0x71a ./src/InitDevice.o
 .debug_loc     0x00004878      0x140 ./src/adc.o
 .debug_loc     0x000049b8       0xf0 ./src/bma280.o
 .debug_loc     0x00004aa8       0x2c ./src/cmu.o
 .debug_loc     0x00004ad4       0x2c ./src/gpio.o
 .debug_loc     0x00004b00      0x32c ./src/i2c.o
 .debug_loc     0x00004e2c       0xac ./src/letimer.o
 .debug_loc     0x00004ed8       0xa0 ./src/si7201.o
 .debug_loc     0x00004f78      0x128 ./src/sleep_modes.o
 .debug_loc     0x000050a0      0x10a ./src/spi.o
 .debug_loc     0x000051aa      0x212 ./src/timer.o

.debug_ranges   0x00000000      0x930
 .debug_ranges  0x00000000       0x98 ./main.o
 .debug_ranges  0x00000098       0x90 ./bgapi/dmadrv.o
 .debug_ranges  0x00000128       0x18 ./device/EFR32_B_1_1_B/gcc/startup_efr32bg1b.o
 .debug_ranges  0x00000140      0x198 ./emlib/em_cmu.o
 .debug_ranges  0x000002d8       0x78 ./emlib/em_gpio.o
 .debug_ranges  0x00000350       0x60 ./emlib/em_i2c.o
 .debug_ranges  0x000003b0       0x40 ./emlib/em_letimer.o
 .debug_ranges  0x000003f0       0x40 ./emlib/em_rtcc.o
 .debug_ranges  0x00000430       0x18 ./emlib/em_system.o
 .debug_ranges  0x00000448       0x48 ./emlib/em_timer.o
 .debug_ranges  0x00000490       0xa8 ./emlib/em_usart.o
 .debug_ranges  0x00000538      0x1b0 ./kit_flashpwr/BRD4302A/mx25flash_spi.o
 .debug_ranges  0x000006e8       0xd8 ./src/InitDevice.o
 .debug_ranges  0x000007c0       0x28 ./src/adc.o
 .debug_ranges  0x000007e8       0x20 ./src/bma280.o
 .debug_ranges  0x00000808       0x10 ./src/cmu.o
 .debug_ranges  0x00000818       0x10 ./src/gpio.o
 .debug_ranges  0x00000828       0x58 ./src/i2c.o
 .debug_ranges  0x00000880       0x18 ./src/letimer.o
 .debug_ranges  0x00000898       0x18 ./src/si7201.o
 .debug_ranges  0x000008b0       0x28 ./src/sleep_modes.o
 .debug_ranges  0x000008d8       0x20 ./src/spi.o
 .debug_ranges  0x000008f8       0x38 ./src/timer.o

.debug_frame    0x00000000     0x29ac
 .debug_frame   0x00000000      0x29c ./main.o
 .debug_frame   0x0000029c      0x280 ./bgapi/dmadrv.o
 .debug_frame   0x0000051c       0x48 ./device/EFR32_B_1_1_B/gcc/startup_efr32bg1b.o
 .debug_frame   0x00000564      0x74c ./emlib/em_cmu.o
 .debug_frame   0x00000cb0      0x224 ./emlib/em_gpio.o
 .debug_frame   0x00000ed4      0x1b0 ./emlib/em_i2c.o
 .debug_frame   0x00001084      0x124 ./emlib/em_letimer.o
 .debug_frame   0x000011a8      0x110 ./emlib/em_rtcc.o
 .debug_frame   0x000012b8       0x60 ./emlib/em_system.o
 .debug_frame   0x00001318      0x140 ./emlib/em_timer.o
 .debug_frame   0x00001458      0x310 ./emlib/em_usart.o
 .debug_frame   0x00001768      0x74c ./kit_flashpwr/BRD4302A/mx25flash_spi.o
 .debug_frame   0x00001eb4      0x370 ./src/InitDevice.o
 .debug_frame   0x00002224       0xa4 ./src/adc.o
 .debug_frame   0x000022c8       0x84 ./src/bma280.o
 .debug_frame   0x0000234c       0x2c ./src/cmu.o
 .debug_frame   0x00002378       0x2c ./src/gpio.o
 .debug_frame   0x000023a4      0x184 ./src/i2c.o
 .debug_frame   0x00002528       0x5c ./src/letimer.o
 .debug_frame   0x00002584       0x58 ./src/si7201.o
 .debug_frame   0x000025dc       0x9c ./src/sleep_modes.o
 .debug_frame   0x00002678       0x84 ./src/spi.o
 .debug_frame   0x000026fc       0xf8 ./src/timer.o
 .debug_frame   0x000027f4       0x28 /home/sarang/SimplicityStudio_v4/developer/toolchains/gnu_arm/4.9_2015q3/bin/../lib/gcc/arm-none-eabi/4.9.3/../../../../arm-none-eabi/lib/armv7e-m/fpu/libc.a(lib_a-exit.o)
 .debug_frame   0x0000281c       0x2c /home/sarang/SimplicityStudio_v4/developer/toolchains/gnu_arm/4.9_2015q3/bin/../lib/gcc/arm-none-eabi/4.9.3/../../../../arm-none-eabi/lib/armv7e-m/fpu/libc.a(lib_a-init.o)
 .debug_frame   0x00002848       0x38 /home/sarang/SimplicityStudio_v4/developer/toolchains/gnu_arm/4.9_2015q3/bin/../lib/gcc/arm-none-eabi/4.9.3/../../../../arm-none-eabi/lib/armv7e-m/fpu/libc.a(lib_a-memcmp.o)
 .debug_frame   0x00002880       0x34 /home/sarang/SimplicityStudio_v4/developer/toolchains/gnu_arm/4.9_2015q3/bin/../lib/gcc/arm-none-eabi/4.9.3/../../../../arm-none-eabi/lib/armv7e-m/fpu/libc.a(lib_a-memset.o)
 .debug_frame   0x000028b4       0x50 /home/sarang/SimplicityStudio_v4/developer/toolchains/gnu_arm/4.9_2015q3/bin/../lib/gcc/arm-none-eabi/4.9.3/../../../../arm-none-eabi/lib/armv7e-m/fpu/libc.a(lib_a-__call_atexit.o)
 .debug_frame   0x00002904       0x20 /home/sarang/SimplicityStudio_v4/developer/toolchains/gnu_arm/4.9_2015q3/bin/../lib/gcc/arm-none-eabi/4.9.3/../../../../arm-none-eabi/lib/armv7e-m/fpu/libc.a(lib_a-atexit.o)
 .debug_frame   0x00002924       0x34 /home/sarang/SimplicityStudio_v4/developer/toolchains/gnu_arm/4.9_2015q3/bin/../lib/gcc/arm-none-eabi/4.9.3/../../../../arm-none-eabi/lib/armv7e-m/fpu/libc.a(lib_a-fini.o)
 .debug_frame   0x00002958       0x34 /home/sarang/SimplicityStudio_v4/developer/toolchains/gnu_arm/4.9_2015q3/bin/../lib/gcc/arm-none-eabi/4.9.3/../../../../arm-none-eabi/lib/armv7e-m/fpu/libc.a(lib_a-__atexit.o)
 .debug_frame   0x0000298c       0x20 /home/sarang/SimplicityStudio_v4/developer/toolchains/gnu_arm/4.9_2015q3/bin/../lib/gcc/arm-none-eabi/4.9.3/../../../../arm-none-eabi/lib/armv7e-m/fpu/libnosys.a(_exit.o)