Archive member included because of file (symbol)

/home/sarang/SimplicityStudio_v4/developer/sdks/gecko_sdk_suite/v1.1//protocol/bluetooth_2.4/lib/EFR32BG1B/GCC/bgapi.a(gecko_bgapi_hardware.c.obj)
                              ./main.o (gecko_bgapi_class_hardware_init)
/home/sarang/SimplicityStudio_v4/developer/sdks/gecko_sdk_suite/v1.1//protocol/bluetooth_2.4/lib/EFR32BG1B/GCC/bgapi.a(gecko_bgapi_test.c.obj)
                              ./main.o (gecko_bgapi_class_test_init)
/home/sarang/SimplicityStudio_v4/developer/sdks/gecko_sdk_suite/v1.1//protocol/bluetooth_2.4/lib/EFR32BG1B/GCC/bgapi.a(gecko_bgapi_dfu.c.obj)
                              ./main.o (gecko_bgapi_class_dfu_init)
/home/sarang/SimplicityStudio_v4/developer/sdks/gecko_sdk_suite/v1.1//protocol/bluetooth_2.4/lib/EFR32BG1B/GCC/bgapi.a(gecko_bgapi_gap.c.obj)
                              ./main.o (gecko_bgapi_class_le_gap_init)
/home/sarang/SimplicityStudio_v4/developer/sdks/gecko_sdk_suite/v1.1//protocol/bluetooth_2.4/lib/EFR32BG1B/GCC/bgapi.a(gecko_bgapi_gatt.c.obj)
                              ./main.o (gecko_bgapi_class_gatt_init)
/home/sarang/SimplicityStudio_v4/developer/sdks/gecko_sdk_suite/v1.1//protocol/bluetooth_2.4/lib/EFR32BG1B/GCC/bgapi.a(gecko_bgapi_gatt_server.c.obj)
                              ./main.o (gecko_bgapi_class_gatt_server_init)
/home/sarang/SimplicityStudio_v4/developer/sdks/gecko_sdk_suite/v1.1//protocol/bluetooth_2.4/lib/EFR32BG1B/GCC/bgapi.a(gecko_bgapi_flash.c.obj)
                              ./main.o (gecko_bgapi_class_flash_init)
/home/sarang/SimplicityStudio_v4/developer/sdks/gecko_sdk_suite/v1.1//protocol/bluetooth_2.4/lib/EFR32BG1B/GCC/bgapi.a(gecko_bgapi_sm.c.obj)
                              ./main.o (gecko_bgapi_class_sm_init)
/home/sarang/SimplicityStudio_v4/developer/sdks/gecko_sdk_suite/v1.1//protocol/bluetooth_2.4/lib/EFR32BG1B/GCC/bgapi.a(gecko_bgapi_system.c.obj)
                              ./main.o (gecko_bgapi_class_system_init)
/home/sarang/SimplicityStudio_v4/developer/sdks/gecko_sdk_suite/v1.1//protocol/bluetooth_2.4/lib/EFR32BG1B/GCC/bgapi.a(gecko_bgapi_endpoint.c.obj)
                              ./main.o (gecko_bgapi_class_endpoint_init)
/home/sarang/SimplicityStudio_v4/developer/sdks/gecko_sdk_suite/v1.1//protocol/bluetooth_2.4/lib/EFR32BG1B/GCC/bgapi.a(gecko_bgapi_le_connection.c.obj)
                              ./main.o (gecko_bgapi_class_le_connection_init)
/home/sarang/SimplicityStudio_v4/developer/sdks/gecko_sdk_suite/v1.1//protocol/bluetooth_2.4/lib/EFR32BG1B/GCC/bgapi.a(bgapi_hardware.c.obj)
                              /home/sarang/SimplicityStudio_v4/developer/sdks/gecko_sdk_suite/v1.1//protocol/bluetooth_2.4/lib/EFR32BG1B/GCC/bgapi.a(gecko_bgapi_hardware.c.obj) (lib_hardware_handler_init)
/home/sarang/SimplicityStudio_v4/developer/sdks/gecko_sdk_suite/v1.1//protocol/bluetooth_2.4/lib/EFR32BG1B/GCC/bgapi.a(bgapi_test_lib.c.obj)
                              /home/sarang/SimplicityStudio_v4/developer/sdks/gecko_sdk_suite/v1.1//protocol/bluetooth_2.4/lib/EFR32BG1B/GCC/bgapi.a(gecko_bgapi_test.c.obj) (lib_test_handler_init)
/home/sarang/SimplicityStudio_v4/developer/sdks/gecko_sdk_suite/v1.1//protocol/bluetooth_2.4/lib/EFR32BG1B/GCC/bgapi.a(bgapi_dfu.c.obj)
                              /home/sarang/SimplicityStudio_v4/developer/sdks/gecko_sdk_suite/v1.1//protocol/bluetooth_2.4/lib/EFR32BG1B/GCC/bgapi.a(gecko_bgapi_dfu.c.obj) (lib_dfu_handler_init)
/home/sarang/SimplicityStudio_v4/developer/sdks/gecko_sdk_suite/v1.1//protocol/bluetooth_2.4/lib/EFR32BG1B/GCC/bgapi.a(bgapi_gap.c.obj)
                              /home/sarang/SimplicityStudio_v4/developer/sdks/gecko_sdk_suite/v1.1//protocol/bluetooth_2.4/lib/EFR32BG1B/GCC/bgapi.a(gecko_bgapi_gap.c.obj) (lib_le_gap_handler_init)
/home/sarang/SimplicityStudio_v4/developer/sdks/gecko_sdk_suite/v1.1//protocol/bluetooth_2.4/lib/EFR32BG1B/GCC/bgapi.a(bgapi_gatt_lib.c.obj)
                              /home/sarang/SimplicityStudio_v4/developer/sdks/gecko_sdk_suite/v1.1//protocol/bluetooth_2.4/lib/EFR32BG1B/GCC/bgapi.a(gecko_bgapi_gatt.c.obj) (lib_gatt_handler_init)
/home/sarang/SimplicityStudio_v4/developer/sdks/gecko_sdk_suite/v1.1//protocol/bluetooth_2.4/lib/EFR32BG1B/GCC/bgapi.a(bgapi_ps.c.obj)
                              /home/sarang/SimplicityStudio_v4/developer/sdks/gecko_sdk_suite/v1.1//protocol/bluetooth_2.4/lib/EFR32BG1B/GCC/bgapi.a(gecko_bgapi_flash.c.obj) (lib_flash_handler_init)
/home/sarang/SimplicityStudio_v4/developer/sdks/gecko_sdk_suite/v1.1//protocol/bluetooth_2.4/lib/EFR32BG1B/GCC/bgapi.a(bgapi_sm.c.obj)
                              /home/sarang/SimplicityStudio_v4/developer/sdks/gecko_sdk_suite/v1.1//protocol/bluetooth_2.4/lib/EFR32BG1B/GCC/bgapi.a(gecko_bgapi_sm.c.obj) (lib_sm_handler_init)
/home/sarang/SimplicityStudio_v4/developer/sdks/gecko_sdk_suite/v1.1//protocol/bluetooth_2.4/lib/EFR32BG1B/GCC/bgapi.a(bgapi_system.c.obj)
[...]
Memory Configuration

Name             Origin             Length             Attributes
FLASH_BOOTLOADER 0x00000000         0x00004000         xr
FLASH            0x00004000         0x0003b000         xr
RAM              0x20003000         0x00004bfc         xrw
*default*        0x00000000         0xffffffff

Linker script and memory map

LOAD /home/sarang/SimplicityStudio_v4/developer/toolchains/gnu_arm/4.9_2015q3/bin/../lib/gcc/arm-none-eabi/4.9.3/armv7e-m/fpu/crti.o
LOAD /home/sarang/SimplicityStudio_v4/developer/toolchains/gnu_arm/4.9_2015q3/bin/../lib/gcc/arm-none-eabi/4.9.3/armv7e-m/fpu/crtbegin.o
LOAD /home/sarang/SimplicityStudio_v4/developer/toolchains/gnu_arm/4.9_2015q3/bin/../lib/gcc/arm-none-eabi/4.9.3/../../../../arm-none-eabi/lib/armv7e-m/fpu/crt0.o
LOAD ./application_properties.o
LOAD ./gatt_db.o
LOAD ./main.o
LOAD ./bgapi/dmadrv.o
LOAD ./bgapi/em_adc.o
LOAD ./bgapi/em_ldma.o
LOAD ./bgapi/em_leuart.o
LOAD ./device/EFR32_B_1_1_B/gcc/startup_efr32bg1b.o
LOAD ./emlib/em_acmp.o
LOAD ./emlib/em_aes.o
LOAD ./emlib/em_assert.o
LOAD ./emlib/em_burtc.o
LOAD ./emlib/em_can.o
LOAD ./emlib/em_cmu.o
LOAD ./emlib/em_cryotimer.o
LOAD ./emlib/em_crypto.o
LOAD ./emlib/em_csen.o
LOAD ./emlib/em_dac.o
LOAD ./emlib/em_dbg.o
LOAD ./emlib/em_dma.o
LOAD ./emlib/em_ebi.o
LOAD ./emlib/em_gpcrc.o
LOAD ./emlib/em_gpio.o
LOAD ./emlib/em_i2c.o
LOAD ./emlib/em_idac.o
LOAD ./emlib/em_int.o
LOAD ./emlib/em_lcd.o
LOAD ./emlib/em_lesense.o
LOAD ./emlib/em_letimer.o
LOAD ./emlib/em_mpu.o
LOAD ./emlib/em_msc.o
LOAD ./emlib/em_opamp.o
LOAD ./emlib/em_pcnt.o
LOAD ./emlib/em_prs.o
LOAD ./emlib/em_qspi.o
LOAD ./emlib/em_rmu.o
LOAD ./emlib/em_rtc.o
LOAD ./emlib/em_rtcc.o
LOAD ./emlib/em_system.o
LOAD ./emlib/em_timer.o
LOAD ./emlib/em_usart.o
LOAD ./emlib/em_vcmp.o
LOAD ./emlib/em_vdac.o
LOAD ./emlib/em_wdog.o
LOAD ./kit_flashpwr/BRD4302A/mx25flash_spi.o
LOAD ./src/InitDevice.o
LOAD ./src/adc.o
LOAD ./src/bma280.o
LOAD ./src/cmu.o
LOAD ./src/gpio.o
LOAD ./src/i2c.o
LOAD ./src/letimer.o
LOAD ./src/si7201.o
LOAD ./src/sleep_modes.o
LOAD ./src/spi.o
LOAD ./src/timer.o
LOAD /home/sarang/SimplicityStudio_v4/developer/sdks/gecko_sdk_suite/v1.1//protocol/bluetooth_2.4/lib/EFR32BG1B/EABI/stack.a
LOAD /home/sarang/SimplicityStudio_v4/developer/sdks/gecko_sdk_suite/v1.1//protocol/bluetooth_2.4/lib/EFR32BG1B/EABI/binstack.o
LOAD /home/sarang/SimplicityStudio_v4/developer/sdks/gecko_sdk_suite/v1.1//protocol/bluetooth_2.4/lib/EFR32BG1B/EABI/binbootloader.o
LOAD /home/sarang/SimplicityStudio_v4/developer/sdks/gecko_sdk_suite/v1.1//protocol/bluetooth_2.4/lib/EFR32BG1B/GCC/bgapi.a
LOAD /home/sarang/SimplicityStudio_v4/developer/toolchains/gnu_arm/4.9_2015q3/bin/../lib/gcc/arm-none-eabi/4.9.3/../../../../arm-none-eabi/lib/armv7e-m/fpu/libm.a
START GROUP
LOAD /home/sarang/SimplicityStudio_v4/developer/toolchains/gnu_arm/4.9_2015q3/bin/../lib/gcc/arm-none-eabi/4.9.3/armv7e-m/fpu/libgcc.a
LOAD /home/sarang/SimplicityStudio_v4/developer/toolchains/gnu_arm/4.9_2015q3/bin/../lib/gcc/arm-none-eabi/4.9.3/../../../../arm-none-eabi/lib/armv7e-m/fpu/libc.a
LOAD /home/sarang/SimplicityStudio_v4/developer/toolchains/gnu_arm/4.9_2015q3/bin/../lib/gcc/arm-none-eabi/4.9.3/../../../../arm-none-eabi/lib/armv7e-m/fpu/libnosys.a
END GROUP
START GROUP
LOAD /home/sarang/SimplicityStudio_v4/developer/toolchains/gnu_arm/4.9_2015q3/bin/../lib/gcc/arm-none-eabi/4.9.3/armv7e-m/fpu/libgcc.a
LOAD /home/sarang/SimplicityStudio_v4/developer/toolchains/gnu_arm/4.9_2015q3/bin/../lib/gcc/arm-none-eabi/4.9.3/../../../../arm-none-eabi/lib/armv7e-m/fpu/libg.a
LOAD /home/sarang/SimplicityStudio_v4/developer/toolchains/gnu_arm/4.9_2015q3/bin/../lib/gcc/arm-none-eabi/4.9.3/../../../../arm-none-eabi/lib/armv7e-m/fpu/libc.a
END GROUP
LOAD /home/sarang/SimplicityStudio_v4/developer/toolchains/gnu_arm/4.9_2015q3/bin/../lib/gcc/arm-none-eabi/4.9.3/armv7e-m/fpu/crtend.o
LOAD /home/sarang/SimplicityStudio_v4/developer/toolchains/gnu_arm/4.9_2015q3/bin/../lib/gcc/arm-none-eabi/4.9.3/armv7e-m/fpu/crtn.o

.text_bootloader
                0x00000000     0x4000
 *(.binbootloader*)
 .binbootloader
                0x00000000      0x31c /home/sarang/SimplicityStudio_v4/developer/sdks/gecko_sdk_suite/v1.1//protocol/bluetooth_2.4/lib/EFR32BG1B/EABI/binbootloader.o
                0x00004000                . = ALIGN (0x4000)
 *fill*         0x0000031c     0x3ce4 

.text_stack_bin
                0x00004000    0x1cee3
 *(.binstack*)
 .binstack      0x00004000    0x1cee3 /home/sarang/SimplicityStudio_v4/developer/sdks/gecko_sdk_suite/v1.1//protocol/bluetooth_2.4/lib/EFR32BG1B/EABI/binstack.o

.text_signature
                0x00020ee3      0x11d
                0x00020f23                . = (. + 0x40)
 *fill*         0x00020ee3       0x40 
                0x00021000                . = ALIGN (0x800)
 *fill*         0x00020f23       0xdd 
                0x00021000                __text_start__ = .

.text_app       0x00021000     0x7bfc
 *(.AAT)
 .AAT           0x00021000       0x80 ./main.o
                0x00021000                AppAddressTable
 *(.vectors)
 .vectors       0x00021080       0xc8 ./device/EFR32_B_1_1_B/gcc/startup_efr32bg1b.o
                0x00021080                __Vectors
                0x00021148                __Vectors_End = .
                0x000000c8                __Vectors_Size = (__Vectors_End - __Vectors)
                0x00021148                __end__ = .
 *(.gecko_configuration)
 *(.xo_configuration)
 *(.gatt_header)
 .gatt_header   0x00021148       0x34 ./gatt_db.o
                0x00021148                bg_gattdb_data
 *(.gatt_data)
 .gatt_data     0x0002117c      0x1d5 ./gatt_db.o
                0x0002117c                bg_gattdb_data_uuidtable_16_map
                0x00021198                bg_gattdb_data_uuidtable_128_map
                0x000211b8                bg_gattdb_data_attribute_field_18
                0x000211c0                bg_gattdb_data_attribute_field_17
                0x000211d8                bg_gattdb_data_attribute_field_16
                0x000211ec                bg_gattdb_data_attribute_field_15
                0x000211f4                bg_gattdb_data_attribute_field_14
                0x000211fc                bg_gattdb_data_attribute_field_13
                0x00021208                bg_gattdb_data_attribute_field_12
                0x00021210                bg_gattdb_data_attribute_field_11
                0x00021220                bg_gattdb_data_attribute_field_10
                0x00021228                bg_gattdb_data_attribute_field_9
                0x0002122c                bg_gattdb_data_attribute_field_8
                0x00021230                bg_gattdb_data_attribute_field_7
                0x00021238                bg_gattdb_data_attribute_field_6
                0x00021240                bg_gattdb_data_attribute_field_5
                0x00021248                bg_gattdb_data_attribute_field_4
                0x0002124c                bg_gattdb_data_attribute_field_2
                0x00021254                bg_gattdb_data_attribute_field_1
                0x0002125c                bg_gattdb_data_attribute_field_0
                0x00021260                bg_gattdb_data_attributes_map
                0x00021344                bg_gattdb_data_attributes_dynamic_mapping_map
                0x0002134c                bg_gattdb_data_adv_uuid16_map
                0x00021350                bg_gattdb_data_adv_uuid128_map
 *(.application_properties)
 *fill*         0x00021351        0x3 
 .application_properties
                0x00021354       0x38 ./application_properties.o
                0x00021354                applicationProperties
 *(.text*)
 .text          0x0002138c       0x5c /home/sarang/SimplicityStudio_v4/developer/toolchains/gnu_arm/4.9_2015q3/bin/../lib/gcc/arm-none-eabi/4.9.3/armv7e-m/fpu/crtbegin.o
 .text          0x000213e8       0x74 /home/sarang/SimplicityStudio_v4/developer/toolchains/gnu_arm/4.9_2015q3/bin/../lib/gcc/arm-none-eabi/4.9.3/../../../../arm-none-eabi/lib/armv7e-m/fpu/crt0.o
                0x000213e8                _mainCRTStartup
                0x000213e8                _start
 .text.gecko_init
                0x0002145c       0x40 ./main.o
 .text.BUS_RegMaskedSet
                0x0002149c       0x24 ./main.o
 .text.BUS_RegMaskedClear
                0x000214c0       0x24 ./main.o
 .text.GPIO_PinOutClear
                0x000214e4       0x58 ./main.o
 .text.GPIO_PinOutSet
                0x0002153c       0x58 ./main.o
 .text.LETIMER_IntClear
                0x00021594       0x1c ./main.o
 .text.LETIMER_IntGet
                0x000215b0       0x18 ./main.o
 .text.ADC_IntClear
                0x000215c8       0x1c ./main.o
 .text.ADC_IntGet
                0x000215e4       0x18 ./main.o
 .text.TIMER_Valid
                0x000215fc       0x38 ./main.o
 .text.TIMER_Enable
                0x00021634       0x2c ./main.o
 .text.TIMER_IntClear
                0x00021660       0x1c ./main.o
 .text.main     0x0002167c       0x88 ./main.o
                0x0002167c                main
 .text.bma_wakeup
                0x00021704       0x1c ./main.o
                0x00021704                bma_wakeup
 .text.ADC0_IRQHandler
                0x00021720      0x130 ./main.o
                0x00021720                ADC0_IRQHandler
 .text.GPIO_ODD_IRQHandler
                0x00021850      0x148 ./main.o
                0x00021850                GPIO_ODD_IRQHandler
 .text.TIMER0_IRQHandler
                0x00021998       0x2c ./main.o
                0x00021998                TIMER0_IRQHandler
 .text.LETIMER0_IRQHandler
                0x000219c4       0x90 ./main.o
                0x000219c4                LETIMER0_IRQHandler
 .text.LDMA_IRQHandler
                0x00021a54       0xe0 ./bgapi/dmadrv.o
                0x00021a54                LDMA_IRQHandler
 .text.Reset_Handler
                0x00021b34       0x38 ./device/EFR32_B_1_1_B/gcc/startup_efr32bg1b.o
                0x00021b34                Reset_Handler
 .text.Default_Handler
                0x00021b6c        0x8 ./device/EFR32_B_1_1_B/gcc/startup_efr32bg1b.o
                0x00021b6c                DebugMon_Handler
                0x00021b6c                USART0_TX_IRQHandler
                0x00021b6c                I2C0_IRQHandler
                0x00021b6c                HardFault_Handler
                0x00021b6c                SysTick_Handler
                0x00021b6c                USART1_RX_IRQHandler
                0x00021b6c                PendSV_Handler
                0x00021b6c                NMI_Handler
                0x00021b6c                SYNTH_IRQHandler
                0x00021b6c                WDOG0_IRQHandler
                0x00021b6c                USART1_TX_IRQHandler
                0x00021b6c                MSC_IRQHandler
                0x00021b6c                UsageFault_Handler
                0x00021b6c                LEUART0_IRQHandler
                0x00021b6c                FPUEH_IRQHandler
                0x00021b6c                GPIO_EVEN_IRQHandler
                0x00021b6c                TIMER1_IRQHandler
                0x00021b6c                RFSENSE_IRQHandler
                0x00021b6c                BUFC_IRQHandler
                0x00021b6c                MODEM_IRQHandler
                0x00021b6c                Default_Handler
                0x00021b6c                RAC_SEQ_IRQHandler
                0x00021b6c                FRC_PRI_IRQHandler
                0x00021b6c                FRC_IRQHandler
                0x00021b6c                CRYOTIMER_IRQHandler
                0x00021b6c                PCNT0_IRQHandler
                0x00021b6c                AGC_IRQHandler
                0x00021b6c                ACMP0_IRQHandler
                0x00021b6c                USART0_RX_IRQHandler
                0x00021b6c                MemManage_Handler
                0x00021b6c                SVC_Handler
                0x00021b6c                RTCC_IRQHandler
                0x00021b6c                CRYPTO_IRQHandler
                0x00021b6c                CMU_IRQHandler
                0x00021b6c                RAC_RSM_IRQHandler
                0x00021b6c                PROTIMER_IRQHandler
                0x00021b6c                BusFault_Handler
                0x00021b6c                IDAC0_IRQHandler
 .text.BUS_RegBitWrite
                0x00021b74       0x2c ./emlib/em_cmu.o
 .text.BUS_RegBitRead
                0x00021ba0       0x2c ./emlib/em_cmu.o
 .text.BUS_RegMaskedSet
                0x00021bcc       0x24 ./emlib/em_cmu.o
 .text.BUS_RegMaskedClear
                0x00021bf0       0x24 ./emlib/em_cmu.o
 .text.BUS_RegMaskedWrite
                0x00021c14       0x24 ./emlib/em_cmu.o
 .text.CMU_Log2ToDiv
                0x00021c38       0x1c ./emlib/em_cmu.o
 .text.setHfLeConfig
                0x00021c54       0x64 ./emlib/em_cmu.o
 .text.auxClkGet
                0x00021cb8       0x20 ./emlib/em_cmu.o
 .text.hfSrcClkGet
                0x00021cd8       0x2c ./emlib/em_cmu.o
 .text.dbgClkGet
                0x00021d04       0x3c ./emlib/em_cmu.o
 .text.adcAsyncClkGet
                0x00021d40       0x80 ./emlib/em_cmu.o
 .text.flashWaitStateControl
                0x00021dc0       0x7c ./emlib/em_cmu.o
 .text.flashWaitStateMax
                0x00021e3c       0x14 ./emlib/em_cmu.o
 .text.CMU_UpdateWaitStates
                0x00021e50       0x18 ./emlib/em_cmu.o
                0x00021e50                CMU_UpdateWaitStates
 .text.getRegIshUpperVal
                0x00021e68       0x38 ./emlib/em_cmu.o
 .text.getHfxoTuningMode
                0x00021ea0       0x1c ./emlib/em_cmu.o
 .text.setHfxoTuningMode
                0x00021ebc       0x28 ./emlib/em_cmu.o
 .text.lfClkGet
                0x00021ee4       0xe8 ./emlib/em_cmu.o
 .text.syncReg  0x00021fcc       0x38 ./emlib/em_cmu.o
 .text.CMU_AUXHFRCODevinfoGet
                0x00022004       0xdc ./emlib/em_cmu.o
 .text.CMU_AUXHFRCOBandSet
                0x000220e0       0x98 ./emlib/em_cmu.o
                0x000220e0                CMU_AUXHFRCOBandSet
 .text.CMU_ClockEnable
                0x00022178       0xcc ./emlib/em_cmu.o
                0x00022178                CMU_ClockEnable
 .text.CMU_ClockFreqGet
                0x00022244      0x198 ./emlib/em_cmu.o
                0x00022244                CMU_ClockFreqGet
 .text.CMU_ClockSelectGet
                0x000223dc      0x190 ./emlib/em_cmu.o
                0x000223dc                CMU_ClockSelectGet
 .text.CMU_ClockSelectSet
                0x0002256c      0x25c ./emlib/em_cmu.o
                0x0002256c                CMU_ClockSelectSet
 .text.CMU_HFRCODevinfoGet
                0x000227c8       0xdc ./emlib/em_cmu.o
 .text.CMU_HFRCOBandSet
                0x000228a4       0xec ./emlib/em_cmu.o
                0x000228a4                CMU_HFRCOBandSet
 .text.CMU_HFXOAutostartEnable
                0x00022990       0x7c ./emlib/em_cmu.o
                0x00022990                CMU_HFXOAutostartEnable
 .text.CMU_HFXOInit
                0x00022a0c       0xf4 ./emlib/em_cmu.o
                0x00022a0c                CMU_HFXOInit
 .text.CMU_LFXOInit
                0x00022b00       0x50 ./emlib/em_cmu.o
                0x00022b00                CMU_LFXOInit
 .text.CMU_OscillatorEnable
                0x00022b50      0x174 ./emlib/em_cmu.o
                0x00022b50                CMU_OscillatorEnable
 .text.CMU_OscillatorTuningGet
                0x00022cc4       0x74 ./emlib/em_cmu.o
                0x00022cc4                CMU_OscillatorTuningGet
 .text.CMU_OscillatorTuningSet
                0x00022d38       0xfc ./emlib/em_cmu.o
                0x00022d38                CMU_OscillatorTuningSet
 .text.CMU_OscillatorTuningWait
                0x00022e34       0x8c ./emlib/em_cmu.o
                0x00022e34                CMU_OscillatorTuningWait
 .text.CMU_OscillatorTuningOptimize
                0x00022ec0       0x4c ./emlib/em_cmu.o
                0x00022ec0                CMU_OscillatorTuningOptimize
 .text.BUS_RegBitWrite
                0x00022f0c       0x2c ./emlib/em_gpio.o
 .text.BUS_RegMaskedSet
                0x00022f38       0x24 ./emlib/em_gpio.o
 .text.BUS_RegMaskedClear
                0x00022f5c       0x24 ./emlib/em_gpio.o
 .text.BUS_RegMaskedWrite
                0x00022f80       0x24 ./emlib/em_gpio.o
 .text.GPIO_PinOutClear
                0x00022fa4       0x58 ./emlib/em_gpio.o
 .text.GPIO_PinOutSet
                0x00022ffc       0x58 ./emlib/em_gpio.o
 .text.GPIO_DriveStrengthSet
                0x00023054       0x60 ./emlib/em_gpio.o
                0x00023054                GPIO_DriveStrengthSet
 .text.GPIO_ExtIntConfig
                0x000230b4      0x128 ./emlib/em_gpio.o
                0x000230b4                GPIO_ExtIntConfig
 .text.GPIO_PinModeSet
                0x000231dc      0x108 ./emlib/em_gpio.o
                0x000231dc                GPIO_PinModeSet
 .text.BUS_RegBitWrite
                0x000232e4       0x2c ./emlib/em_i2c.o
 .text.BUS_RegMaskedSet
                0x00023310       0x24 ./emlib/em_i2c.o
 .text.BUS_RegMaskedClear
                0x00023334       0x24 ./emlib/em_i2c.o
 .text.BUS_RegMaskedWrite
                0x00023358       0x24 ./emlib/em_i2c.o
 .text.I2C_BusFreqSet
                0x0002337c       0xf4 ./emlib/em_i2c.o
                0x0002337c                I2C_BusFreqSet
 .text.I2C_Enable
                0x00023470       0x20 ./emlib/em_i2c.o
                0x00023470                I2C_Enable
 .text.I2C_Init
                0x00023490       0x5c ./emlib/em_i2c.o
                0x00023490                I2C_Init
 .text.LETIMER_CompareSet
                0x000234ec       0x58 ./emlib/em_letimer.o
                0x000234ec                LETIMER_CompareSet
 .text.LETIMER_Enable
                0x00023544       0x2c ./emlib/em_letimer.o
                0x00023544                LETIMER_Enable
 .text.RTCC_Init
                0x00023570       0x60 ./emlib/em_rtcc.o
                0x00023570                RTCC_Init
 .text.SYSTEM_ChipRevisionGet
                0x000235d0       0x74 ./emlib/em_system.o
                0x000235d0                SYSTEM_ChipRevisionGet
 .text.TIMER_Valid
                0x00023644       0x38 ./emlib/em_timer.o
 .text.TIMER_Init
                0x0002367c       0xdc ./emlib/em_timer.o
                0x0002367c                TIMER_Init
 .text.TIMER_InitCC
                0x00023758       0x9c ./emlib/em_timer.o
                0x00023758                TIMER_InitCC
 .text.USART_BaudrateSyncSet
                0x000237f4       0x40 ./emlib/em_usart.o
                0x000237f4                USART_BaudrateSyncSet
 .text.USART_Enable
                0x00023834       0x4c ./emlib/em_usart.o
                0x00023834                USART_Enable
 .text.USART_InitSync
                0x00023880       0xec ./emlib/em_usart.o
                0x00023880                USART_InitSync
 .text.USART_Reset
                0x0002396c       0x94 ./emlib/em_usart.o
                0x0002396c                USART_Reset
 .text.USART_SpiTransfer
                0x00023a00       0x40 ./emlib/em_usart.o
                0x00023a00                USART_SpiTransfer
 .text.BUS_RegMaskedSet
                0x00023a40       0x24 ./kit_flashpwr/BRD4302A/mx25flash_spi.o
 .text.BUS_RegMaskedClear
                0x00023a64       0x24 ./kit_flashpwr/BRD4302A/mx25flash_spi.o
 .text.GPIO_PinOutClear
                0x00023a88       0x58 ./kit_flashpwr/BRD4302A/mx25flash_spi.o
 .text.GPIO_PinOutSet
                0x00023ae0       0x58 ./kit_flashpwr/BRD4302A/mx25flash_spi.o
 .text.MX25_init
                0x00023b38       0x98 ./kit_flashpwr/BRD4302A/mx25flash_spi.o
                0x00023b38                MX25_init
 .text.Wait_Flash_WarmUp
                0x00023bd0       0x24 ./kit_flashpwr/BRD4302A/mx25flash_spi.o
                0x00023bd0                Wait_Flash_WarmUp
 .text.Initial_Spi
                0x00023bf4        0xc ./kit_flashpwr/BRD4302A/mx25flash_spi.o
                0x00023bf4                Initial_Spi
 .text.CS_Low   0x00023c00       0x10 ./kit_flashpwr/BRD4302A/mx25flash_spi.o
                0x00023c00                CS_Low
 .text.CS_High  0x00023c10       0x10 ./kit_flashpwr/BRD4302A/mx25flash_spi.o
                0x00023c10                CS_High
 .text.SendByte
                0x00023c20       0x3c ./kit_flashpwr/BRD4302A/mx25flash_spi.o
                0x00023c20                SendByte
 .text.MX25_DP  0x00023c5c       0x1c ./kit_flashpwr/BRD4302A/mx25flash_spi.o
                0x00023c5c                MX25_DP
 .text.SYSTEM_GetProdRev
                0x00023c78       0x1c ./src/InitDevice.o
 .text.BUS_RegBitWrite
                0x00023c94       0x2c ./src/InitDevice.o
 .text.CHIP_Init
                0x00023cc0       0xb4 ./src/InitDevice.o
 .text.enter_DefaultMode_from_RESET
                0x00023d74       0x2c ./src/InitDevice.o
                0x00023d74                enter_DefaultMode_from_RESET
 .text.EMU_enter_DefaultMode_from_RESET
                0x00023da0       0x94 ./src/InitDevice.o
                0x00023da0                EMU_enter_DefaultMode_from_RESET
 .text.LFXO_enter_DefaultMode_from_RESET
                0x00023e34        0xc ./src/InitDevice.o
                0x00023e34                LFXO_enter_DefaultMode_from_RESET
 .text.CMU_enter_DefaultMode_from_RESET
                0x00023e40      0x128 ./src/InitDevice.o
                0x00023e40                CMU_enter_DefaultMode_from_RESET
 .text.RTCC_enter_DefaultMode_from_RESET
                0x00023f68       0x4c ./src/InitDevice.o
                0x00023f68                RTCC_enter_DefaultMode_from_RESET
 .text.GPCRC_enter_DefaultMode_from_RESET
                0x00023fb4        0xc ./src/InitDevice.o
                0x00023fb4                GPCRC_enter_DefaultMode_from_RESET
 .text.LDMA_enter_DefaultMode_from_RESET
                0x00023fc0        0xc ./src/InitDevice.o
                0x00023fc0                LDMA_enter_DefaultMode_from_RESET
 .text.PRS_enter_DefaultMode_from_RESET
                0x00023fcc       0x20 ./src/InitDevice.o
                0x00023fcc                PRS_enter_DefaultMode_from_RESET
 .text.PORTIO_enter_DefaultMode_from_RESET
                0x00023fec        0xc ./src/InitDevice.o
                0x00023fec                PORTIO_enter_DefaultMode_from_RESET
 .text.NVIC_EnableIRQ
                0x00023ff8       0x2c ./src/adc.o
 .text.NVIC_ClearPendingIRQ
                0x00024024       0x30 ./src/adc.o
 .text.ADC_IntEnable
                0x00024054       0x20 ./src/adc.o
 .text.adc_init
                0x00024074       0x9c ./src/adc.o
                0x00024074                adc_init
 .text.NVIC_EnableIRQ
                0x00024110       0x2c ./src/bma280.o
 .text.GPIO_IntConfig
                0x0002413c       0x34 ./src/bma280.o
 .text.bma_init
                0x00024170       0x5c ./src/bma280.o
                0x00024170                bma_init
 .text.cmu_init
                0x000241cc       0xbc ./src/cmu.o
                0x000241cc                cmu_init
 .text.gpio_init
                0x00024288       0x30 ./src/gpio.o
                0x00024288                gpio_init
 .text.BUS_RegMaskedSet
                0x000242b8       0x24 ./src/i2c.o
 .text.BUS_RegMaskedClear
                0x000242dc       0x24 ./src/i2c.o
 .text.GPIO_PinOutClear
                0x00024300       0x58 ./src/i2c.o
 .text.GPIO_PinOutSet
                0x00024358       0x58 ./src/i2c.o
 .text.i2c_init
                0x000243b0       0xa8 ./src/i2c.o
                0x000243b0                i2c_init
 .text.i2c_enable
                0x00024458       0x3c ./src/i2c.o
                0x00024458                i2c_enable
 .text.i2c_disable
                0x00024494       0x2c ./src/i2c.o
                0x00024494                i2c_disable
 .text.Caculate_Celsius
                0x000244c0       0x7c ./src/i2c.o
                0x000244c0                Caculate_Celsius
 .text.NVIC_EnableIRQ
                0x0002453c       0x2c ./src/letimer.o
 .text.letimer_init
                0x00024568       0xe8 ./src/letimer.o
                0x00024568                letimer_init
 .text.si_measure_start
                0x00024650       0x8c ./src/si7201.o
                0x00024650                si_measure_start
 .text.si_read_result
                0x000246dc       0x80 ./src/si7201.o
                0x000246dc                si_read_result
 .text.EMU_EnterEM1
                0x0002475c       0x20 ./src/sleep_modes.o
 .text.sleep    0x0002477c       0x40 ./src/sleep_modes.o
                0x0002477c                sleep
 .text.unblockSleepMode
                0x000247bc       0x38 ./src/sleep_modes.o
                0x000247bc                unblockSleepMode
 .text.blockSleepMode
                0x000247f4       0x2c ./src/sleep_modes.o
                0x000247f4                blockSleepMode
 .text.SPI_Init
                0x00024820       0xcc ./src/spi.o
                0x00024820                SPI_Init
 .text.spi_write
                0x000248ec       0x84 ./src/spi.o
                0x000248ec                spi_write
 .text.NVIC_EnableIRQ
                0x00024970       0x2c ./src/timer.o
 .text.NVIC_SetPriority
                0x0002499c       0x4c ./src/timer.o
 .text.TIMER_MaxCount
                0x000249e8       0x18 ./src/timer.o
 .text.TIMER_IntEnable
                0x00024a00       0x20 ./src/timer.o
 .text.TIMER_TopSet
                0x00024a20       0x1c ./src/timer.o
 .text.timer_init
                0x00024a3c       0xbc ./src/timer.o
                0x00024a3c                timer_init
 .text          0x00024af8       0x18 /home/sarang/SimplicityStudio_v4/developer/sdks/gecko_sdk_suite/v1.1//protocol/bluetooth_2.4/lib/EFR32BG1B/GCC/bgapi.a(gecko_bgapi_hardware.c.obj)
                0x00024af8                gecko_bgapi_class_hardware_init
 .text          0x00024b10       0x18 /home/sarang/SimplicityStudio_v4/developer/sdks/gecko_sdk_suite/v1.1//protocol/bluetooth_2.4/lib/EFR32BG1B/GCC/bgapi.a(gecko_bgapi_test.c.obj)
                0x00024b10                gecko_bgapi_class_test_init
 .text          0x00024b28       0x18 /home/sarang/SimplicityStudio_v4/developer/sdks/gecko_sdk_suite/v1.1//protocol/bluetooth_2.4/lib/EFR32BG1B/GCC/bgapi.a(gecko_bgapi_dfu.c.obj)
                0x00024b28                gecko_bgapi_class_dfu_init
 .text          0x00024b40       0x18 /home/sarang/SimplicityStudio_v4/developer/sdks/gecko_sdk_suite/v1.1//protocol/bluetooth_2.4/lib/EFR32BG1B/GCC/bgapi.a(gecko_bgapi_gap.c.obj)
                0x00024b40                gecko_bgapi_class_le_gap_init
 .text          0x00024b58       0x18 /home/sarang/SimplicityStudio_v4/developer/sdks/gecko_sdk_suite/v1.1//protocol/bluetooth_2.4/lib/EFR32BG1B/GCC/bgapi.a(gecko_bgapi_gatt.c.obj)
                0x00024b58                gecko_bgapi_class_gatt_init
 .text          0x00024b70       0x18 /home/sarang/SimplicityStudio_v4/developer/sdks/gecko_sdk_suite/v1.1//protocol/bluetooth_2.4/lib/EFR32BG1B/GCC/bgapi.a(gecko_bgapi_gatt_server.c.obj)
                0x00024b70                gecko_bgapi_class_gatt_server_init
 .text          0x00024b88       0x18 /home/sarang/SimplicityStudio_v4/developer/sdks/gecko_sdk_suite/v1.1//protocol/bluetooth_2.4/lib/EFR32BG1B/GCC/bgapi.a(gecko_bgapi_flash.c.obj)
                0x00024b88                gecko_bgapi_class_flash_init
 .text          0x00024ba0       0x18 /home/sarang/SimplicityStudio_v4/developer/sdks/gecko_sdk_suite/v1.1//protocol/bluetooth_2.4/lib/EFR32BG1B/GCC/bgapi.a(gecko_bgapi_sm.c.obj)
                0x00024ba0                gecko_bgapi_class_sm_init
 .text          0x00024bb8       0x18 /home/sarang/SimplicityStudio_v4/developer/sdks/gecko_sdk_suite/v1.1//protocol/bluetooth_2.4/lib/EFR32BG1B/GCC/bgapi.a(gecko_bgapi_system.c.obj)
                0x00024bb8                gecko_bgapi_class_system_init
 .text          0x00024bd0       0x18 /home/sarang/SimplicityStudio_v4/developer/sdks/gecko_sdk_suite/v1.1//protocol/bluetooth_2.4/lib/EFR32BG1B/GCC/bgapi.a(gecko_bgapi_endpoint.c.obj)
                0x00024bd0                gecko_bgapi_class_endpoint_init
 .text          0x00024be8       0x18 /home/sarang/SimplicityStudio_v4/developer/sdks/gecko_sdk_suite/v1.1//protocol/bluetooth_2.4/lib/EFR32BG1B/GCC/bgapi.a(gecko_bgapi_le_connection.c.obj)
                0x00024be8                gecko_bgapi_class_le_connection_init
 .text          0x00024c00      0x1d0 /home/sarang/SimplicityStudio_v4/developer/sdks/gecko_sdk_suite/v1.1//protocol/bluetooth_2.4/lib/EFR32BG1B/GCC/bgapi.a(bgapi_hardware.c.obj)
                0x00024c00                soft_timer_comparison
                0x00024c94                bgapi_hardware_soft_timer_listener
                0x00024cd4                lib_hardware_handler_init
                0x00024ce8                gecko_cmd_hardware_set_soft_timer
                0x00024d28                gecko_cmd_hardware_set_lazy_soft_timer
                0x00024d68                gecko_cmd_hardware_get_time
                0x00024d9c                gecko_cmd_hardware_enable_dcdc
 .text          0x00024dd0      0x330 /home/sarang/SimplicityStudio_v4/developer/sdks/gecko_sdk_suite/v1.1//protocol/bluetooth_2.4/lib/EFR32BG1B/GCC/bgapi.a(bgapi_test_lib.c.obj)
                0x00024dd0                bgapi_test_lib_msg_handler
                0x00024e28                lib_test_handler_init
                0x00024e48                disable_interrupts
                0x00024e6c                gecko_cmd_test_dtm_tx
                0x00024f00                gecko_cmd_test_dtm_rx
                0x00024f4c                gecko_cmd_test_dtm_end
                0x00024fb4                gecko_cmd_test_debug_command
                0x00025084                gecko_cmd_test_debug_counter
 .text          0x00025100       0x8c /home/sarang/SimplicityStudio_v4/developer/sdks/gecko_sdk_suite/v1.1//protocol/bluetooth_2.4/lib/EFR32BG1B/GCC/bgapi.a(bgapi_dfu.c.obj)
                0x00025100                lib_dfu_handler_init
                0x00025102                gecko_cmd_dfu_reset
                0x00025108                gecko_cmd_dfu_flash_set_address
                0x00025134                gecko_cmd_dfu_flash_upload
                0x00025160                gecko_cmd_dfu_flash_upload_finish
 .text          0x0002518c      0x34c /home/sarang/SimplicityStudio_v4/developer/sdks/gecko_sdk_suite/v1.1//protocol/bluetooth_2.4/lib/EFR32BG1B/GCC/bgapi.a(bgapi_gap.c.obj)
                0x0002518c                lib_le_gap_handler_init
                0x0002518e                gecko_cmd_le_gap_set_mode
                0x000251d4                gecko_cmd_le_gap_bt5_set_mode
                0x00025218                gecko_cmd_le_gap_set_adv_data
                0x00025260                gecko_cmd_le_gap_bt5_set_adv_data
                0x00025294                gecko_cmd_le_gap_set_adv_timeout
                0x000252e8                gecko_cmd_le_gap_open
                0x0002534c                gecko_cmd_le_gap_discover
                0x00025378                gecko_cmd_le_gap_end_procedure
                0x000253a4                gecko_cmd_le_gap_set_adv_parameters
                0x000253d8                gecko_cmd_le_gap_bt5_set_adv_parameters
                0x00025414                gecko_cmd_le_gap_set_scan_parameters
                0x00025444                gecko_cmd_le_gap_set_conn_parameters
                0x0002547c                gecko_cmd_le_gap_set_phy
                0x000254a8                gecko_cmd_le_gap_set_privacy_mode
 .text          0x000254d8      0x6c4 /home/sarang/SimplicityStudio_v4/developer/sdks/gecko_sdk_suite/v1.1//protocol/bluetooth_2.4/lib/EFR32BG1B/GCC/bgapi.a(bgapi_gatt_lib.c.obj)
                0x000254d8                lib_gatt_handler_init
                0x000254dc                lib_gatt_server_handler_init
                0x000254de                gecko_cmd_gatt_set_max_mtu
                0x00025518                gecko_cmd_gatt_discover_primary_services
                0x00025548                gecko_cmd_gatt_discover_primary_services_by_uuid
                0x00025584                gecko_cmd_gatt_find_included_services
                0x000255b8                gecko_cmd_gatt_discover_characteristics
                0x000255ec                gecko_cmd_gatt_discover_characteristics_by_uuid
                0x0002562c                gecko_cmd_gatt_read_characteristic_value
                0x00025664                gecko_cmd_gatt_read_characteristic_value_from_offset
                0x000256a0                gecko_cmd_gatt_read_characteristic_value_by_uuid
                0x000256e0                gecko_cmd_gatt_read_multiple_characteristic_values
                0x00025714                gecko_cmd_gatt_write_characteristic_value
                0x0002574c                gecko_cmd_gatt_write_characteristic_value_without_response
                0x00025790                gecko_cmd_gatt_prepare_characteristic_value_write
                0x000257e0                gecko_cmd_gatt_execute_characteristic_value_write
                0x00025814                gecko_cmd_gatt_set_characteristic_notification
                0x0002584c                gecko_cmd_gatt_discover_descriptors
                0x00025880                gecko_cmd_gatt_read_descriptor_value
                0x000258b4                gecko_cmd_gatt_write_descriptor_value
                0x000258ec                gecko_cmd_gatt_server_read_attribute_value
                0x00025934                gecko_cmd_gatt_server_read_attribute_type
                0x00025978                gecko_cmd_gatt_server_find_attribute
                0x000259b4                gecko_cmd_gatt_server_write_attribute_value
                0x000259e8                gecko_cmd_gatt_server_send_user_read_response
                0x00025a38                gecko_cmd_gatt_server_send_user_write_response
                0x00025a70                gecko_cmd_gatt_server_send_characteristic_notification
                0x00025abc                gecko_cmd_gatt_send_characteristic_confirmation
                0x00025aec                gecko_cmd_gatt_server_set_database
                0x00025b1c                gecko_cmd_gatt_server_set_capabilities
                0x00025b4c                gecko_cmd_gatt_prepare_characteristic_value_reliable_write
 .text          0x00025b9c      0x1d0 /home/sarang/SimplicityStudio_v4/developer/sdks/gecko_sdk_suite/v1.1//protocol/bluetooth_2.4/lib/EFR32BG1B/GCC/bgapi.a(bgapi_ps.c.obj)
                0x00025b9c                bgapi_ps_dump_listener
                0x00025bdc                lib_flash_handler_init
                0x00025bf0                gecko_cmd_flash_ps_dump
                0x00025c88                gecko_cmd_flash_ps_erase_all
                0x00025cb8                gecko_cmd_flash_ps_save
                0x00025cf4                gecko_cmd_flash_ps_load
                0x00025d38                gecko_cmd_flash_ps_erase
 .text          0x00025d6c      0x3cc /home/sarang/SimplicityStudio_v4/developer/sdks/gecko_sdk_suite/v1.1//protocol/bluetooth_2.4/lib/EFR32BG1B/GCC/bgapi.a(bgapi_sm.c.obj)
                0x00025e34                lib_sm_handler_init
                0x00025e48                gecko_cmd_sm_list_all_bondings
                0x00025e80                gecko_cmd_sm_increase_security
                0x00025eb0                gecko_cmd_sm_set_bondable_mode
                0x00025edc                gecko_cmd_sm_delete_bonding
                0x00025f0c                gecko_cmd_sm_delete_bondings
                0x00025f3c                gecko_cmd_sm_configure
                0x00025f6c                gecko_cmd_sm_enter_passkey
                0x00025fa0                gecko_cmd_sm_set_passkey
                0x00025fcc                gecko_cmd_sm_passkey_confirm
                0x00026000                gecko_cmd_sm_set_oob_data
                0x00026030                gecko_cmd_sm_set_sc_remote_oob_data
                0x00026060                gecko_cmd_sm_use_sc_oob
                0x000260a0                gecko_cmd_sm_store_bonding_configuration
                0x000260d4                gecko_cmd_sm_bonding_confirm
                0x00026108                gecko_cmd_sm_set_debug_mode
 .text          0x00026138      0x1d8 /home/sarang/SimplicityStudio_v4/developer/sdks/gecko_sdk_suite/v1.1//protocol/bluetooth_2.4/lib/EFR32BG1B/GCC/bgapi.a(bgapi_system.c.obj)
                0x00026138                bgapi_system_listener
                0x00026168                lib_system_handler_init
                0x0002617c                gecko_cmd_system_get_bt_address
                0x000261b4                gecko_cmd_system_set_bt_address
                0x000261e8                gecko_cmd_system_set_device_name
                0x00026224                gecko_cmd_system_get_random_data
                0x0002626c                gecko_cmd_system_halt
                0x000262a0                gecko_cmd_system_set_tx_power
                0x000262d0                gecko_cmd_system_hello
                0x000262f8                gecko_cmd_system_reset
                0x000262fe                gecko_send_system_awake
 .text          0x00026310      0x1ac /home/sarang/SimplicityStudio_v4/developer/sdks/gecko_sdk_suite/v1.1//protocol/bluetooth_2.4/lib/EFR32BG1B/GCC/bgapi.a(bgapi_endpoint.c.obj)
                0x00026310                lib_endpoint_handler_init
                0x00026312                gecko_cmd_endpoint_send
                0x000263bc                gecko_cmd_endpoint_set_streaming_destination
                0x00026414                gecko_cmd_endpoint_close
                0x00026470                gecko_cmd_endpoint_set_flags
                0x00026472                gecko_cmd_endpoint_clr_flags
                0x00026474                gecko_cmd_endpoint_read_counters
 .text          0x000264bc      0x104 /home/sarang/SimplicityStudio_v4/developer/sdks/gecko_sdk_suite/v1.1//protocol/bluetooth_2.4/lib/EFR32BG1B/GCC/bgapi.a(bgapi_le_connection.c.obj)
                0x000264bc                lib_le_connection_handler_init
                0x000264be                gecko_cmd_le_connection_set_parameters
                0x0002650c                gecko_cmd_le_connection_get_rssi
                0x0002653c                gecko_cmd_le_connection_disable_slave_latency
                0x00026584                gecko_cmd_le_connection_set_phy
 .text          0x000265c0      0xdf0 /home/sarang/SimplicityStudio_v4/developer/sdks/gecko_sdk_suite/v1.1//protocol/bluetooth_2.4/lib/EFR32BG1B/GCC/bgapi.a(gatt_client.c.obj)
                0x00026828                gatt_discover_primary_services
                0x00026866                gatt_discover_primary_services_by_uuid
                0x000268bc                gatt_find_included_services
                0x0002690c                gatt_find_included_services_handler
                0x000269bc                gatt_discover_characteristics
                0x000269de                gatt_discover_characteristics_by_uuid
                0x00026a20                gatt_discover_descriptors
                0x00026a5c                gatt_read_characteristic_value
                0x00026a94                gatt_read_characteristic_value_by_uuid
                0x00026ace                gatt_read_multiple_characteristic_values
                0x00026af2                gatt_write_characteristic_value
                0x00026b18                gatt_write_characteristic_value_without_response
                0x00026b32                gatt_prepare_characteristic_value_write
                0x00026ba8                gatt_execute_characteristic_value_write
                0x00026bca                gatt_set_characteristic_notification
                0x00026c0a                gatt_read_descriptor_value
                0x00026c32                gatt_write_descriptor_value
                0x00026c58                gatt_handle_exchange_mtu_rsp
                0x00026c74                gatt_handle_find_information_response
                0x00026dc6                gatt_handle_find_by_type_value_response
                0x00026e62                gatt_handle_read_response
                0x00026fc0                gatt_handle_read_blob_response
                0x00026ff6                gatt_handle_read_multiple_response
                0x00027032                gatt_handle_read_by_type_response
                0x0002717c                gatt_handle_read_by_group_type_response
                0x00027224                gatt_handle_write_response
                0x00027238                gatt_handle_prepare_write_response
                0x0002732a                gatt_handle_execute_write_response
                0x00027362                gatt_client_handle_value_notification
                0x00027374                gatt_client_handle_value_indication
                0x00027388                gatt_send_characteristic_confirmation
                0x000273a6                gatt_client_init
 .text          0x000273b0      0x250 /home/sarang/SimplicityStudio_v4/developer/sdks/gecko_sdk_suite/v1.1//protocol/bluetooth_2.4/lib/EFR32BG1B/GCC/bgapi.a(ubt_gatt_client.c.obj)
                0x000273b0                ubt_gatt_discover_primary_services
                0x000273c6                ubt_gatt_discover_primary_services_by_uuid
                0x000273f2                ubt_gatt_find_included_services
                0x0002740c                ubt_gatt_discover_characteristics
                0x00027426                ubt_gatt_discover_characteristics_by_uuid
                0x00027456                ubt_gatt_discover_descriptors
                0x00027470                ubt_gatt_read_characteristic_value
                0x00027492                ubt_gatt_read_characteristic_value_by_uuid
                0x000274c2                ubt_gatt_read_multiple_characteristic_values
                0x000274e0                ubt_gatt_write_characteristic_value
                0x00027502                ubt_gatt_write_characteristic_value_without_response
                0x0002753c                ubt_gatt_prepare_characteristic_value_write
                0x00027576                ubt_gatt_execute_characteristic_value_write
                0x00027590                ubt_gatt_send_characteristic_confirmation
                0x000275a6                ubt_gatt_read_descriptor_value
                0x000275c0                ubt_gatt_write_descriptor_value
                0x000275e2                ubt_gatt_set_characteristic_notification
 .text          0x00027600      0x4ec /home/sarang/SimplicityStudio_v4/developer/sdks/gecko_sdk_suite/v1.1//protocol/bluetooth_2.4/lib/EFR32BG1B/GCC/bgapi.a(att_client.c.obj)
                0x00027600                att_send_find_information_request
                0x00027626                att_send_find_by_type_value_request
                0x00027658                att_send_read_by_type_request
                0x00027684                att_send_read_request
                0x000276a4                att_send_read_blob_request
                0x000276ca                att_send_read_multiple_request
                0x000276f6                att_send_read_by_group_type_request
                0x00027722                att_send_write_request
                0x0002774e                att_send_write_command
                0x0002777a                att_send_signed_write_command
                0x000277b4                att_send_prepare_write_request
                0x000277f0                att_send_execute_write_request
                0x0002780e                att_send_handle_value_confirmation
                0x00027826                validate_gatt_client_pdu_len
                0x000278e0                att_gatt_client_handler
 .text          0x00027aec      0x370 /home/sarang/SimplicityStudio_v4/developer/toolchains/gnu_arm/4.9_2015q3/bin/../lib/gcc/arm-none-eabi/4.9.3/armv7e-m/fpu/libgcc.a(_arm_addsubdf3.o)
                0x00027aec                __aeabi_drsub
                0x00027af4                __aeabi_dsub
                0x00027af4                __subdf3
                0x00027af8                __adddf3
                0x00027af8                __aeabi_dadd
                0x00027d70                __aeabi_ui2d
                0x00027d70                __floatunsidf
                0x00027d90                __floatsidf
                0x00027d90                __aeabi_i2d
                0x00027db4                __extendsfdf2
                0x00027db4                __aeabi_f2d
                0x00027df0                __aeabi_ul2d
                0x00027df0                __floatundidf
                0x00027e00                __floatdidf
                0x00027e00                __aeabi_l2d
 .text          0x00027e5c      0x424 /home/sarang/SimplicityStudio_v4/developer/toolchains/gnu_arm/4.9_2015q3/bin/../lib/gcc/arm-none-eabi/4.9.3/armv7e-m/fpu/libgcc.a(_arm_muldivdf3.o)
                0x00027e5c                __aeabi_dmul
                0x00027e5c                __muldf3
                0x000280b0                __aeabi_ddiv
                0x000280b0                __divdf3
 .text          0x00028280       0xa0 /home/sarang/SimplicityStudio_v4/developer/toolchains/gnu_arm/4.9_2015q3/bin/../lib/gcc/arm-none-eabi/4.9.3/armv7e-m/fpu/libgcc.a(_arm_truncdfsf2.o)
                0x00028280                __aeabi_d2f
                0x00028280                __truncdfsf2
 .text.exit     0x00028320       0x20 /home/sarang/SimplicityStudio_v4/developer/toolchains/gnu_arm/4.9_2015q3/bin/../lib/gcc/arm-none-eabi/4.9.3/../../../../arm-none-eabi/lib/armv7e-m/fpu/libc.a(lib_a-exit.o)
                0x00028320                exit
 .text.__libc_init_array
                0x00028340       0x50 /home/sarang/SimplicityStudio_v4/developer/toolchains/gnu_arm/4.9_2015q3/bin/../lib/gcc/arm-none-eabi/4.9.3/../../../../arm-none-eabi/lib/armv7e-m/fpu/libc.a(lib_a-init.o)
                0x00028340                __libc_init_array
 .text.memcmp   0x00028390       0x64 /home/sarang/SimplicityStudio_v4/developer/toolchains/gnu_arm/4.9_2015q3/bin/../lib/gcc/arm-none-eabi/4.9.3/../../../../arm-none-eabi/lib/armv7e-m/fpu/libc.a(lib_a-memcmp.o)
                0x00028390                memcmp
 .text          0x000283f4      0x134 /home/sarang/SimplicityStudio_v4/developer/toolchains/gnu_arm/4.9_2015q3/bin/../lib/gcc/arm-none-eabi/4.9.3/../../../../arm-none-eabi/lib/armv7e-m/fpu/libc.a(lib_a-memcpy.o)
                0x000283f4                memcpy
 .text.memset   0x00028528       0x9c /home/sarang/SimplicityStudio_v4/developer/toolchains/gnu_arm/4.9_2015q3/bin/../lib/gcc/arm-none-eabi/4.9.3/../../../../arm-none-eabi/lib/armv7e-m/fpu/libc.a(lib_a-memset.o)
                0x00028528                memset
 .text.startup.register_fini
                0x000285c4       0x14 /home/sarang/SimplicityStudio_v4/developer/toolchains/gnu_arm/4.9_2015q3/bin/../lib/gcc/arm-none-eabi/4.9.3/../../../../arm-none-eabi/lib/armv7e-m/fpu/libc.a(lib_a-__call_atexit.o)
 .text.__call_exitprocs
                0x000285d8       0xd4 /home/sarang/SimplicityStudio_v4/developer/toolchains/gnu_arm/4.9_2015q3/bin/../lib/gcc/arm-none-eabi/4.9.3/../../../../arm-none-eabi/lib/armv7e-m/fpu/libc.a(lib_a-__call_atexit.o)
                0x000285d8                __call_exitprocs
 .text.atexit   0x000286ac        0xc /home/sarang/SimplicityStudio_v4/developer/toolchains/gnu_arm/4.9_2015q3/bin/../lib/gcc/arm-none-eabi/4.9.3/../../../../arm-none-eabi/lib/armv7e-m/fpu/libc.a(lib_a-atexit.o)
                0x000286ac                atexit
 .text.__libc_fini_array
                0x000286b8       0x2c /home/sarang/SimplicityStudio_v4/developer/toolchains/gnu_arm/4.9_2015q3/bin/../lib/gcc/arm-none-eabi/4.9.3/../../../../arm-none-eabi/lib/armv7e-m/fpu/libc.a(lib_a-fini.o)
                0x000286b8                __libc_fini_array
 .text.__register_exitproc
                0x000286e4       0xa4 /home/sarang/SimplicityStudio_v4/developer/toolchains/gnu_arm/4.9_2015q3/bin/../lib/gcc/arm-none-eabi/4.9.3/../../../../arm-none-eabi/lib/armv7e-m/fpu/libc.a(lib_a-__atexit.o)
                0x000286e4                __register_exitproc
 .text._exit    0x00028788        0x4 /home/sarang/SimplicityStudio_v4/developer/toolchains/gnu_arm/4.9_2015q3/bin/../lib/gcc/arm-none-eabi/4.9.3/../../../../arm-none-eabi/lib/armv7e-m/fpu/libnosys.a(_exit.o)
                0x00028788                _exit
 *(.init)
 .init          0x0002878c        0x4 /home/sarang/SimplicityStudio_v4/developer/toolchains/gnu_arm/4.9_2015q3/bin/../lib/gcc/arm-none-eabi/4.9.3/armv7e-m/fpu/crti.o
                0x0002878c                _init
 .init          0x00028790        0x8 /home/sarang/SimplicityStudio_v4/developer/toolchains/gnu_arm/4.9_2015q3/bin/../lib/gcc/arm-none-eabi/4.9.3/armv7e-m/fpu/crtn.o
 *(.fini)
 .fini          0x00028798        0x4 /home/sarang/SimplicityStudio_v4/developer/toolchains/gnu_arm/4.9_2015q3/bin/../lib/gcc/arm-none-eabi/4.9.3/armv7e-m/fpu/crti.o
                0x00028798                _fini
 .fini          0x0002879c        0x8 /home/sarang/SimplicityStudio_v4/developer/toolchains/gnu_arm/4.9_2015q3/bin/../lib/gcc/arm-none-eabi/4.9.3/armv7e-m/fpu/crtn.o
 *crtbegin.o(.ctors)
 *crtbegin?.o(.ctors)
 *(EXCLUDE_FILE(*crtend.o *crtend?.o) .ctors)
 *(SORT(.ctors.*))
 *(.ctors)
 *crtbegin.o(.dtors)
 *crtbegin?.o(.dtors)
 *(EXCLUDE_FILE(*crtend.o *crtend?.o) .dtors)
 *(SORT(.dtors.*))
 *(.dtors)
 *(.rodata*)
 .rodata.ptiInit
                0x000287a4       0x24 ./main.o
 .rodata        0x000287c8        0x4 ./main.o
 .rodata.config
                0x000287cc       0x38 ./main.o
 .rodata.i2cNSum
                0x00028804        0x4 ./emlib/em_i2c.o
 .rodata        0x00028808       0x24 ./kit_flashpwr/BRD4302A/mx25flash_spi.o
 .rodata        0x0002882c       0x50 ./src/InitDevice.o
 .rodata        0x0002887c       0x10 ./src/i2c.o
 .rodata        0x0002888c       0x28 /home/sarang/SimplicityStudio_v4/developer/sdks/gecko_sdk_suite/v1.1//protocol/bluetooth_2.4/lib/EFR32BG1B/GCC/bgapi.a(gecko_bgapi_hardware.c.obj)
 .rodata        0x000288b4       0x30 /home/sarang/SimplicityStudio_v4/developer/sdks/gecko_sdk_suite/v1.1//protocol/bluetooth_2.4/lib/EFR32BG1B/GCC/bgapi.a(gecko_bgapi_test.c.obj)
 .rodata        0x000288e4       0x28 /home/sarang/SimplicityStudio_v4/developer/sdks/gecko_sdk_suite/v1.1//protocol/bluetooth_2.4/lib/EFR32BG1B/GCC/bgapi.a(gecko_bgapi_dfu.c.obj)
 .rodata        0x0002890c       0x78 /home/sarang/SimplicityStudio_v4/developer/sdks/gecko_sdk_suite/v1.1//protocol/bluetooth_2.4/lib/EFR32BG1B/GCC/bgapi.a(gecko_bgapi_gap.c.obj)
 .rodata        0x00028984       0xa8 /home/sarang/SimplicityStudio_v4/developer/sdks/gecko_sdk_suite/v1.1//protocol/bluetooth_2.4/lib/EFR32BG1B/GCC/bgapi.a(gecko_bgapi_gatt.c.obj)
 .rodata        0x00028a2c       0x50 /home/sarang/SimplicityStudio_v4/developer/sdks/gecko_sdk_suite/v1.1//protocol/bluetooth_2.4/lib/EFR32BG1B/GCC/bgapi.a(gecko_bgapi_gatt_server.c.obj)
 .rodata        0x00028a7c       0x30 /home/sarang/SimplicityStudio_v4/developer/sdks/gecko_sdk_suite/v1.1//protocol/bluetooth_2.4/lib/EFR32BG1B/GCC/bgapi.a(gecko_bgapi_flash.c.obj)
 .rodata        0x00028aac       0x80 /home/sarang/SimplicityStudio_v4/developer/sdks/gecko_sdk_suite/v1.1//protocol/bluetooth_2.4/lib/EFR32BG1B/GCC/bgapi.a(gecko_bgapi_sm.c.obj)
 .rodata        0x00028b2c       0x48 /home/sarang/SimplicityStudio_v4/developer/sdks/gecko_sdk_suite/v1.1//protocol/bluetooth_2.4/lib/EFR32BG1B/GCC/bgapi.a(gecko_bgapi_system.c.obj)
 .rodata        0x00028b74       0x38 /home/sarang/SimplicityStudio_v4/developer/sdks/gecko_sdk_suite/v1.1//protocol/bluetooth_2.4/lib/EFR32BG1B/GCC/bgapi.a(gecko_bgapi_endpoint.c.obj)
 .rodata        0x00028bac       0x28 /home/sarang/SimplicityStudio_v4/developer/sdks/gecko_sdk_suite/v1.1//protocol/bluetooth_2.4/lib/EFR32BG1B/GCC/bgapi.a(gecko_bgapi_le_connection.c.obj)
 .rodata        0x00028bd4       0x18 /home/sarang/SimplicityStudio_v4/developer/sdks/gecko_sdk_suite/v1.1//protocol/bluetooth_2.4/lib/EFR32BG1B/GCC/bgapi.a(bgapi_sm.c.obj)
 .rodata        0x00028bec        0x4 /home/sarang/SimplicityStudio_v4/developer/sdks/gecko_sdk_suite/v1.1//protocol/bluetooth_2.4/lib/EFR32BG1B/GCC/bgapi.a(gatt_client.c.obj)
 .rodata.str1.4
                0x00028bf0        0x4 /home/sarang/SimplicityStudio_v4/developer/toolchains/gnu_arm/4.9_2015q3/bin/../lib/gcc/arm-none-eabi/4.9.3/../../../../arm-none-eabi/lib/armv7e-m/fpu/libc.a(lib_a-impure.o)
                                  0x2 (size before relaxing)
 .rodata._global_impure_ptr
                0x00028bf4        0x4 /home/sarang/SimplicityStudio_v4/developer/toolchains/gnu_arm/4.9_2015q3/bin/../lib/gcc/arm-none-eabi/4.9.3/../../../../arm-none-eabi/lib/armv7e-m/fpu/libc.a(lib_a-impure.o)
                0x00028bf4                _global_impure_ptr
 *(.eh_frame*)
 .eh_frame      0x00028bf8        0x0 /home/sarang/SimplicityStudio_v4/developer/toolchains/gnu_arm/4.9_2015q3/bin/../lib/gcc/arm-none-eabi/4.9.3/armv7e-m/fpu/crtbegin.o
 .eh_frame      0x00028bf8        0x4 /home/sarang/SimplicityStudio_v4/developer/toolchains/gnu_arm/4.9_2015q3/bin/../lib/gcc/arm-none-eabi/4.9.3/armv7e-m/fpu/crtend.o
                0x00028bfc                . = ALIGN (0x4)

.glue_7         0x00028bfc        0x0
 .glue_7        0x00000000        0x0 linker stubs

.glue_7t        0x00028bfc        0x0
 .glue_7t       0x00000000        0x0 linker stubs

.vfp11_veneer   0x00028bfc        0x0
 .vfp11_veneer  0x00000000        0x0 linker stubs

.v4_bx          0x00028bfc        0x0
 .v4_bx         0x00000000        0x0 linker stubs

.iplt           0x00028bfc        0x0
 .iplt          0x00000000        0x0 /home/sarang/SimplicityStudio_v4/developer/toolchains/gnu_arm/4.9_2015q3/bin/../lib/gcc/arm-none-eabi/4.9.3/armv7e-m/fpu/crtbegin.o

.igot.plt       0x00028bfc        0x0
 .igot.plt      0x00000000        0x0 /home/sarang/SimplicityStudio_v4/developer/toolchains/gnu_arm/4.9_2015q3/bin/../lib/gcc/arm-none-eabi/4.9.3/armv7e-m/fpu/crtbegin.o

.text_app_ARM.extab
 *(.ARM.extab* .gnu.linkonce.armextab.*)
                0x00028bfc                __exidx_start = .

.text_app_ARM.exidx
                0x00028bfc        0x8
 *(.ARM.exidx* .gnu.linkonce.armexidx.*)
 .ARM.exidx     0x00028bfc        0x8 /home/sarang/SimplicityStudio_v4/developer/toolchains/gnu_arm/4.9_2015q3/bin/../lib/gcc/arm-none-eabi/4.9.3/../../../../arm-none-eabi/lib/armv7e-m/fpu/crt0.o
                0x00028c04                __exidx_end = .
                0x00028c04                __etext = .

.rel.dyn        0x00028c04        0x0
 .rel.iplt      0x00000000        0x0 /home/sarang/SimplicityStudio_v4/developer/toolchains/gnu_arm/4.9_2015q3/bin/../lib/gcc/arm-none-eabi/4.9.3/armv7e-m/fpu/crtbegin.o

.text_app_data  0x20003000      0x450 load address 0x00028c04
                0x20003000                __data_start__ = .
 *(vtable)
 *(.data*)
 .data.bg_gattdb_data_attribute_field_6_data
                0x20003000        0xd ./gatt_db.o
                0x20003000                bg_gattdb_data_attribute_field_6_data
 *fill*         0x2000300d        0x3 
 .data.temp_thres
                0x20003010        0x4 ./main.o
                0x20003010                temp_thres
 .data.auxHfrcoFreq
                0x20003014        0x4 ./emlib/em_cmu.o
 .data.impure_data
                0x20003018      0x428 /home/sarang/SimplicityStudio_v4/developer/toolchains/gnu_arm/4.9_2015q3/bin/../lib/gcc/arm-none-eabi/4.9.3/../../../../arm-none-eabi/lib/armv7e-m/fpu/libc.a(lib_a-impure.o)
                0x20003440                . = ALIGN (0x4)
 *(.ram)
                0x20003440                . = ALIGN (0x4)
                0x20003440                PROVIDE (__preinit_array_start, .)
 *(.preinit_array)
                0x20003440                PROVIDE (__preinit_array_end, .)
                0x20003440                . = ALIGN (0x4)
                0x20003440                PROVIDE (__init_array_start, .)
 *(SORT(.init_array.*))
 .init_array.00000
                0x20003440        0x4 /home/sarang/SimplicityStudio_v4/developer/toolchains/gnu_arm/4.9_2015q3/bin/../lib/gcc/arm-none-eabi/4.9.3/../../../../arm-none-eabi/lib/armv7e-m/fpu/libc.a(lib_a-__call_atexit.o)
 *(.init_array)
 .init_array    0x20003444        0x4 /home/sarang/SimplicityStudio_v4/developer/toolchains/gnu_arm/4.9_2015q3/bin/../lib/gcc/arm-none-eabi/4.9.3/armv7e-m/fpu/crtbegin.o
                0x20003448                PROVIDE (__init_array_end, .)
                0x20003448                . = ALIGN (0x4)
                0x20003448                PROVIDE (__fini_array_start, .)
 *(SORT(.fini_array.*))
 *(.fini_array)
 .fini_array    0x20003448        0x4 /home/sarang/SimplicityStudio_v4/developer/toolchains/gnu_arm/4.9_2015q3/bin/../lib/gcc/arm-none-eabi/4.9.3/armv7e-m/fpu/crtbegin.o
                0x2000344c                PROVIDE (__fini_array_end, .)
 *(.jcr*)
 .jcr           0x2000344c        0x0 /home/sarang/SimplicityStudio_v4/developer/toolchains/gnu_arm/4.9_2015q3/bin/../lib/gcc/arm-none-eabi/4.9.3/armv7e-m/fpu/crtbegin.o
 .jcr           0x2000344c        0x4 /home/sarang/SimplicityStudio_v4/developer/toolchains/gnu_arm/4.9_2015q3/bin/../lib/gcc/arm-none-eabi/4.9.3/armv7e-m/fpu/crtend.o
                0x20003450                . = ALIGN (0x4)
                0x20003450                __data_end__ = .

.bss            0x20003450     0x1ae0 load address 0x00029054
                0x20003450                . = ALIGN (0x4)
                0x20003450                __bss_start__ = .
 *(.bss*)
 .bss           0x20003450       0x1c /home/sarang/SimplicityStudio_v4/developer/toolchains/gnu_arm/4.9_2015q3/bin/../lib/gcc/arm-none-eabi/4.9.3/armv7e-m/fpu/crtbegin.o
 .bss.bg_gattdb_data_attribute_field_2_data
                0x2000346c        0x4 ./gatt_db.o
                0x2000346c                bg_gattdb_data_attribute_field_2_data
 .bss.a         0x20003470        0x4 ./main.o
                0x20003470                a
 .bss.gpio_flag
                0x20003474        0x4 ./main.o
                0x20003474                gpio_flag
 .bss.i2c_disabled
                0x20003478        0x4 ./main.o
                0x20003478                i2c_disabled
 .bss.swi.9987  0x2000347c        0x1 ./main.o
 *fill*         0x2000347d        0x3 
 .bss.intFlags.10020
                0x20003480        0x4 ./main.o
 .bss.chTable   0x20003484       0xa0 ./bgapi/dmadrv.o
 .bss.dmaXfer   0x20003524      0x100 ./bgapi/dmadrv.o
 .bss           0x20003624        0x4 /home/sarang/SimplicityStudio_v4/developer/sdks/gecko_sdk_suite/v1.1//protocol/bluetooth_2.4/lib/EFR32BG1B/GCC/bgapi.a(bgapi_hardware.c.obj)
 .bss           0x20003628        0x4 /home/sarang/SimplicityStudio_v4/developer/sdks/gecko_sdk_suite/v1.1//protocol/bluetooth_2.4/lib/EFR32BG1B/GCC/bgapi.a(bgapi_test_lib.c.obj)
 .bss           0x2000362c        0x2 /home/sarang/SimplicityStudio_v4/developer/sdks/gecko_sdk_suite/v1.1//protocol/bluetooth_2.4/lib/EFR32BG1B/GCC/bgapi.a(bgapi_gap.c.obj)
                0x2000362c                legacy_maxadv_events
 *fill*         0x2000362e        0x2 
 .bss           0x20003630        0x4 /home/sarang/SimplicityStudio_v4/developer/sdks/gecko_sdk_suite/v1.1//protocol/bluetooth_2.4/lib/EFR32BG1B/GCC/bgapi.a(bgapi_ps.c.obj)
 .bss           0x20003634        0x4 /home/sarang/SimplicityStudio_v4/developer/sdks/gecko_sdk_suite/v1.1//protocol/bluetooth_2.4/lib/EFR32BG1B/GCC/bgapi.a(bgapi_sm.c.obj)
 .bss           0x20003638        0x4 /home/sarang/SimplicityStudio_v4/developer/sdks/gecko_sdk_suite/v1.1//protocol/bluetooth_2.4/lib/EFR32BG1B/GCC/bgapi.a(bgapi_system.c.obj)
 *(COMMON)
 COMMON         0x2000363c     0x18f0 ./main.o
                0x2000363c                LETimerFreq
                0x20003640                adc_value
                0x20003644                LETimerDUTY
                0x20003648                adc_reg_value
                0x2000364a                data
                0x2000364c                sleep_modes
                0x2000365c                bluetooth_stack_heap
 COMMON         0x20004f2c        0x4 /home/sarang/SimplicityStudio_v4/developer/sdks/gecko_sdk_suite/v1.1//protocol/bluetooth_2.4/lib/EFR32BG1B/GCC/bgapi.a(bgapi_test_lib.c.obj)
                0x20004f2c                msg_sender
                0x20004f30                . = ALIGN (0x4)
                0x20004f30                __bss_end__ = .

.heap           0x20004f30      0xc00
                0x20004f30                __HeapBase = .
                0x20004f30                __end__ = .
                0x20004f30                end = __end__
                0x20004f30                _end = __end__
 *(.heap*)
 .heap          0x20004f30      0xc00 ./device/EFR32_B_1_1_B/gcc/startup_efr32bg1b.o
                0x20005b30                __HeapLimit = .

.stack_dummy    0x20005b30      0x400
 *(.stack*)
 .stack         0x20005b30      0x400 ./device/EFR32_B_1_1_B/gcc/startup_efr32bg1b.o
                0x20007bfc                __StackTop = (ORIGIN (RAM) + 0x4bfc)
                0x200077fc                __StackLimit = (__StackTop - SIZEOF (.stack_dummy))
                0x20007bfc                PROVIDE (__stack, __StackTop)
                0x00000001                ASSERT ((__StackLimit >= __HeapLimit), region RAM overflowed with stack)
OUTPUT(Assignment_collection.axf elf32-littlearm)

.ARM.attributes
                0x00000000       0x30
 .ARM.attributes
                0x00000000       0x22 /home/sarang/SimplicityStudio_v4/developer/toolchains/gnu_arm/4.9_2015q3/bin/../lib/gcc/arm-none-eabi/4.9.3/armv7e-m/fpu/crti.o
 .ARM.attributes
                0x00000022       0x34 /home/sarang/SimplicityStudio_v4/developer/toolchains/gnu_arm/4.9_2015q3/bin/../lib/gcc/arm-none-eabi/4.9.3/armv7e-m/fpu/crtbegin.o
 .ARM.attributes
                0x00000056       0x20 /home/sarang/SimplicityStudio_v4/developer/toolchains/gnu_arm/4.9_2015q3/bin/../lib/gcc/arm-none-eabi/4.9.3/../../../../arm-none-eabi/lib/armv7e-m/fpu/crt0.o
 .ARM.attributes
                0x00000076       0x39 ./application_properties.o
 .ARM.attributes
                0x000000af       0x39 ./gatt_db.o
 .ARM.attributes
                0x000000e8       0x39 ./main.o
 .ARM.attributes
                0x00000121       0x39 ./bgapi/dmadrv.o
 .ARM.attributes
                0x0000015a       0x39 ./device/EFR32_B_1_1_B/gcc/startup_efr32bg1b.o
 .ARM.attributes
                0x00000193       0x39 ./emlib/em_cmu.o
 .ARM.attributes
                0x000001cc       0x39 ./emlib/em_gpio.o
 .ARM.attributes
                0x00000205       0x39 ./emlib/em_i2c.o
 .ARM.attributes
                0x0000023e       0x39 ./emlib/em_letimer.o
 .ARM.attributes
                0x00000277       0x39 ./emlib/em_rtcc.o
 .ARM.attributes
                0x000002b0       0x39 ./emlib/em_system.o
 .ARM.attributes
                0x000002e9       0x39 ./emlib/em_timer.o
 .ARM.attributes
                0x00000322       0x39 ./emlib/em_usart.o
 .ARM.attributes
                0x0000035b       0x39 ./kit_flashpwr/BRD4302A/mx25flash_spi.o
 .ARM.attributes
                0x00000394       0x39 ./src/InitDevice.o
 .ARM.attributes
                0x000003cd       0x39 ./src/adc.o
 .ARM.attributes
                0x00000406       0x39 ./src/bma280.o
 .ARM.attributes
                0x0000043f       0x39 ./src/cmu.o
 .ARM.attributes
                0x00000478       0x39 ./src/gpio.o
 .ARM.attributes
                0x000004b1       0x39 ./src/i2c.o
 .ARM.attributes
                0x000004ea       0x39 ./src/letimer.o
 .ARM.attributes
                0x00000523       0x39 ./src/si7201.o
 .ARM.attributes
                0x0000055c       0x39 ./src/sleep_modes.o
 .ARM.attributes
                0x00000595       0x39 ./src/spi.o
 .ARM.attributes
                0x000005ce       0x39 ./src/timer.o
 .ARM.attributes
                0x00000607       0x1c /home/sarang/SimplicityStudio_v4/developer/sdks/gecko_sdk_suite/v1.1//protocol/bluetooth_2.4/lib/EFR32BG1B/EABI/binstack.o
 .ARM.attributes
                0x00000623       0x1c /home/sarang/SimplicityStudio_v4/developer/sdks/gecko_sdk_suite/v1.1//protocol/bluetooth_2.4/lib/EFR32BG1B/EABI/binbootloader.o
 .ARM.attributes
                0x0000063f       0x39 /home/sarang/SimplicityStudio_v4/developer/sdks/gecko_sdk_suite/v1.1//protocol/bluetooth_2.4/lib/EFR32BG1B/GCC/bgapi.a(gecko_bgapi_hardware.c.obj)
 .ARM.attributes
                0x00000678       0x39 /home/sarang/SimplicityStudio_v4/developer/sdks/gecko_sdk_suite/v1.1//protocol/bluetooth_2.4/lib/EFR32BG1B/GCC/bgapi.a(gecko_bgapi_test.c.obj)
 .ARM.attributes
                0x000006b1       0x39 /home/sarang/SimplicityStudio_v4/developer/sdks/gecko_sdk_suite/v1.1//protocol/bluetooth_2.4/lib/EFR32BG1B/GCC/bgapi.a(gecko_bgapi_dfu.c.obj)
 .ARM.attributes
                0x000006ea       0x39 /home/sarang/SimplicityStudio_v4/developer/sdks/gecko_sdk_suite/v1.1//protocol/bluetooth_2.4/lib/EFR32BG1B/GCC/bgapi.a(gecko_bgapi_gap.c.obj)
 .ARM.attributes
                0x00000723       0x39 /home/sarang/SimplicityStudio_v4/developer/sdks/gecko_sdk_suite/v1.1//protocol/bluetooth_2.4/lib/EFR32BG1B/GCC/bgapi.a(gecko_bgapi_gatt.c.obj)
 .ARM.attributes
                0x0000075c       0x39 /home/sarang/SimplicityStudio_v4/developer/sdks/gecko_sdk_suite/v1.1//protocol/bluetooth_2.4/lib/EFR32BG1B/GCC/bgapi.a(gecko_bgapi_gatt_server.c.obj)
 .ARM.attributes
                0x00000795       0x39 /home/sarang/SimplicityStudio_v4/developer/sdks/gecko_sdk_suite/v1.1//protocol/bluetooth_2.4/lib/EFR32BG1B/GCC/bgapi.a(gecko_bgapi_flash.c.obj)
 .ARM.attributes
                0x000007ce       0x39 /home/sarang/SimplicityStudio_v4/developer/sdks/gecko_sdk_suite/v1.1//protocol/bluetooth_2.4/lib/EFR32BG1B/GCC/bgapi.a(gecko_bgapi_sm.c.obj)
 .ARM.attributes
                0x00000807       0x39 /home/sarang/SimplicityStudio_v4/developer/sdks/gecko_sdk_suite/v1.1//protocol/bluetooth_2.4/lib/EFR32BG1B/GCC/bgapi.a(gecko_bgapi_system.c.obj)
 .ARM.attributes
                0x00000840       0x39 /home/sarang/SimplicityStudio_v4/developer/sdks/gecko_sdk_suite/v1.1//protocol/bluetooth_2.4/lib/EFR32BG1B/GCC/bgapi.a(gecko_bgapi_endpoint.c.obj)
 .ARM.attributes
                0x00000879       0x39 /home/sarang/SimplicityStudio_v4/developer/sdks/gecko_sdk_suite/v1.1//protocol/bluetooth_2.4/lib/EFR32BG1B/GCC/bgapi.a(gecko_bgapi_le_connection.c.obj)
 .ARM.attributes
                0x000008b2       0x39 /home/sarang/SimplicityStudio_v4/developer/sdks/gecko_sdk_suite/v1.1//protocol/bluetooth_2.4/lib/EFR32BG1B/GCC/bgapi.a(bgapi_hardware.c.obj)
 .ARM.attributes
                0x000008eb       0x39 /home/sarang/SimplicityStudio_v4/developer/sdks/gecko_sdk_suite/v1.1//protocol/bluetooth_2.4/lib/EFR32BG1B/GCC/bgapi.a(bgapi_test_lib.c.obj)
 .ARM.attributes
                0x00000924       0x39 /home/sarang/SimplicityStudio_v4/developer/sdks/gecko_sdk_suite/v1.1//protocol/bluetooth_2.4/lib/EFR32BG1B/GCC/bgapi.a(bgapi_dfu.c.obj)
 .ARM.attributes
                0x0000095d       0x39 /home/sarang/SimplicityStudio_v4/developer/sdks/gecko_sdk_suite/v1.1//protocol/bluetooth_2.4/lib/EFR32BG1B/GCC/bgapi.a(bgapi_gap.c.obj)
 .ARM.attributes
                0x00000996       0x39 /home/sarang/SimplicityStudio_v4/developer/sdks/gecko_sdk_suite/v1.1//protocol/bluetooth_2.4/lib/EFR32BG1B/GCC/bgapi.a(bgapi_gatt_lib.c.obj)
 .ARM.attributes
                0x000009cf       0x39 /home/sarang/SimplicityStudio_v4/developer/sdks/gecko_sdk_suite/v1.1//protocol/bluetooth_2.4/lib/EFR32BG1B/GCC/bgapi.a(bgapi_ps.c.obj)
 .ARM.attributes
                0x00000a08       0x39 /home/sarang/SimplicityStudio_v4/developer/sdks/gecko_sdk_suite/v1.1//protocol/bluetooth_2.4/lib/EFR32BG1B/GCC/bgapi.a(bgapi_sm.c.obj)
 .ARM.attributes
                0x00000a41       0x39 /home/sarang/SimplicityStudio_v4/developer/sdks/gecko_sdk_suite/v1.1//protocol/bluetooth_2.4/lib/EFR32BG1B/GCC/bgapi.a(bgapi_system.c.obj)
 .ARM.attributes
                0x00000a7a       0x39 /home/sarang/SimplicityStudio_v4/developer/sdks/gecko_sdk_suite/v1.1//protocol/bluetooth_2.4/lib/EFR32BG1B/GCC/bgapi.a(bgapi_endpoint.c.obj)
 .ARM.attributes
                0x00000ab3       0x39 /home/sarang/SimplicityStudio_v4/developer/sdks/gecko_sdk_suite/v1.1//protocol/bluetooth_2.4/lib/EFR32BG1B/GCC/bgapi.a(bgapi_le_connection.c.obj)
 .ARM.attributes
                0x00000aec       0x39 /home/sarang/SimplicityStudio_v4/developer/sdks/gecko_sdk_suite/v1.1//protocol/bluetooth_2.4/lib/EFR32BG1B/GCC/bgapi.a(gatt_client.c.obj)
 .ARM.attributes
                0x00000b25       0x39 /home/sarang/SimplicityStudio_v4/developer/sdks/gecko_sdk_suite/v1.1//protocol/bluetooth_2.4/lib/EFR32BG1B/GCC/bgapi.a(ubt_gatt_client.c.obj)
 .ARM.attributes
                0x00000b5e       0x39 /home/sarang/SimplicityStudio_v4/developer/sdks/gecko_sdk_suite/v1.1//protocol/bluetooth_2.4/lib/EFR32BG1B/GCC/bgapi.a(att_client.c.obj)
 .ARM.attributes
                0x00000b97       0x22 /home/sarang/SimplicityStudio_v4/developer/toolchains/gnu_arm/4.9_2015q3/bin/../lib/gcc/arm-none-eabi/4.9.3/armv7e-m/fpu/libgcc.a(_arm_addsubdf3.o)
 .ARM.attributes
                0x00000bb9       0x22 /home/sarang/SimplicityStudio_v4/developer/toolchains/gnu_arm/4.9_2015q3/bin/../lib/gcc/arm-none-eabi/4.9.3/armv7e-m/fpu/libgcc.a(_arm_muldivdf3.o)
 .ARM.attributes
                0x00000bdb       0x22 /home/sarang/SimplicityStudio_v4/developer/toolchains/gnu_arm/4.9_2015q3/bin/../lib/gcc/arm-none-eabi/4.9.3/armv7e-m/fpu/libgcc.a(_arm_truncdfsf2.o)
 .ARM.attributes
                0x00000bfd       0x34 /home/sarang/SimplicityStudio_v4/developer/toolchains/gnu_arm/4.9_2015q3/bin/../lib/gcc/arm-none-eabi/4.9.3/../../../../arm-none-eabi/lib/armv7e-m/fpu/libc.a(lib_a-exit.o)
 .ARM.attributes
                0x00000c31       0x34 /home/sarang/SimplicityStudio_v4/developer/toolchains/gnu_arm/4.9_2015q3/bin/../lib/gcc/arm-none-eabi/4.9.3/../../../../arm-none-eabi/lib/armv7e-m/fpu/libc.a(lib_a-impure.o)
 .ARM.attributes
                0x00000c65       0x34 /home/sarang/SimplicityStudio_v4/developer/toolchains/gnu_arm/4.9_2015q3/bin/../lib/gcc/arm-none-eabi/4.9.3/../../../../arm-none-eabi/lib/armv7e-m/fpu/libc.a(lib_a-init.o)
 .ARM.attributes
                0x00000c99       0x34 /home/sarang/SimplicityStudio_v4/developer/toolchains/gnu_arm/4.9_2015q3/bin/../lib/gcc/arm-none-eabi/4.9.3/../../../../arm-none-eabi/lib/armv7e-m/fpu/libc.a(lib_a-memcmp.o)
 .ARM.attributes
                0x00000ccd       0x20 /home/sarang/SimplicityStudio_v4/developer/toolchains/gnu_arm/4.9_2015q3/bin/../lib/gcc/arm-none-eabi/4.9.3/../../../../arm-none-eabi/lib/armv7e-m/fpu/libc.a(lib_a-memcpy.o)
 .ARM.attributes
                0x00000ced       0x34 /home/sarang/SimplicityStudio_v4/developer/toolchains/gnu_arm/4.9_2015q3/bin/../lib/gcc/arm-none-eabi/4.9.3/../../../../arm-none-eabi/lib/armv7e-m/fpu/libc.a(lib_a-memset.o)
 .ARM.attributes
                0x00000d21       0x34 /home/sarang/SimplicityStudio_v4/developer/toolchains/gnu_arm/4.9_2015q3/bin/../lib/gcc/arm-none-eabi/4.9.3/../../../../arm-none-eabi/lib/armv7e-m/fpu/libc.a(lib_a-__call_atexit.o)
 .ARM.attributes
                0x00000d55       0x34 /home/sarang/SimplicityStudio_v4/developer/toolchains/gnu_arm/4.9_2015q3/bin/../lib/gcc/arm-none-eabi/4.9.3/../../../../arm-none-eabi/lib/armv7e-m/fpu/libc.a(lib_a-atexit.o)
 .ARM.attributes
                0x00000d89       0x34 /home/sarang/SimplicityStudio_v4/developer/toolchains/gnu_arm/4.9_2015q3/bin/../lib/gcc/arm-none-eabi/4.9.3/../../../../arm-none-eabi/lib/armv7e-m/fpu/libc.a(lib_a-fini.o)
 .ARM.attributes
                0x00000dbd       0x34 /home/sarang/SimplicityStudio_v4/developer/toolchains/gnu_arm/4.9_2015q3/bin/../lib/gcc/arm-none-eabi/4.9.3/../../../../arm-none-eabi/lib/armv7e-m/fpu/libc.a(lib_a-__atexit.o)
 .ARM.attributes
                0x00000df1       0x34 /home/sarang/SimplicityStudio_v4/developer/toolchains/gnu_arm/4.9_2015q3/bin/../lib/gcc/arm-none-eabi/4.9.3/../../../../arm-none-eabi/lib/armv7e-m/fpu/libnosys.a(_exit.o)
 .ARM.attributes
                0x00000e25       0x34 /home/sarang/SimplicityStudio_v4/developer/toolchains/gnu_arm/4.9_2015q3/bin/../lib/gcc/arm-none-eabi/4.9.3/armv7e-m/fpu/crtend.o
 .ARM.attributes
                0x00000e59       0x22 /home/sarang/SimplicityStudio_v4/developer/toolchains/gnu_arm/4.9_2015q3/bin/../lib/gcc/arm-none-eabi/4.9.3/armv7e-m/fpu/crtn.o

.comment        0x00000000       0xde
 .comment       0x00000000       0x70 ./application_properties.o
                                 0x71 (size before relaxing)
 .comment       0x00000000       0x71 ./gatt_db.o
 .comment       0x00000000       0x71 ./main.o
 .comment       0x00000000       0x71 ./bgapi/dmadrv.o
 .comment       0x00000000       0x71 ./device/EFR32_B_1_1_B/gcc/startup_efr32bg1b.o
 .comment       0x00000000       0x71 ./emlib/em_cmu.o
 .comment       0x00000000       0x71 ./emlib/em_gpio.o
 .comment       0x00000000       0x71 ./emlib/em_i2c.o
 .comment       0x00000000       0x71 ./emlib/em_letimer.o
 .comment       0x00000000       0x71 ./emlib/em_rtcc.o
 .comment       0x00000000       0x71 ./emlib/em_system.o
 .comment       0x00000000       0x71 ./emlib/em_timer.o
 .comment       0x00000000       0x71 ./emlib/em_usart.o
 .comment       0x00000000       0x71 ./kit_flashpwr/BRD4302A/mx25flash_spi.o
 .comment       0x00000000       0x71 ./src/InitDevice.o
 .comment       0x00000000       0x71 ./src/adc.o
 .comment       0x00000000       0x71 ./src/bma280.o
 .comment       0x00000000       0x71 ./src/cmu.o
 .comment       0x00000000       0x71 ./src/gpio.o
 .comment       0x00000000       0x71 ./src/i2c.o
 .comment       0x00000000       0x71 ./src/letimer.o
 .comment       0x00000000       0x71 ./src/si7201.o
 .comment       0x00000000       0x71 ./src/sleep_modes.o
 .comment       0x00000000       0x71 ./src/spi.o
 .comment       0x00000000       0x71 ./src/timer.o
 .comment       0x00000070       0x6e /home/sarang/SimplicityStudio_v4/developer/sdks/gecko_sdk_suite/v1.1//protocol/bluetooth_2.4/lib/EFR32BG1B/GCC/bgapi.a(gecko_bgapi_hardware.c.obj)
                                 0x6f (size before relaxing)
 .comment       0x00000000       0x6f /home/sarang/SimplicityStudio_v4/developer/sdks/gecko_sdk_suite/v1.1//protocol/bluetooth_2.4/lib/EFR32BG1B/GCC/bgapi.a(gecko_bgapi_test.c.obj)
 .comment       0x00000000       0x6f /home/sarang/SimplicityStudio_v4/developer/sdks/gecko_sdk_suite/v1.1//protocol/bluetooth_2.4/lib/EFR32BG1B/GCC/bgapi.a(gecko_bgapi_dfu.c.obj)
 .comment       0x00000000       0x6f /home/sarang/SimplicityStudio_v4/developer/sdks/gecko_sdk_suite/v1.1//protocol/bluetooth_2.4/lib/EFR32BG1B/GCC/bgapi.a(gecko_bgapi_gap.c.obj)
 .comment       0x00000000       0x6f /home/sarang/SimplicityStudio_v4/developer/sdks/gecko_sdk_suite/v1.1//protocol/bluetooth_2.4/lib/EFR32BG1B/GCC/bgapi.a(gecko_bgapi_gatt.c.obj)
 .comment       0x00000000       0x6f /home/sarang/SimplicityStudio_v4/developer/sdks/gecko_sdk_suite/v1.1//protocol/bluetooth_2.4/lib/EFR32BG1B/GCC/bgapi.a(gecko_bgapi_gatt_server.c.obj)
 .comment       0x00000000       0x6f /home/sarang/SimplicityStudio_v4/developer/sdks/gecko_sdk_suite/v1.1//protocol/bluetooth_2.4/lib/EFR32BG1B/GCC/bgapi.a(gecko_bgapi_flash.c.obj)
 .comment       0x00000000       0x6f /home/sarang/SimplicityStudio_v4/developer/sdks/gecko_sdk_suite/v1.1//protocol/bluetooth_2.4/lib/EFR32BG1B/GCC/bgapi.a(gecko_bgapi_sm.c.obj)
 .comment       0x00000000       0x6f /home/sarang/SimplicityStudio_v4/developer/sdks/gecko_sdk_suite/v1.1//protocol/bluetooth_2.4/lib/EFR32BG1B/GCC/bgapi.a(gecko_bgapi_system.c.obj)
 .comment       0x00000000       0x6f /home/sarang/SimplicityStudio_v4/developer/sdks/gecko_sdk_suite/v1.1//protocol/bluetooth_2.4/lib/EFR32BG1B/GCC/bgapi.a(gecko_bgapi_endpoint.c.obj)
 .comment       0x00000000       0x6f /home/sarang/SimplicityStudio_v4/developer/sdks/gecko_sdk_suite/v1.1//protocol/bluetooth_2.4/lib/EFR32BG1B/GCC/bgapi.a(gecko_bgapi_le_connection.c.obj)
 .comment       0x00000000       0x6f /home/sarang/SimplicityStudio_v4/developer/sdks/gecko_sdk_suite/v1.1//protocol/bluetooth_2.4/lib/EFR32BG1B/GCC/bgapi.a(bgapi_hardware.c.obj)
 .comment       0x00000000       0x6f /home/sarang/SimplicityStudio_v4/developer/sdks/gecko_sdk_suite/v1.1//protocol/bluetooth_2.4/lib/EFR32BG1B/GCC/bgapi.a(bgapi_test_lib.c.obj)
 .comment       0x00000000       0x6f /home/sarang/SimplicityStudio_v4/developer/sdks/gecko_sdk_suite/v1.1//protocol/bluetooth_2.4/lib/EFR32BG1B/GCC/bgapi.a(bgapi_dfu.c.obj)
 .comment       0x00000000       0x6f /home/sarang/SimplicityStudio_v4/developer/sdks/gecko_sdk_suite/v1.1//protocol/bluetooth_2.4/lib/EFR32BG1B/GCC/bgapi.a(bgapi_gap.c.obj)
 .comment       0x00000000       0x6f /home/sarang/SimplicityStudio_v4/developer/sdks/gecko_sdk_suite/v1.1//protocol/bluetooth_2.4/lib/EFR32BG1B/GCC/bgapi.a(bgapi_gatt_lib.c.obj)
 .comment       0x00000000       0x6f /home/sarang/SimplicityStudio_v4/developer/sdks/gecko_sdk_suite/v1.1//protocol/bluetooth_2.4/lib/EFR32BG1B/GCC/bgapi.a(bgapi_ps.c.obj)
 .comment       0x00000000       0x6f /home/sarang/SimplicityStudio_v4/developer/sdks/gecko_sdk_suite/v1.1//protocol/bluetooth_2.4/lib/EFR32BG1B/GCC/bgapi.a(bgapi_sm.c.obj)
 .comment       0x00000000       0x6f /home/sarang/SimplicityStudio_v4/developer/sdks/gecko_sdk_suite/v1.1//protocol/bluetooth_2.4/lib/EFR32BG1B/GCC/bgapi.a(bgapi_system.c.obj)
 .comment       0x00000000       0x6f /home/sarang/SimplicityStudio_v4/developer/sdks/gecko_sdk_suite/v1.1//protocol/bluetooth_2.4/lib/EFR32BG1B/GCC/bgapi.a(bgapi_endpoint.c.obj)
 .comment       0x00000000       0x6f /home/sarang/SimplicityStudio_v4/developer/sdks/gecko_sdk_suite/v1.1//protocol/bluetooth_2.4/lib/EFR32BG1B/GCC/bgapi.a(bgapi_le_connection.c.obj)
 .comment       0x00000000       0x6f /home/sarang/SimplicityStudio_v4/developer/sdks/gecko_sdk_suite/v1.1//protocol/bluetooth_2.4/lib/EFR32BG1B/GCC/bgapi.a(gatt_client.c.obj)
 .comment       0x00000000       0x6f /home/sarang/SimplicityStudio_v4/developer/sdks/gecko_sdk_suite/v1.1//protocol/bluetooth_2.4/lib/EFR32BG1B/GCC/bgapi.a(ubt_gatt_client.c.obj)
 .comment       0x00000000       0x6f /home/sarang/SimplicityStudio_v4/developer/sdks/gecko_sdk_suite/v1.1//protocol/bluetooth_2.4/lib/EFR32BG1B/GCC/bgapi.a(att_client.c.obj)

.debug_info     0x00000000    0x12d40
 .debug_info    0x00000000      0x168 ./application_properties.o
 .debug_info    0x00000168      0x58e ./gatt_db.o
 .debug_info    0x000006f6     0x4ce9 ./main.o
 .debug_info    0x000053df     0x13f4 ./bgapi/dmadrv.o
 .debug_info    0x000067d3      0x1b4 ./device/EFR32_B_1_1_B/gcc/startup_efr32bg1b.o
 .debug_info    0x00006987     0x1b9c ./emlib/em_cmu.o
 .debug_info    0x00008523      0xa05 ./emlib/em_gpio.o
 .debug_info    0x00008f28      0x8d2 ./emlib/em_i2c.o
 .debug_info    0x000097fa      0x54d ./emlib/em_letimer.o
 .debug_info    0x00009d47      0x6b8 ./emlib/em_rtcc.o
 .debug_info    0x0000a3ff      0x276 ./emlib/em_system.o
 .debug_info    0x0000a675      0x94f ./emlib/em_timer.o
 .debug_info    0x0000afc4      0xf55 ./emlib/em_usart.o
 .debug_info    0x0000bf19     0x15b7 ./kit_flashpwr/BRD4302A/mx25flash_spi.o
 .debug_info    0x0000d4d0     0x185d ./src/InitDevice.o
 .debug_info    0x0000ed2d      0x620 ./src/adc.o
 .debug_info    0x0000f34d      0x45a ./src/bma280.o
 .debug_info    0x0000f7a7      0x7e9 ./src/cmu.o
 .debug_info    0x0000ff90      0x169 ./src/gpio.o
 .debug_info    0x000100f9      0x8e3 ./src/i2c.o
 .debug_info    0x000109dc      0xa6f ./src/letimer.o
 .debug_info    0x0001144b      0x258 ./src/si7201.o
 .debug_info    0x000116a3      0x3c2 ./src/sleep_modes.o
 .debug_info    0x00011a65      0x77c ./src/spi.o
 .debug_info    0x000121e1      0xb5f ./src/timer.o

.debug_abbrev   0x00000000     0x270c
 .debug_abbrev  0x00000000       0x97 ./application_properties.o
 .debug_abbrev  0x00000097       0xbd ./gatt_db.o
 .debug_abbrev  0x00000154      0x2fd ./main.o
 .debug_abbrev  0x00000451      0x25f ./bgapi/dmadrv.o
 .debug_abbrev  0x000006b0       0xdb ./device/EFR32_B_1_1_B/gcc/startup_efr32bg1b.o
 .debug_abbrev  0x0000078b      0x2de ./emlib/em_cmu.o
 .debug_abbrev  0x00000a69      0x1da ./emlib/em_gpio.o
 .debug_abbrev  0x00000c43      0x221 ./emlib/em_i2c.o
 .debug_abbrev  0x00000e64      0x1b4 ./emlib/em_letimer.o
 .debug_abbrev  0x00001018      0x177 ./emlib/em_rtcc.o
 .debug_abbrev  0x0000118f      0x109 ./emlib/em_system.o
 .debug_abbrev  0x00001298      0x174 ./emlib/em_timer.o
 .debug_abbrev  0x0000140c      0x1d9 ./emlib/em_usart.o
 .debug_abbrev  0x000015e5      0x29a ./kit_flashpwr/BRD4302A/mx25flash_spi.o
 .debug_abbrev  0x0000187f      0x1dd ./src/InitDevice.o
 .debug_abbrev  0x00001a5c      0x165 ./src/adc.o
 .debug_abbrev  0x00001bc1      0x140 ./src/bma280.o
 .debug_abbrev  0x00001d01       0xf2 ./src/cmu.o
 .debug_abbrev  0x00001df3       0x90 ./src/gpio.o
 .debug_abbrev  0x00001e83      0x203 ./src/i2c.o
 .debug_abbrev  0x00002086      0x178 ./src/letimer.o
 .debug_abbrev  0x000021fe       0xe0 ./src/si7201.o
 .debug_abbrev  0x000022de      0x146 ./src/sleep_modes.o
 .debug_abbrev  0x00002424      0x146 ./src/spi.o
 .debug_abbrev  0x0000256a      0x1a2 ./src/timer.o

.debug_aranges  0x00000000      0xad0
 .debug_aranges
                0x00000000       0x18 ./application_properties.o
 .debug_aranges
                0x00000018       0x18 ./gatt_db.o
 .debug_aranges
                0x00000030       0xa8 ./main.o
 .debug_aranges
                0x000000d8       0xa0 ./bgapi/dmadrv.o
 .debug_aranges
                0x00000178       0x28 ./device/EFR32_B_1_1_B/gcc/startup_efr32bg1b.o
 .debug_aranges
                0x000001a0      0x1a8 ./emlib/em_cmu.o
 .debug_aranges
                0x00000348       0x88 ./emlib/em_gpio.o
 .debug_aranges
                0x000003d0       0x70 ./emlib/em_i2c.o
 .debug_aranges
                0x00000440       0x50 ./emlib/em_letimer.o
 .debug_aranges
                0x00000490       0x50 ./emlib/em_rtcc.o
 .debug_aranges
                0x000004e0       0x28 ./emlib/em_system.o
 .debug_aranges
                0x00000508       0x58 ./emlib/em_timer.o
 .debug_aranges
                0x00000560       0xb8 ./emlib/em_usart.o
 .debug_aranges
                0x00000618      0x1c0 ./kit_flashpwr/BRD4302A/mx25flash_spi.o
 .debug_aranges
                0x000007d8       0xe8 ./src/InitDevice.o
 .debug_aranges
                0x000008c0       0x38 ./src/adc.o
 .debug_aranges
                0x000008f8       0x30 ./src/bma280.o
 .debug_aranges
                0x00000928       0x20 ./src/cmu.o
 .debug_aranges
                0x00000948       0x20 ./src/gpio.o
 .debug_aranges
                0x00000968       0x68 ./src/i2c.o
 .debug_aranges
                0x000009d0       0x28 ./src/letimer.o
 .debug_aranges
                0x000009f8       0x28 ./src/si7201.o
 .debug_aranges
                0x00000a20       0x38 ./src/sleep_modes.o
 .debug_aranges
                0x00000a58       0x30 ./src/spi.o
 .debug_aranges
                0x00000a88       0x48 ./src/timer.o

.debug_line     0x00000000     0x6a60
 .debug_line    0x00000000      0x1a1 ./application_properties.o
 .debug_line    0x000001a1      0x19d ./gatt_db.o
 .debug_line    0x0000033e      0x842 ./main.o
 .debug_line    0x00000b80      0x5ae ./bgapi/dmadrv.o
 .debug_line    0x0000112e      0x16a ./device/EFR32_B_1_1_B/gcc/startup_efr32bg1b.o
 .debug_line    0x00001298      0xb1d ./emlib/em_cmu.o
 .debug_line    0x00001db5      0x4cd ./emlib/em_gpio.o
 .debug_line    0x00002282      0x461 ./emlib/em_i2c.o
 .debug_line    0x000026e3      0x3ce ./emlib/em_letimer.o
 .debug_line    0x00002ab1      0x388 ./emlib/em_rtcc.o
 .debug_line    0x00002e39      0x2bc ./emlib/em_system.o
 .debug_line    0x000030f5      0x565 ./emlib/em_timer.o
 .debug_line    0x0000365a      0x588 ./emlib/em_usart.o
 .debug_line    0x00003be2      0xa79 ./kit_flashpwr/BRD4302A/mx25flash_spi.o
 .debug_line    0x0000465b      0x59e ./src/InitDevice.o
 .debug_line    0x00004bf9      0x33d ./src/adc.o
 .debug_line    0x00004f36      0x2c5 ./src/bma280.o
 .debug_line    0x000051fb      0x2e9 ./src/cmu.o
 .debug_line    0x000054e4      0x20a ./src/gpio.o
 .debug_line    0x000056ee      0x49d ./src/i2c.o
 .debug_line    0x00005b8b      0x33a ./src/letimer.o
 .debug_line    0x00005ec5      0x275 ./src/si7201.o
 .debug_line    0x0000613a      0x2cf ./src/sleep_modes.o
 .debug_line    0x00006409      0x319 ./src/spi.o
 .debug_line    0x00006722      0x33e ./src/timer.o

.debug_str      0x00000000     0xa2df
 .debug_str     0x00000000      0x258 ./application_properties.o
                                0x2af (size before relaxing)
 .debug_str     0x00000258      0x564 ./gatt_db.o
                                0x75f (size before relaxing)
 .debug_str     0x000007bc     0x4d71 ./main.o
                               0x5344 (size before relaxing)
 .debug_str     0x0000552d      0xe37 ./bgapi/dmadrv.o
                               0x10be (size before relaxing)
 .debug_str     0x00006364       0x90 ./device/EFR32_B_1_1_B/gcc/startup_efr32bg1b.o
                                0x295 (size before relaxing)
 .debug_str     0x000063f4     0x10af ./emlib/em_cmu.o
                               0x13dc (size before relaxing)
 .debug_str     0x000074a3      0x443 ./emlib/em_gpio.o
                                0x82d (size before relaxing)
 .debug_str     0x000078e6      0x310 ./emlib/em_i2c.o
                                0x7e5 (size before relaxing)
 .debug_str     0x00007bf6      0x1b3 ./emlib/em_letimer.o
                                0x474 (size before relaxing)
 .debug_str     0x00007da9      0x57a ./emlib/em_rtcc.o
                                0x7f5 (size before relaxing)
 .debug_str     0x00008323       0xd6 ./emlib/em_system.o
                                0x2fa (size before relaxing)
 .debug_str     0x000083f9      0x6be ./emlib/em_timer.o
                                0x9d0 (size before relaxing)
 .debug_str     0x00008ab7      0x8ec ./emlib/em_usart.o
                                0xdfb (size before relaxing)
 .debug_str     0x000093a3      0x3e6 ./kit_flashpwr/BRD4302A/mx25flash_spi.o
                                0xe96 (size before relaxing)
 .debug_str     0x00009789      0x679 ./src/InitDevice.o
                               0x162b (size before relaxing)
 .debug_str     0x00009e02      0x226 ./src/adc.o
                                0x5cd (size before relaxing)
 .debug_str     0x0000a028       0x28 ./src/bma280.o
                                0x653 (size before relaxing)
 .debug_str     0x0000a050       0x16 ./src/cmu.o
                                0x9a2 (size before relaxing)
 .debug_str     0x0000a066       0x18 ./src/gpio.o
                                0x428 (size before relaxing)
 .debug_str     0x0000a07e       0x6e ./src/i2c.o
                                0x869 (size before relaxing)
 .debug_str     0x0000a0ec       0x4f ./src/letimer.o
                                0x939 (size before relaxing)
 .debug_str     0x0000a13b       0x30 ./src/si7201.o
                                0x2c6 (size before relaxing)
 .debug_str     0x0000a16b       0x99 ./src/sleep_modes.o
                                0x307 (size before relaxing)
 .debug_str     0x0000a204       0x78 ./src/spi.o
                                0x9f8 (size before relaxing)
 .debug_str     0x0000a27c       0x63 ./src/timer.o
                                0xa99 (size before relaxing)

.debug_loc      0x00000000     0x53f8
 .debug_loc     0x00000000      0x57c ./main.o
 .debug_loc     0x0000057c      0x568 ./bgapi/dmadrv.o
 .debug_loc     0x00000ae4       0x64 ./device/EFR32_B_1_1_B/gcc/startup_efr32bg1b.o
 .debug_loc     0x00000b48     0x1000 ./emlib/em_cmu.o
 .debug_loc     0x00001b48      0x4b4 ./emlib/em_gpio.o
 .debug_loc     0x00001ffc      0x3ac ./emlib/em_i2c.o
 .debug_loc     0x000023a8      0x278 ./emlib/em_letimer.o
 .debug_loc     0x00002620      0x23c ./emlib/em_rtcc.o
 .debug_loc     0x0000285c       0xb8 ./emlib/em_system.o
 .debug_loc     0x00002914      0x2b0 ./emlib/em_timer.o
 .debug_loc     0x00002bc4      0x6d2 ./emlib/em_usart.o
 .debug_loc     0x00003296      0xeec ./kit_flashpwr/BRD4302A/mx25flash_spi.o
 .debug_loc     0x00004182      0x71a ./src/InitDevice.o
 .debug_loc     0x0000489c      0x140 ./src/adc.o
 .debug_loc     0x000049dc       0xf0 ./src/bma280.o
 .debug_loc     0x00004acc       0x2c ./src/cmu.o
 .debug_loc     0x00004af8       0x2c ./src/gpio.o
 .debug_loc     0x00004b24      0x32c ./src/i2c.o
 .debug_loc     0x00004e50       0xac ./src/letimer.o
 .debug_loc     0x00004efc       0xb8 ./src/si7201.o
 .debug_loc     0x00004fb4      0x128 ./src/sleep_modes.o
 .debug_loc     0x000050dc      0x10a ./src/spi.o
 .debug_loc     0x000051e6      0x212 ./src/timer.o

.debug_ranges   0x00000000      0x930
 .debug_ranges  0x00000000       0x98 ./main.o
 .debug_ranges  0x00000098       0x90 ./bgapi/dmadrv.o
 .debug_ranges  0x00000128       0x18 ./device/EFR32_B_1_1_B/gcc/startup_efr32bg1b.o
 .debug_ranges  0x00000140      0x198 ./emlib/em_cmu.o
 .debug_ranges  0x000002d8       0x78 ./emlib/em_gpio.o
 .debug_ranges  0x00000350       0x60 ./emlib/em_i2c.o
 .debug_ranges  0x000003b0       0x40 ./emlib/em_letimer.o
 .debug_ranges  0x000003f0       0x40 ./emlib/em_rtcc.o
 .debug_ranges  0x00000430       0x18 ./emlib/em_system.o
 .debug_ranges  0x00000448       0x48 ./emlib/em_timer.o
 .debug_ranges  0x00000490       0xa8 ./emlib/em_usart.o
 .debug_ranges  0x00000538      0x1b0 ./kit_flashpwr/BRD4302A/mx25flash_spi.o
 .debug_ranges  0x000006e8       0xd8 ./src/InitDevice.o
 .debug_ranges  0x000007c0       0x28 ./src/adc.o
 .debug_ranges  0x000007e8       0x20 ./src/bma280.o
 .debug_ranges  0x00000808       0x10 ./src/cmu.o
 .debug_ranges  0x00000818       0x10 ./src/gpio.o
 .debug_ranges  0x00000828       0x58 ./src/i2c.o
 .debug_ranges  0x00000880       0x18 ./src/letimer.o
 .debug_ranges  0x00000898       0x18 ./src/si7201.o
 .debug_ranges  0x000008b0       0x28 ./src/sleep_modes.o
 .debug_ranges  0x000008d8       0x20 ./src/spi.o
 .debug_ranges  0x000008f8       0x38 ./src/timer.o

.debug_frame    0x00000000     0x29b4
 .debug_frame   0x00000000      0x29c ./main.o
 .debug_frame   0x0000029c      0x280 ./bgapi/dmadrv.o
 .debug_frame   0x0000051c       0x48 ./device/EFR32_B_1_1_B/gcc/startup_efr32bg1b.o
 .debug_frame   0x00000564      0x74c ./emlib/em_cmu.o
 .debug_frame   0x00000cb0      0x224 ./emlib/em_gpio.o
 .debug_frame   0x00000ed4      0x1b0 ./emlib/em_i2c.o
 .debug_frame   0x00001084      0x124 ./emlib/em_letimer.o
 .debug_frame   0x000011a8      0x110 ./emlib/em_rtcc.o
 .debug_frame   0x000012b8       0x60 ./emlib/em_system.o
 .debug_frame   0x00001318      0x140 ./emlib/em_timer.o
 .debug_frame   0x00001458      0x310 ./emlib/em_usart.o
 .debug_frame   0x00001768      0x74c ./kit_flashpwr/BRD4302A/mx25flash_spi.o
 .debug_frame   0x00001eb4      0x370 ./src/InitDevice.o
 .debug_frame   0x00002224       0xa4 ./src/adc.o
 .debug_frame   0x000022c8       0x84 ./src/bma280.o
 .debug_frame   0x0000234c       0x2c ./src/cmu.o
 .debug_frame   0x00002378       0x2c ./src/gpio.o
 .debug_frame   0x000023a4      0x184 ./src/i2c.o
 .debug_frame   0x00002528       0x5c ./src/letimer.o
 .debug_frame   0x00002584       0x60 ./src/si7201.o
 .debug_frame   0x000025e4       0x9c ./src/sleep_modes.o
 .debug_frame   0x00002680       0x84 ./src/spi.o
 .debug_frame   0x00002704       0xf8 ./src/timer.o
 .debug_frame   0x000027fc       0x28 /home/sarang/SimplicityStudio_v4/developer/toolchains/gnu_arm/4.9_2015q3/bin/../lib/gcc/arm-none-eabi/4.9.3/../../../../arm-none-eabi/lib/armv7e-m/fpu/libc.a(lib_a-exit.o)
 .debug_frame   0x00002824       0x2c /home/sarang/SimplicityStudio_v4/developer/toolchains/gnu_arm/4.9_2015q3/bin/../lib/gcc/arm-none-eabi/4.9.3/../../../../arm-none-eabi/lib/armv7e-m/fpu/libc.a(lib_a-init.o)
 .debug_frame   0x00002850       0x38 /home/sarang/SimplicityStudio_v4/developer/toolchains/gnu_arm/4.9_2015q3/bin/../lib/gcc/arm-none-eabi/4.9.3/../../../../arm-none-eabi/lib/armv7e-m/fpu/libc.a(lib_a-memcmp.o)
 .debug_frame   0x00002888       0x34 /home/sarang/SimplicityStudio_v4/developer/toolchains/gnu_arm/4.9_2015q3/bin/../lib/gcc/arm-none-eabi/4.9.3/../../../../arm-none-eabi/lib/armv7e-m/fpu/libc.a(lib_a-memset.o)
 .debug_frame   0x000028bc       0x50 /home/sarang/SimplicityStudio_v4/developer/toolchains/gnu_arm/4.9_2015q3/bin/../lib/gcc/arm-none-eabi/4.9.3/../../../../arm-none-eabi/lib/armv7e-m/fpu/libc.a(lib_a-__call_atexit.o)
 .debug_frame   0x0000290c       0x20 /home/sarang/SimplicityStudio_v4/developer/toolchains/gnu_arm/4.9_2015q3/bin/../lib/gcc/arm-none-eabi/4.9.3/../../../../arm-none-eabi/lib/armv7e-m/fpu/libc.a(lib_a-atexit.o)
 .debug_frame   0x0000292c       0x34 /home/sarang/SimplicityStudio_v4/developer/toolchains/gnu_arm/4.9_2015q3/bin/../lib/gcc/arm-none-eabi/4.9.3/../../../../arm-none-eabi/lib/armv7e-m/fpu/libc.a(lib_a-fini.o)
 .debug_frame   0x00002960       0x34 /home/sarang/SimplicityStudio_v4/developer/toolchains/gnu_arm/4.9_2015q3/bin/../lib/gcc/arm-none-eabi/4.9.3/../../../../arm-none-eabi/lib/armv7e-m/fpu/libc.a(lib_a-__atexit.o)
 .debug_frame   0x00002994       0x20 /home/sarang/SimplicityStudio_v4/developer/toolchains/gnu_arm/4.9_2015q3/bin/../lib/gcc/arm-none-eabi/4.9.3/../../../../arm-none-eabi/lib/armv7e-m/fpu/libnosys.a(_exit.o)