Archive member included because of file (symbol)

/home/sarang/SimplicityStudio_v4/developer/sdks/gecko_sdk_suite/v1.1//protocol/bluetooth_2.4/lib/EFR32BG1B/GCC/bgapi.a(gecko_bgapi_hardware.c.obj)
                              ./main.o (gecko_bgapi_class_hardware_init)
/home/sarang/SimplicityStudio_v4/developer/sdks/gecko_sdk_suite/v1.1//protocol/bluetooth_2.4/lib/EFR32BG1B/GCC/bgapi.a(gecko_bgapi_test.c.obj)
                              ./main.o (gecko_bgapi_class_test_init)
/home/sarang/SimplicityStudio_v4/developer/sdks/gecko_sdk_suite/v1.1//protocol/bluetooth_2.4/lib/EFR32BG1B/GCC/bgapi.a(gecko_bgapi_dfu.c.obj)
                              ./main.o (gecko_bgapi_class_dfu_init)
/home/sarang/SimplicityStudio_v4/developer/sdks/gecko_sdk_suite/v1.1//protocol/bluetooth_2.4/lib/EFR32BG1B/GCC/bgapi.a(gecko_bgapi_gap.c.obj)
                              ./main.o (gecko_bgapi_class_le_gap_init)
/home/sarang/SimplicityStudio_v4/developer/sdks/gecko_sdk_suite/v1.1//protocol/bluetooth_2.4/lib/EFR32BG1B/GCC/bgapi.a(gecko_bgapi_gatt.c.obj)
                              ./main.o (gecko_bgapi_class_gatt_init)
/home/sarang/SimplicityStudio_v4/developer/sdks/gecko_sdk_suite/v1.1//protocol/bluetooth_2.4/lib/EFR32BG1B/GCC/bgapi.a(gecko_bgapi_gatt_server.c.obj)
                              ./main.o (gecko_bgapi_class_gatt_server_init)
/home/sarang/SimplicityStudio_v4/developer/sdks/gecko_sdk_suite/v1.1//protocol/bluetooth_2.4/lib/EFR32BG1B/GCC/bgapi.a(gecko_bgapi_flash.c.obj)
                              ./main.o (gecko_bgapi_class_flash_init)
/home/sarang/SimplicityStudio_v4/developer/sdks/gecko_sdk_suite/v1.1//protocol/bluetooth_2.4/lib/EFR32BG1B/GCC/bgapi.a(gecko_bgapi_sm.c.obj)
                              ./main.o (gecko_bgapi_class_sm_init)
/home/sarang/SimplicityStudio_v4/developer/sdks/gecko_sdk_suite/v1.1//protocol/bluetooth_2.4/lib/EFR32BG1B/GCC/bgapi.a(gecko_bgapi_system.c.obj)
                              ./main.o (gecko_bgapi_class_system_init)
/home/sarang/SimplicityStudio_v4/developer/sdks/gecko_sdk_suite/v1.1//protocol/bluetooth_2.4/lib/EFR32BG1B/GCC/bgapi.a(gecko_bgapi_endpoint.c.obj)
                              ./main.o (gecko_bgapi_class_endpoint_init)
/home/sarang/SimplicityStudio_v4/developer/sdks/gecko_sdk_suite/v1.1//protocol/bluetooth_2.4/lib/EFR32BG1B/GCC/bgapi.a(gecko_bgapi_le_connection.c.obj)
                              ./main.o (gecko_bgapi_class_le_connection_init)
/home/sarang/SimplicityStudio_v4/developer/sdks/gecko_sdk_suite/v1.1//protocol/bluetooth_2.4/lib/EFR32BG1B/GCC/bgapi.a(bgapi_hardware.c.obj)
                              /home/sarang/SimplicityStudio_v4/developer/sdks/gecko_sdk_suite/v1.1//protocol/bluetooth_2.4/lib/EFR32BG1B/GCC/bgapi.a(gecko_bgapi_hardware.c.obj) (lib_hardware_handler_init)
/home/sarang/SimplicityStudio_v4/developer/sdks/gecko_sdk_suite/v1.1//protocol/bluetooth_2.4/lib/EFR32BG1B/GCC/bgapi.a(bgapi_test_lib.c.obj)
                              /home/sarang/SimplicityStudio_v4/developer/sdks/gecko_sdk_suite/v1.1//protocol/bluetooth_2.4/lib/EFR32BG1B/GCC/bgapi.a(gecko_bgapi_test.c.obj) (lib_test_handler_init)
/home/sarang/SimplicityStudio_v4/developer/sdks/gecko_sdk_suite/v1.1//protocol/bluetooth_2.4/lib/EFR32BG1B/GCC/bgapi.a(bgapi_dfu.c.obj)
                              /home/sarang/SimplicityStudio_v4/developer/sdks/gecko_sdk_suite/v1.1//protocol/bluetooth_2.4/lib/EFR32BG1B/GCC/bgapi.a(gecko_bgapi_dfu.c.obj) (lib_dfu_handler_init)
/home/sarang/SimplicityStudio_v4/developer/sdks/gecko_sdk_suite/v1.1//protocol/bluetooth_2.4/lib/EFR32BG1B/GCC/bgapi.a(bgapi_gap.c.obj)
                              /home/sarang/SimplicityStudio_v4/developer/sdks/gecko_sdk_suite/v1.1//protocol/bluetooth_2.4/lib/EFR32BG1B/GCC/bgapi.a(gecko_bgapi_gap.c.obj) (lib_le_gap_handler_init)
/home/sarang/SimplicityStudio_v4/developer/sdks/gecko_sdk_suite/v1.1//protocol/bluetooth_2.4/lib/EFR32BG1B/GCC/bgapi.a(bgapi_gatt_lib.c.obj)
                              /home/sarang/SimplicityStudio_v4/developer/sdks/gecko_sdk_suite/v1.1//protocol/bluetooth_2.4/lib/EFR32BG1B/GCC/bgapi.a(gecko_bgapi_gatt.c.obj) (lib_gatt_handler_init)
/home/sarang/SimplicityStudio_v4/developer/sdks/gecko_sdk_suite/v1.1//protocol/bluetooth_2.4/lib/EFR32BG1B/GCC/bgapi.a(bgapi_ps.c.obj)
                              /home/sarang/SimplicityStudio_v4/developer/sdks/gecko_sdk_suite/v1.1//protocol/bluetooth_2.4/lib/EFR32BG1B/GCC/bgapi.a(gecko_bgapi_flash.c.obj) (lib_flash_handler_init)
/home/sarang/SimplicityStudio_v4/developer/sdks/gecko_sdk_suite/v1.1//protocol/bluetooth_2.4/lib/EFR32BG1B/GCC/bgapi.a(bgapi_sm.c.obj)
                              /home/sarang/SimplicityStudio_v4/developer/sdks/gecko_sdk_suite/v1.1//protocol/bluetooth_2.4/lib/EFR32BG1B/GCC/bgapi.a(gecko_bgapi_sm.c.obj) (lib_sm_handler_init)
/home/sarang/SimplicityStudio_v4/developer/sdks/gecko_sdk_suite/v1.1//protocol/bluetooth_2.4/lib/EFR32BG1B/GCC/bgapi.a(bgapi_system.c.obj)
[...]
Memory Configuration

Name             Origin             Length             Attributes
FLASH_BOOTLOADER 0x00000000         0x00004000         xr
FLASH            0x00004000         0x0003b000         xr
RAM              0x20003000         0x00004bfc         xrw
*default*        0x00000000         0xffffffff

Linker script and memory map

LOAD /home/sarang/SimplicityStudio_v4/developer/toolchains/gnu_arm/4.9_2015q3/bin/../lib/gcc/arm-none-eabi/4.9.3/armv7e-m/fpu/crti.o
LOAD /home/sarang/SimplicityStudio_v4/developer/toolchains/gnu_arm/4.9_2015q3/bin/../lib/gcc/arm-none-eabi/4.9.3/armv7e-m/fpu/crtbegin.o
LOAD /home/sarang/SimplicityStudio_v4/developer/toolchains/gnu_arm/4.9_2015q3/bin/../lib/gcc/arm-none-eabi/4.9.3/../../../../arm-none-eabi/lib/armv7e-m/fpu/crt0.o
LOAD ./application_properties.o
LOAD ./gatt_db.o
LOAD ./main.o
LOAD ./bgapi/dmadrv.o
LOAD ./bgapi/em_adc.o
LOAD ./bgapi/em_ldma.o
LOAD ./bgapi/em_leuart.o
LOAD ./device/EFR32_B_1_1_B/gcc/startup_efr32bg1b.o
LOAD ./emlib/em_acmp.o
LOAD ./emlib/em_aes.o
LOAD ./emlib/em_assert.o
LOAD ./emlib/em_burtc.o
LOAD ./emlib/em_can.o
LOAD ./emlib/em_cmu.o
LOAD ./emlib/em_cryotimer.o
LOAD ./emlib/em_crypto.o
LOAD ./emlib/em_csen.o
LOAD ./emlib/em_dac.o
LOAD ./emlib/em_dbg.o
LOAD ./emlib/em_dma.o
LOAD ./emlib/em_ebi.o
LOAD ./emlib/em_gpcrc.o
LOAD ./emlib/em_gpio.o
LOAD ./emlib/em_i2c.o
LOAD ./emlib/em_idac.o
LOAD ./emlib/em_int.o
LOAD ./emlib/em_lcd.o
LOAD ./emlib/em_lesense.o
LOAD ./emlib/em_letimer.o
LOAD ./emlib/em_mpu.o
LOAD ./emlib/em_msc.o
LOAD ./emlib/em_opamp.o
LOAD ./emlib/em_pcnt.o
LOAD ./emlib/em_prs.o
LOAD ./emlib/em_qspi.o
LOAD ./emlib/em_rmu.o
LOAD ./emlib/em_rtc.o
LOAD ./emlib/em_rtcc.o
LOAD ./emlib/em_system.o
LOAD ./emlib/em_timer.o
LOAD ./emlib/em_usart.o
LOAD ./emlib/em_vcmp.o
LOAD ./emlib/em_vdac.o
LOAD ./emlib/em_wdog.o
LOAD ./kit_flashpwr/BRD4302A/mx25flash_spi.o
LOAD ./src/InitDevice.o
LOAD ./src/adc.o
LOAD ./src/bma280.o
LOAD ./src/cmu.o
LOAD ./src/gpio.o
LOAD ./src/letimer.o
LOAD ./src/sleep_modes.o
LOAD ./src/spi.o
LOAD ./src/timer.o
LOAD /home/sarang/SimplicityStudio_v4/developer/sdks/gecko_sdk_suite/v1.1//protocol/bluetooth_2.4/lib/EFR32BG1B/EABI/stack.a
LOAD /home/sarang/SimplicityStudio_v4/developer/sdks/gecko_sdk_suite/v1.1//protocol/bluetooth_2.4/lib/EFR32BG1B/EABI/binstack.o
LOAD /home/sarang/SimplicityStudio_v4/developer/sdks/gecko_sdk_suite/v1.1//protocol/bluetooth_2.4/lib/EFR32BG1B/EABI/binbootloader.o
LOAD /home/sarang/SimplicityStudio_v4/developer/sdks/gecko_sdk_suite/v1.1//protocol/bluetooth_2.4/lib/EFR32BG1B/GCC/bgapi.a
LOAD /home/sarang/SimplicityStudio_v4/developer/toolchains/gnu_arm/4.9_2015q3/bin/../lib/gcc/arm-none-eabi/4.9.3/../../../../arm-none-eabi/lib/armv7e-m/fpu/libm.a
START GROUP
LOAD /home/sarang/SimplicityStudio_v4/developer/toolchains/gnu_arm/4.9_2015q3/bin/../lib/gcc/arm-none-eabi/4.9.3/armv7e-m/fpu/libgcc.a
LOAD /home/sarang/SimplicityStudio_v4/developer/toolchains/gnu_arm/4.9_2015q3/bin/../lib/gcc/arm-none-eabi/4.9.3/../../../../arm-none-eabi/lib/armv7e-m/fpu/libc.a
LOAD /home/sarang/SimplicityStudio_v4/developer/toolchains/gnu_arm/4.9_2015q3/bin/../lib/gcc/arm-none-eabi/4.9.3/../../../../arm-none-eabi/lib/armv7e-m/fpu/libnosys.a
END GROUP
START GROUP
LOAD /home/sarang/SimplicityStudio_v4/developer/toolchains/gnu_arm/4.9_2015q3/bin/../lib/gcc/arm-none-eabi/4.9.3/armv7e-m/fpu/libgcc.a
LOAD /home/sarang/SimplicityStudio_v4/developer/toolchains/gnu_arm/4.9_2015q3/bin/../lib/gcc/arm-none-eabi/4.9.3/../../../../arm-none-eabi/lib/armv7e-m/fpu/libg.a
LOAD /home/sarang/SimplicityStudio_v4/developer/toolchains/gnu_arm/4.9_2015q3/bin/../lib/gcc/arm-none-eabi/4.9.3/../../../../arm-none-eabi/lib/armv7e-m/fpu/libc.a
END GROUP
LOAD /home/sarang/SimplicityStudio_v4/developer/toolchains/gnu_arm/4.9_2015q3/bin/../lib/gcc/arm-none-eabi/4.9.3/armv7e-m/fpu/crtend.o
LOAD /home/sarang/SimplicityStudio_v4/developer/toolchains/gnu_arm/4.9_2015q3/bin/../lib/gcc/arm-none-eabi/4.9.3/armv7e-m/fpu/crtn.o

.text_bootloader
                0x00000000     0x4000
 *(.binbootloader*)
 .binbootloader
                0x00000000      0x31c /home/sarang/SimplicityStudio_v4/developer/sdks/gecko_sdk_suite/v1.1//protocol/bluetooth_2.4/lib/EFR32BG1B/EABI/binbootloader.o
                0x00004000                . = ALIGN (0x4000)
 *fill*         0x0000031c     0x3ce4 

.text_stack_bin
                0x00004000    0x1cee3
 *(.binstack*)
 .binstack      0x00004000    0x1cee3 /home/sarang/SimplicityStudio_v4/developer/sdks/gecko_sdk_suite/v1.1//protocol/bluetooth_2.4/lib/EFR32BG1B/EABI/binstack.o

.text_signature
                0x00020ee3      0x11d
                0x00020f23                . = (. + 0x40)
 *fill*         0x00020ee3       0x40 
                0x00021000                . = ALIGN (0x800)
 *fill*         0x00020f23       0xdd 
                0x00021000                __text_start__ = .

.text_app       0x00021000     0x77d4
 *(.AAT)
 .AAT           0x00021000       0x80 ./main.o
                0x00021000                AppAddressTable
 *(.vectors)
 .vectors       0x00021080       0xc8 ./device/EFR32_B_1_1_B/gcc/startup_efr32bg1b.o
                0x00021080                __Vectors
                0x00021148                __Vectors_End = .
                0x000000c8                __Vectors_Size = (__Vectors_End - __Vectors)
                0x00021148                __end__ = .
 *(.gecko_configuration)
 *(.xo_configuration)
 *(.gatt_header)
 .gatt_header   0x00021148       0x34 ./gatt_db.o
                0x00021148                bg_gattdb_data
 *(.gatt_data)
 .gatt_data     0x0002117c      0x1d5 ./gatt_db.o
                0x0002117c                bg_gattdb_data_uuidtable_16_map
                0x00021198                bg_gattdb_data_uuidtable_128_map
                0x000211b8                bg_gattdb_data_attribute_field_18
                0x000211c0                bg_gattdb_data_attribute_field_17
                0x000211d8                bg_gattdb_data_attribute_field_16
                0x000211ec                bg_gattdb_data_attribute_field_15
                0x000211f4                bg_gattdb_data_attribute_field_14
                0x000211fc                bg_gattdb_data_attribute_field_13
                0x00021208                bg_gattdb_data_attribute_field_12
                0x00021210                bg_gattdb_data_attribute_field_11
                0x00021220                bg_gattdb_data_attribute_field_10
                0x00021228                bg_gattdb_data_attribute_field_9
                0x0002122c                bg_gattdb_data_attribute_field_8
                0x00021230                bg_gattdb_data_attribute_field_7
                0x00021238                bg_gattdb_data_attribute_field_6
                0x00021240                bg_gattdb_data_attribute_field_5
                0x00021248                bg_gattdb_data_attribute_field_4
                0x0002124c                bg_gattdb_data_attribute_field_2
                0x00021254                bg_gattdb_data_attribute_field_1
                0x0002125c                bg_gattdb_data_attribute_field_0
                0x00021260                bg_gattdb_data_attributes_map
                0x00021344                bg_gattdb_data_attributes_dynamic_mapping_map
                0x0002134c                bg_gattdb_data_adv_uuid16_map
                0x00021350                bg_gattdb_data_adv_uuid128_map
 *(.application_properties)
 *fill*         0x00021351        0x3 
 .application_properties
                0x00021354       0x38 ./application_properties.o
                0x00021354                applicationProperties
 *(.text*)
 .text          0x0002138c       0x5c /home/sarang/SimplicityStudio_v4/developer/toolchains/gnu_arm/4.9_2015q3/bin/../lib/gcc/arm-none-eabi/4.9.3/armv7e-m/fpu/crtbegin.o
 .text          0x000213e8       0x74 /home/sarang/SimplicityStudio_v4/developer/toolchains/gnu_arm/4.9_2015q3/bin/../lib/gcc/arm-none-eabi/4.9.3/../../../../arm-none-eabi/lib/armv7e-m/fpu/crt0.o
                0x000213e8                _mainCRTStartup
                0x000213e8                _start
 .text.gecko_init
                0x0002145c       0x40 ./main.o
 .text.BUS_RegMaskedSet
                0x0002149c       0x24 ./main.o
 .text.BUS_RegMaskedClear
                0x000214c0       0x24 ./main.o
 .text.GPIO_PinOutClear
                0x000214e4       0x58 ./main.o
 .text.GPIO_PinOutSet
                0x0002153c       0x58 ./main.o
 .text.LETIMER_IntClear
                0x00021594       0x1c ./main.o
 .text.LETIMER_IntGet
                0x000215b0       0x18 ./main.o
 .text.ADC_IntClear
                0x000215c8       0x1c ./main.o
 .text.ADC_IntGet
                0x000215e4       0x18 ./main.o
 .text.TIMER_Valid
                0x000215fc       0x38 ./main.o
 .text.TIMER_Enable
                0x00021634       0x2c ./main.o
 .text.TIMER_IntClear
                0x00021660       0x1c ./main.o
 .text.main     0x0002167c       0x5c ./main.o
                0x0002167c                main
 .text.bma_wakeup
                0x000216d8       0x1c ./main.o
                0x000216d8                bma_wakeup
 .text.LETIMER0_IRQHandler
                0x000216f4       0x4c ./main.o
                0x000216f4                LETIMER0_IRQHandler
 .text.ADC0_IRQHandler
                0x00021740      0x2b4 ./main.o
                0x00021740                ADC0_IRQHandler
 .text.GPIO_ODD_IRQHandler
                0x000219f4      0x138 ./main.o
                0x000219f4                GPIO_ODD_IRQHandler
 .text.TIMER0_IRQHandler
                0x00021b2c       0x2c ./main.o
                0x00021b2c                TIMER0_IRQHandler
 .text.LDMA_IRQHandler
                0x00021b58       0xe0 ./bgapi/dmadrv.o
                0x00021b58                LDMA_IRQHandler
 .text.Reset_Handler
                0x00021c38       0x38 ./device/EFR32_B_1_1_B/gcc/startup_efr32bg1b.o
                0x00021c38                Reset_Handler
 .text.Default_Handler
                0x00021c70        0x8 ./device/EFR32_B_1_1_B/gcc/startup_efr32bg1b.o
                0x00021c70                DebugMon_Handler
                0x00021c70                USART0_TX_IRQHandler
                0x00021c70                I2C0_IRQHandler
                0x00021c70                HardFault_Handler
                0x00021c70                SysTick_Handler
                0x00021c70                USART1_RX_IRQHandler
                0x00021c70                PendSV_Handler
                0x00021c70                NMI_Handler
                0x00021c70                SYNTH_IRQHandler
                0x00021c70                WDOG0_IRQHandler
                0x00021c70                USART1_TX_IRQHandler
                0x00021c70                MSC_IRQHandler
                0x00021c70                UsageFault_Handler
                0x00021c70                LEUART0_IRQHandler
                0x00021c70                FPUEH_IRQHandler
                0x00021c70                GPIO_EVEN_IRQHandler
                0x00021c70                TIMER1_IRQHandler
                0x00021c70                RFSENSE_IRQHandler
                0x00021c70                BUFC_IRQHandler
                0x00021c70                MODEM_IRQHandler
                0x00021c70                Default_Handler
                0x00021c70                RAC_SEQ_IRQHandler
                0x00021c70                FRC_PRI_IRQHandler
                0x00021c70                FRC_IRQHandler
                0x00021c70                CRYOTIMER_IRQHandler
                0x00021c70                PCNT0_IRQHandler
                0x00021c70                AGC_IRQHandler
                0x00021c70                ACMP0_IRQHandler
                0x00021c70                USART0_RX_IRQHandler
                0x00021c70                MemManage_Handler
                0x00021c70                SVC_Handler
                0x00021c70                RTCC_IRQHandler
                0x00021c70                CRYPTO_IRQHandler
                0x00021c70                CMU_IRQHandler
                0x00021c70                RAC_RSM_IRQHandler
                0x00021c70                PROTIMER_IRQHandler
                0x00021c70                BusFault_Handler
                0x00021c70                IDAC0_IRQHandler
 .text.BUS_RegBitWrite
                0x00021c78       0x2c ./emlib/em_cmu.o
 .text.BUS_RegBitRead
                0x00021ca4       0x2c ./emlib/em_cmu.o
 .text.BUS_RegMaskedSet
                0x00021cd0       0x24 ./emlib/em_cmu.o
 .text.BUS_RegMaskedClear
                0x00021cf4       0x24 ./emlib/em_cmu.o
 .text.BUS_RegMaskedWrite
                0x00021d18       0x24 ./emlib/em_cmu.o
 .text.CMU_Log2ToDiv
                0x00021d3c       0x1c ./emlib/em_cmu.o
 .text.setHfLeConfig
                0x00021d58       0x64 ./emlib/em_cmu.o
 .text.auxClkGet
                0x00021dbc       0x20 ./emlib/em_cmu.o
 .text.hfSrcClkGet
                0x00021ddc       0x2c ./emlib/em_cmu.o
 .text.dbgClkGet
                0x00021e08       0x3c ./emlib/em_cmu.o
 .text.adcAsyncClkGet
                0x00021e44       0x80 ./emlib/em_cmu.o
 .text.flashWaitStateControl
                0x00021ec4       0x7c ./emlib/em_cmu.o
 .text.flashWaitStateMax
                0x00021f40       0x14 ./emlib/em_cmu.o
 .text.CMU_UpdateWaitStates
                0x00021f54       0x18 ./emlib/em_cmu.o
                0x00021f54                CMU_UpdateWaitStates
 .text.getRegIshUpperVal
                0x00021f6c       0x38 ./emlib/em_cmu.o
 .text.getHfxoTuningMode
                0x00021fa4       0x1c ./emlib/em_cmu.o
 .text.setHfxoTuningMode
                0x00021fc0       0x28 ./emlib/em_cmu.o
 .text.lfClkGet
                0x00021fe8       0xe8 ./emlib/em_cmu.o
 .text.syncReg  0x000220d0       0x38 ./emlib/em_cmu.o
 .text.CMU_AUXHFRCODevinfoGet
                0x00022108       0xdc ./emlib/em_cmu.o
 .text.CMU_AUXHFRCOBandSet
                0x000221e4       0x98 ./emlib/em_cmu.o
                0x000221e4                CMU_AUXHFRCOBandSet
 .text.CMU_ClockEnable
                0x0002227c       0xcc ./emlib/em_cmu.o
                0x0002227c                CMU_ClockEnable
 .text.CMU_ClockFreqGet
                0x00022348      0x198 ./emlib/em_cmu.o
                0x00022348                CMU_ClockFreqGet
 .text.CMU_ClockSelectGet
                0x000224e0      0x190 ./emlib/em_cmu.o
                0x000224e0                CMU_ClockSelectGet
 .text.CMU_ClockSelectSet
                0x00022670      0x25c ./emlib/em_cmu.o
                0x00022670                CMU_ClockSelectSet
 .text.CMU_HFRCODevinfoGet
                0x000228cc       0xdc ./emlib/em_cmu.o
 .text.CMU_HFRCOBandSet
                0x000229a8       0xec ./emlib/em_cmu.o
                0x000229a8                CMU_HFRCOBandSet
 .text.CMU_HFXOAutostartEnable
                0x00022a94       0x7c ./emlib/em_cmu.o
                0x00022a94                CMU_HFXOAutostartEnable
 .text.CMU_HFXOInit
                0x00022b10       0xf4 ./emlib/em_cmu.o
                0x00022b10                CMU_HFXOInit
 .text.CMU_LFXOInit
                0x00022c04       0x50 ./emlib/em_cmu.o
                0x00022c04                CMU_LFXOInit
 .text.CMU_OscillatorEnable
                0x00022c54      0x174 ./emlib/em_cmu.o
                0x00022c54                CMU_OscillatorEnable
 .text.CMU_OscillatorTuningGet
                0x00022dc8       0x74 ./emlib/em_cmu.o
                0x00022dc8                CMU_OscillatorTuningGet
 .text.CMU_OscillatorTuningSet
                0x00022e3c       0xfc ./emlib/em_cmu.o
                0x00022e3c                CMU_OscillatorTuningSet
 .text.CMU_OscillatorTuningWait
                0x00022f38       0x8c ./emlib/em_cmu.o
                0x00022f38                CMU_OscillatorTuningWait
 .text.CMU_OscillatorTuningOptimize
                0x00022fc4       0x4c ./emlib/em_cmu.o
                0x00022fc4                CMU_OscillatorTuningOptimize
 .text.BUS_RegBitWrite
                0x00023010       0x2c ./emlib/em_gpio.o
 .text.BUS_RegMaskedSet
                0x0002303c       0x24 ./emlib/em_gpio.o
 .text.BUS_RegMaskedClear
                0x00023060       0x24 ./emlib/em_gpio.o
 .text.BUS_RegMaskedWrite
                0x00023084       0x24 ./emlib/em_gpio.o
 .text.GPIO_PinOutClear
                0x000230a8       0x58 ./emlib/em_gpio.o
 .text.GPIO_PinOutSet
                0x00023100       0x58 ./emlib/em_gpio.o
 .text.GPIO_DriveStrengthSet
                0x00023158       0x60 ./emlib/em_gpio.o
                0x00023158                GPIO_DriveStrengthSet
 .text.GPIO_ExtIntConfig
                0x000231b8      0x128 ./emlib/em_gpio.o
                0x000231b8                GPIO_ExtIntConfig
 .text.GPIO_PinModeSet
                0x000232e0      0x108 ./emlib/em_gpio.o
                0x000232e0                GPIO_PinModeSet
 .text.LETIMER_CompareGet
                0x000233e8       0x50 ./emlib/em_letimer.o
                0x000233e8                LETIMER_CompareGet
 .text.LETIMER_CompareSet
                0x00023438       0x58 ./emlib/em_letimer.o
                0x00023438                LETIMER_CompareSet
 .text.LETIMER_Enable
                0x00023490       0x2c ./emlib/em_letimer.o
                0x00023490                LETIMER_Enable
 .text.RTCC_Init
                0x000234bc       0x60 ./emlib/em_rtcc.o
                0x000234bc                RTCC_Init
 .text.SYSTEM_ChipRevisionGet
                0x0002351c       0x74 ./emlib/em_system.o
                0x0002351c                SYSTEM_ChipRevisionGet
 .text.TIMER_Valid
                0x00023590       0x38 ./emlib/em_timer.o
 .text.TIMER_Init
                0x000235c8       0xdc ./emlib/em_timer.o
                0x000235c8                TIMER_Init
 .text.TIMER_InitCC
                0x000236a4       0x9c ./emlib/em_timer.o
                0x000236a4                TIMER_InitCC
 .text.USART_BaudrateSyncSet
                0x00023740       0x40 ./emlib/em_usart.o
                0x00023740                USART_BaudrateSyncSet
 .text.USART_Enable
                0x00023780       0x4c ./emlib/em_usart.o
                0x00023780                USART_Enable
 .text.USART_InitSync
                0x000237cc       0xec ./emlib/em_usart.o
                0x000237cc                USART_InitSync
 .text.USART_Reset
                0x000238b8       0x94 ./emlib/em_usart.o
                0x000238b8                USART_Reset
 .text.USART_SpiTransfer
                0x0002394c       0x40 ./emlib/em_usart.o
                0x0002394c                USART_SpiTransfer
 .text.BUS_RegMaskedSet
                0x0002398c       0x24 ./kit_flashpwr/BRD4302A/mx25flash_spi.o
 .text.BUS_RegMaskedClear
                0x000239b0       0x24 ./kit_flashpwr/BRD4302A/mx25flash_spi.o
 .text.GPIO_PinOutClear
                0x000239d4       0x58 ./kit_flashpwr/BRD4302A/mx25flash_spi.o
 .text.GPIO_PinOutSet
                0x00023a2c       0x58 ./kit_flashpwr/BRD4302A/mx25flash_spi.o
 .text.MX25_init
                0x00023a84       0x98 ./kit_flashpwr/BRD4302A/mx25flash_spi.o
                0x00023a84                MX25_init
 .text.Wait_Flash_WarmUp
                0x00023b1c       0x24 ./kit_flashpwr/BRD4302A/mx25flash_spi.o
                0x00023b1c                Wait_Flash_WarmUp
 .text.Initial_Spi
                0x00023b40        0xc ./kit_flashpwr/BRD4302A/mx25flash_spi.o
                0x00023b40                Initial_Spi
 .text.CS_Low   0x00023b4c       0x10 ./kit_flashpwr/BRD4302A/mx25flash_spi.o
                0x00023b4c                CS_Low
 .text.CS_High  0x00023b5c       0x10 ./kit_flashpwr/BRD4302A/mx25flash_spi.o
                0x00023b5c                CS_High
 .text.SendByte
                0x00023b6c       0x3c ./kit_flashpwr/BRD4302A/mx25flash_spi.o
                0x00023b6c                SendByte
 .text.MX25_DP  0x00023ba8       0x1c ./kit_flashpwr/BRD4302A/mx25flash_spi.o
                0x00023ba8                MX25_DP
 .text.SYSTEM_GetProdRev
                0x00023bc4       0x1c ./src/InitDevice.o
 .text.BUS_RegBitWrite
                0x00023be0       0x2c ./src/InitDevice.o
 .text.CHIP_Init
                0x00023c0c       0xb4 ./src/InitDevice.o
 .text.enter_DefaultMode_from_RESET
                0x00023cc0       0x2c ./src/InitDevice.o
                0x00023cc0                enter_DefaultMode_from_RESET
 .text.EMU_enter_DefaultMode_from_RESET
                0x00023cec       0x94 ./src/InitDevice.o
                0x00023cec                EMU_enter_DefaultMode_from_RESET
 .text.LFXO_enter_DefaultMode_from_RESET
                0x00023d80        0xc ./src/InitDevice.o
                0x00023d80                LFXO_enter_DefaultMode_from_RESET
 .text.CMU_enter_DefaultMode_from_RESET
                0x00023d8c      0x128 ./src/InitDevice.o
                0x00023d8c                CMU_enter_DefaultMode_from_RESET
 .text.RTCC_enter_DefaultMode_from_RESET
                0x00023eb4       0x4c ./src/InitDevice.o
                0x00023eb4                RTCC_enter_DefaultMode_from_RESET
 .text.GPCRC_enter_DefaultMode_from_RESET
                0x00023f00        0xc ./src/InitDevice.o
                0x00023f00                GPCRC_enter_DefaultMode_from_RESET
 .text.LDMA_enter_DefaultMode_from_RESET
                0x00023f0c        0xc ./src/InitDevice.o
                0x00023f0c                LDMA_enter_DefaultMode_from_RESET
 .text.PRS_enter_DefaultMode_from_RESET
                0x00023f18       0x20 ./src/InitDevice.o
                0x00023f18                PRS_enter_DefaultMode_from_RESET
 .text.PORTIO_enter_DefaultMode_from_RESET
                0x00023f38        0xc ./src/InitDevice.o
                0x00023f38                PORTIO_enter_DefaultMode_from_RESET
 .text.NVIC_EnableIRQ
                0x00023f44       0x2c ./src/adc.o
 .text.NVIC_ClearPendingIRQ
                0x00023f70       0x30 ./src/adc.o
 .text.ADC_IntEnable
                0x00023fa0       0x20 ./src/adc.o
 .text.adc_init
                0x00023fc0       0x9c ./src/adc.o
                0x00023fc0                adc_init
 .text.NVIC_EnableIRQ
                0x0002405c       0x2c ./src/bma280.o
 .text.GPIO_IntConfig
                0x00024088       0x34 ./src/bma280.o
 .text.bma_init
                0x000240bc       0x5c ./src/bma280.o
                0x000240bc                bma_init
 .text.cmu_init
                0x00024118       0xbc ./src/cmu.o
                0x00024118                cmu_init
 .text.gpio_init
                0x000241d4       0x30 ./src/gpio.o
                0x000241d4                gpio_init
 .text.NVIC_EnableIRQ
                0x00024204       0x2c ./src/letimer.o
 .text.letimer_init
                0x00024230      0x118 ./src/letimer.o
                0x00024230                letimer_init
 .text.EMU_EnterEM1
                0x00024348       0x20 ./src/sleep_modes.o
 .text.sleep    0x00024368       0x40 ./src/sleep_modes.o
                0x00024368                sleep
 .text.unblockSleepMode
                0x000243a8       0x38 ./src/sleep_modes.o
                0x000243a8                unblockSleepMode
 .text.blockSleepMode
                0x000243e0       0x2c ./src/sleep_modes.o
                0x000243e0                blockSleepMode
 .text.SPI_Init
                0x0002440c       0xcc ./src/spi.o
                0x0002440c                SPI_Init
 .text.spi_write
                0x000244d8       0x84 ./src/spi.o
                0x000244d8                spi_write
 .text.NVIC_EnableIRQ
                0x0002455c       0x2c ./src/timer.o
 .text.NVIC_SetPriority
                0x00024588       0x4c ./src/timer.o
 .text.TIMER_MaxCount
                0x000245d4       0x18 ./src/timer.o
 .text.TIMER_IntEnable
                0x000245ec       0x20 ./src/timer.o
 .text.TIMER_TopSet
                0x0002460c       0x1c ./src/timer.o
 .text.timer_init
                0x00024628       0xbc ./src/timer.o
                0x00024628                timer_init
 .text          0x000246e4       0x18 /home/sarang/SimplicityStudio_v4/developer/sdks/gecko_sdk_suite/v1.1//protocol/bluetooth_2.4/lib/EFR32BG1B/GCC/bgapi.a(gecko_bgapi_hardware.c.obj)
                0x000246e4                gecko_bgapi_class_hardware_init
 .text          0x000246fc       0x18 /home/sarang/SimplicityStudio_v4/developer/sdks/gecko_sdk_suite/v1.1//protocol/bluetooth_2.4/lib/EFR32BG1B/GCC/bgapi.a(gecko_bgapi_test.c.obj)
                0x000246fc                gecko_bgapi_class_test_init
 .text          0x00024714       0x18 /home/sarang/SimplicityStudio_v4/developer/sdks/gecko_sdk_suite/v1.1//protocol/bluetooth_2.4/lib/EFR32BG1B/GCC/bgapi.a(gecko_bgapi_dfu.c.obj)
                0x00024714                gecko_bgapi_class_dfu_init
 .text          0x0002472c       0x18 /home/sarang/SimplicityStudio_v4/developer/sdks/gecko_sdk_suite/v1.1//protocol/bluetooth_2.4/lib/EFR32BG1B/GCC/bgapi.a(gecko_bgapi_gap.c.obj)
                0x0002472c                gecko_bgapi_class_le_gap_init
 .text          0x00024744       0x18 /home/sarang/SimplicityStudio_v4/developer/sdks/gecko_sdk_suite/v1.1//protocol/bluetooth_2.4/lib/EFR32BG1B/GCC/bgapi.a(gecko_bgapi_gatt.c.obj)
                0x00024744                gecko_bgapi_class_gatt_init
 .text          0x0002475c       0x18 /home/sarang/SimplicityStudio_v4/developer/sdks/gecko_sdk_suite/v1.1//protocol/bluetooth_2.4/lib/EFR32BG1B/GCC/bgapi.a(gecko_bgapi_gatt_server.c.obj)
                0x0002475c                gecko_bgapi_class_gatt_server_init
 .text          0x00024774       0x18 /home/sarang/SimplicityStudio_v4/developer/sdks/gecko_sdk_suite/v1.1//protocol/bluetooth_2.4/lib/EFR32BG1B/GCC/bgapi.a(gecko_bgapi_flash.c.obj)
                0x00024774                gecko_bgapi_class_flash_init
 .text          0x0002478c       0x18 /home/sarang/SimplicityStudio_v4/developer/sdks/gecko_sdk_suite/v1.1//protocol/bluetooth_2.4/lib/EFR32BG1B/GCC/bgapi.a(gecko_bgapi_sm.c.obj)
                0x0002478c                gecko_bgapi_class_sm_init
 .text          0x000247a4       0x18 /home/sarang/SimplicityStudio_v4/developer/sdks/gecko_sdk_suite/v1.1//protocol/bluetooth_2.4/lib/EFR32BG1B/GCC/bgapi.a(gecko_bgapi_system.c.obj)
                0x000247a4                gecko_bgapi_class_system_init
 .text          0x000247bc       0x18 /home/sarang/SimplicityStudio_v4/developer/sdks/gecko_sdk_suite/v1.1//protocol/bluetooth_2.4/lib/EFR32BG1B/GCC/bgapi.a(gecko_bgapi_endpoint.c.obj)
                0x000247bc                gecko_bgapi_class_endpoint_init
 .text          0x000247d4       0x18 /home/sarang/SimplicityStudio_v4/developer/sdks/gecko_sdk_suite/v1.1//protocol/bluetooth_2.4/lib/EFR32BG1B/GCC/bgapi.a(gecko_bgapi_le_connection.c.obj)
                0x000247d4                gecko_bgapi_class_le_connection_init
 .text          0x000247ec      0x1d0 /home/sarang/SimplicityStudio_v4/developer/sdks/gecko_sdk_suite/v1.1//protocol/bluetooth_2.4/lib/EFR32BG1B/GCC/bgapi.a(bgapi_hardware.c.obj)
                0x000247ec                soft_timer_comparison
                0x00024880                bgapi_hardware_soft_timer_listener
                0x000248c0                lib_hardware_handler_init
                0x000248d4                gecko_cmd_hardware_set_soft_timer
                0x00024914                gecko_cmd_hardware_set_lazy_soft_timer
                0x00024954                gecko_cmd_hardware_get_time
                0x00024988                gecko_cmd_hardware_enable_dcdc
 .text          0x000249bc      0x330 /home/sarang/SimplicityStudio_v4/developer/sdks/gecko_sdk_suite/v1.1//protocol/bluetooth_2.4/lib/EFR32BG1B/GCC/bgapi.a(bgapi_test_lib.c.obj)
                0x000249bc                bgapi_test_lib_msg_handler
                0x00024a14                lib_test_handler_init
                0x00024a34                disable_interrupts
                0x00024a58                gecko_cmd_test_dtm_tx
                0x00024aec                gecko_cmd_test_dtm_rx
                0x00024b38                gecko_cmd_test_dtm_end
                0x00024ba0                gecko_cmd_test_debug_command
                0x00024c70                gecko_cmd_test_debug_counter
 .text          0x00024cec       0x8c /home/sarang/SimplicityStudio_v4/developer/sdks/gecko_sdk_suite/v1.1//protocol/bluetooth_2.4/lib/EFR32BG1B/GCC/bgapi.a(bgapi_dfu.c.obj)
                0x00024cec                lib_dfu_handler_init
                0x00024cee                gecko_cmd_dfu_reset
                0x00024cf4                gecko_cmd_dfu_flash_set_address
                0x00024d20                gecko_cmd_dfu_flash_upload
                0x00024d4c                gecko_cmd_dfu_flash_upload_finish
 .text          0x00024d78      0x34c /home/sarang/SimplicityStudio_v4/developer/sdks/gecko_sdk_suite/v1.1//protocol/bluetooth_2.4/lib/EFR32BG1B/GCC/bgapi.a(bgapi_gap.c.obj)
                0x00024d78                lib_le_gap_handler_init
                0x00024d7a                gecko_cmd_le_gap_set_mode
                0x00024dc0                gecko_cmd_le_gap_bt5_set_mode
                0x00024e04                gecko_cmd_le_gap_set_adv_data
                0x00024e4c                gecko_cmd_le_gap_bt5_set_adv_data
                0x00024e80                gecko_cmd_le_gap_set_adv_timeout
                0x00024ed4                gecko_cmd_le_gap_open
                0x00024f38                gecko_cmd_le_gap_discover
                0x00024f64                gecko_cmd_le_gap_end_procedure
                0x00024f90                gecko_cmd_le_gap_set_adv_parameters
                0x00024fc4                gecko_cmd_le_gap_bt5_set_adv_parameters
                0x00025000                gecko_cmd_le_gap_set_scan_parameters
                0x00025030                gecko_cmd_le_gap_set_conn_parameters
                0x00025068                gecko_cmd_le_gap_set_phy
                0x00025094                gecko_cmd_le_gap_set_privacy_mode
 .text          0x000250c4      0x6c4 /home/sarang/SimplicityStudio_v4/developer/sdks/gecko_sdk_suite/v1.1//protocol/bluetooth_2.4/lib/EFR32BG1B/GCC/bgapi.a(bgapi_gatt_lib.c.obj)
                0x000250c4                lib_gatt_handler_init
                0x000250c8                lib_gatt_server_handler_init
                0x000250ca                gecko_cmd_gatt_set_max_mtu
                0x00025104                gecko_cmd_gatt_discover_primary_services
                0x00025134                gecko_cmd_gatt_discover_primary_services_by_uuid
                0x00025170                gecko_cmd_gatt_find_included_services
                0x000251a4                gecko_cmd_gatt_discover_characteristics
                0x000251d8                gecko_cmd_gatt_discover_characteristics_by_uuid
                0x00025218                gecko_cmd_gatt_read_characteristic_value
                0x00025250                gecko_cmd_gatt_read_characteristic_value_from_offset
                0x0002528c                gecko_cmd_gatt_read_characteristic_value_by_uuid
                0x000252cc                gecko_cmd_gatt_read_multiple_characteristic_values
                0x00025300                gecko_cmd_gatt_write_characteristic_value
                0x00025338                gecko_cmd_gatt_write_characteristic_value_without_response
                0x0002537c                gecko_cmd_gatt_prepare_characteristic_value_write
                0x000253cc                gecko_cmd_gatt_execute_characteristic_value_write
                0x00025400                gecko_cmd_gatt_set_characteristic_notification
                0x00025438                gecko_cmd_gatt_discover_descriptors
                0x0002546c                gecko_cmd_gatt_read_descriptor_value
                0x000254a0                gecko_cmd_gatt_write_descriptor_value
                0x000254d8                gecko_cmd_gatt_server_read_attribute_value
                0x00025520                gecko_cmd_gatt_server_read_attribute_type
                0x00025564                gecko_cmd_gatt_server_find_attribute
                0x000255a0                gecko_cmd_gatt_server_write_attribute_value
                0x000255d4                gecko_cmd_gatt_server_send_user_read_response
                0x00025624                gecko_cmd_gatt_server_send_user_write_response
                0x0002565c                gecko_cmd_gatt_server_send_characteristic_notification
                0x000256a8                gecko_cmd_gatt_send_characteristic_confirmation
                0x000256d8                gecko_cmd_gatt_server_set_database
                0x00025708                gecko_cmd_gatt_server_set_capabilities
                0x00025738                gecko_cmd_gatt_prepare_characteristic_value_reliable_write
 .text          0x00025788      0x1d0 /home/sarang/SimplicityStudio_v4/developer/sdks/gecko_sdk_suite/v1.1//protocol/bluetooth_2.4/lib/EFR32BG1B/GCC/bgapi.a(bgapi_ps.c.obj)
                0x00025788                bgapi_ps_dump_listener
                0x000257c8                lib_flash_handler_init
                0x000257dc                gecko_cmd_flash_ps_dump
                0x00025874                gecko_cmd_flash_ps_erase_all
                0x000258a4                gecko_cmd_flash_ps_save
                0x000258e0                gecko_cmd_flash_ps_load
                0x00025924                gecko_cmd_flash_ps_erase
 .text          0x00025958      0x3cc /home/sarang/SimplicityStudio_v4/developer/sdks/gecko_sdk_suite/v1.1//protocol/bluetooth_2.4/lib/EFR32BG1B/GCC/bgapi.a(bgapi_sm.c.obj)
                0x00025a20                lib_sm_handler_init
                0x00025a34                gecko_cmd_sm_list_all_bondings
                0x00025a6c                gecko_cmd_sm_increase_security
                0x00025a9c                gecko_cmd_sm_set_bondable_mode
                0x00025ac8                gecko_cmd_sm_delete_bonding
                0x00025af8                gecko_cmd_sm_delete_bondings
                0x00025b28                gecko_cmd_sm_configure
                0x00025b58                gecko_cmd_sm_enter_passkey
                0x00025b8c                gecko_cmd_sm_set_passkey
                0x00025bb8                gecko_cmd_sm_passkey_confirm
                0x00025bec                gecko_cmd_sm_set_oob_data
                0x00025c1c                gecko_cmd_sm_set_sc_remote_oob_data
                0x00025c4c                gecko_cmd_sm_use_sc_oob
                0x00025c8c                gecko_cmd_sm_store_bonding_configuration
                0x00025cc0                gecko_cmd_sm_bonding_confirm
                0x00025cf4                gecko_cmd_sm_set_debug_mode
 .text          0x00025d24      0x1d8 /home/sarang/SimplicityStudio_v4/developer/sdks/gecko_sdk_suite/v1.1//protocol/bluetooth_2.4/lib/EFR32BG1B/GCC/bgapi.a(bgapi_system.c.obj)
                0x00025d24                bgapi_system_listener
                0x00025d54                lib_system_handler_init
                0x00025d68                gecko_cmd_system_get_bt_address
                0x00025da0                gecko_cmd_system_set_bt_address
                0x00025dd4                gecko_cmd_system_set_device_name
                0x00025e10                gecko_cmd_system_get_random_data
                0x00025e58                gecko_cmd_system_halt
                0x00025e8c                gecko_cmd_system_set_tx_power
                0x00025ebc                gecko_cmd_system_hello
                0x00025ee4                gecko_cmd_system_reset
                0x00025eea                gecko_send_system_awake
 .text          0x00025efc      0x1ac /home/sarang/SimplicityStudio_v4/developer/sdks/gecko_sdk_suite/v1.1//protocol/bluetooth_2.4/lib/EFR32BG1B/GCC/bgapi.a(bgapi_endpoint.c.obj)
                0x00025efc                lib_endpoint_handler_init
                0x00025efe                gecko_cmd_endpoint_send
                0x00025fa8                gecko_cmd_endpoint_set_streaming_destination
                0x00026000                gecko_cmd_endpoint_close
                0x0002605c                gecko_cmd_endpoint_set_flags
                0x0002605e                gecko_cmd_endpoint_clr_flags
                0x00026060                gecko_cmd_endpoint_read_counters
 .text          0x000260a8      0x104 /home/sarang/SimplicityStudio_v4/developer/sdks/gecko_sdk_suite/v1.1//protocol/bluetooth_2.4/lib/EFR32BG1B/GCC/bgapi.a(bgapi_le_connection.c.obj)
                0x000260a8                lib_le_connection_handler_init
                0x000260aa                gecko_cmd_le_connection_set_parameters
                0x000260f8                gecko_cmd_le_connection_get_rssi
                0x00026128                gecko_cmd_le_connection_disable_slave_latency
                0x00026170                gecko_cmd_le_connection_set_phy
 .text          0x000261ac      0xdf0 /home/sarang/SimplicityStudio_v4/developer/sdks/gecko_sdk_suite/v1.1//protocol/bluetooth_2.4/lib/EFR32BG1B/GCC/bgapi.a(gatt_client.c.obj)
                0x00026414                gatt_discover_primary_services
                0x00026452                gatt_discover_primary_services_by_uuid
                0x000264a8                gatt_find_included_services
                0x000264f8                gatt_find_included_services_handler
                0x000265a8                gatt_discover_characteristics
                0x000265ca                gatt_discover_characteristics_by_uuid
                0x0002660c                gatt_discover_descriptors
                0x00026648                gatt_read_characteristic_value
                0x00026680                gatt_read_characteristic_value_by_uuid
                0x000266ba                gatt_read_multiple_characteristic_values
                0x000266de                gatt_write_characteristic_value
                0x00026704                gatt_write_characteristic_value_without_response
                0x0002671e                gatt_prepare_characteristic_value_write
                0x00026794                gatt_execute_characteristic_value_write
                0x000267b6                gatt_set_characteristic_notification
                0x000267f6                gatt_read_descriptor_value
                0x0002681e                gatt_write_descriptor_value
                0x00026844                gatt_handle_exchange_mtu_rsp
                0x00026860                gatt_handle_find_information_response
                0x000269b2                gatt_handle_find_by_type_value_response
                0x00026a4e                gatt_handle_read_response
                0x00026bac                gatt_handle_read_blob_response
                0x00026be2                gatt_handle_read_multiple_response
                0x00026c1e                gatt_handle_read_by_type_response
                0x00026d68                gatt_handle_read_by_group_type_response
                0x00026e10                gatt_handle_write_response
                0x00026e24                gatt_handle_prepare_write_response
                0x00026f16                gatt_handle_execute_write_response
                0x00026f4e                gatt_client_handle_value_notification
                0x00026f60                gatt_client_handle_value_indication
                0x00026f74                gatt_send_characteristic_confirmation
                0x00026f92                gatt_client_init
 .text          0x00026f9c      0x250 /home/sarang/SimplicityStudio_v4/developer/sdks/gecko_sdk_suite/v1.1//protocol/bluetooth_2.4/lib/EFR32BG1B/GCC/bgapi.a(ubt_gatt_client.c.obj)
                0x00026f9c                ubt_gatt_discover_primary_services
                0x00026fb2                ubt_gatt_discover_primary_services_by_uuid
                0x00026fde                ubt_gatt_find_included_services
                0x00026ff8                ubt_gatt_discover_characteristics
                0x00027012                ubt_gatt_discover_characteristics_by_uuid
                0x00027042                ubt_gatt_discover_descriptors
                0x0002705c                ubt_gatt_read_characteristic_value
                0x0002707e                ubt_gatt_read_characteristic_value_by_uuid
                0x000270ae                ubt_gatt_read_multiple_characteristic_values
                0x000270cc                ubt_gatt_write_characteristic_value
                0x000270ee                ubt_gatt_write_characteristic_value_without_response
                0x00027128                ubt_gatt_prepare_characteristic_value_write
                0x00027162                ubt_gatt_execute_characteristic_value_write
                0x0002717c                ubt_gatt_send_characteristic_confirmation
                0x00027192                ubt_gatt_read_descriptor_value
                0x000271ac                ubt_gatt_write_descriptor_value
                0x000271ce                ubt_gatt_set_characteristic_notification
 .text          0x000271ec      0x4ec /home/sarang/SimplicityStudio_v4/developer/sdks/gecko_sdk_suite/v1.1//protocol/bluetooth_2.4/lib/EFR32BG1B/GCC/bgapi.a(att_client.c.obj)
                0x000271ec                att_send_find_information_request
                0x00027212                att_send_find_by_type_value_request
                0x00027244                att_send_read_by_type_request
                0x00027270                att_send_read_request
                0x00027290                att_send_read_blob_request
                0x000272b6                att_send_read_multiple_request
                0x000272e2                att_send_read_by_group_type_request
                0x0002730e                att_send_write_request
                0x0002733a                att_send_write_command
                0x00027366                att_send_signed_write_command
                0x000273a0                att_send_prepare_write_request
                0x000273dc                att_send_execute_write_request
                0x000273fa                att_send_handle_value_confirmation
                0x00027412                validate_gatt_client_pdu_len
                0x000274cc                att_gatt_client_handler
 .text          0x000276d8      0x370 /home/sarang/SimplicityStudio_v4/developer/toolchains/gnu_arm/4.9_2015q3/bin/../lib/gcc/arm-none-eabi/4.9.3/armv7e-m/fpu/libgcc.a(_arm_addsubdf3.o)
                0x000276d8                __aeabi_drsub
                0x000276e0                __aeabi_dsub
                0x000276e0                __subdf3
                0x000276e4                __adddf3
                0x000276e4                __aeabi_dadd
                0x0002795c                __aeabi_ui2d
                0x0002795c                __floatunsidf
                0x0002797c                __floatsidf
                0x0002797c                __aeabi_i2d
                0x000279a0                __extendsfdf2
                0x000279a0                __aeabi_f2d
                0x000279dc                __aeabi_ul2d
                0x000279dc                __floatundidf
                0x000279ec                __floatdidf
                0x000279ec                __aeabi_l2d
 .text          0x00027a48      0x424 /home/sarang/SimplicityStudio_v4/developer/toolchains/gnu_arm/4.9_2015q3/bin/../lib/gcc/arm-none-eabi/4.9.3/armv7e-m/fpu/libgcc.a(_arm_muldivdf3.o)
                0x00027a48                __aeabi_dmul
                0x00027a48                __muldf3
                0x00027c9c                __aeabi_ddiv
                0x00027c9c                __divdf3
 .text          0x00027e6c       0xa0 /home/sarang/SimplicityStudio_v4/developer/toolchains/gnu_arm/4.9_2015q3/bin/../lib/gcc/arm-none-eabi/4.9.3/armv7e-m/fpu/libgcc.a(_arm_truncdfsf2.o)
                0x00027e6c                __aeabi_d2f
                0x00027e6c                __truncdfsf2
 .text.exit     0x00027f0c       0x20 /home/sarang/SimplicityStudio_v4/developer/toolchains/gnu_arm/4.9_2015q3/bin/../lib/gcc/arm-none-eabi/4.9.3/../../../../arm-none-eabi/lib/armv7e-m/fpu/libc.a(lib_a-exit.o)
                0x00027f0c                exit
 .text.__libc_init_array
                0x00027f2c       0x50 /home/sarang/SimplicityStudio_v4/developer/toolchains/gnu_arm/4.9_2015q3/bin/../lib/gcc/arm-none-eabi/4.9.3/../../../../arm-none-eabi/lib/armv7e-m/fpu/libc.a(lib_a-init.o)
                0x00027f2c                __libc_init_array
 .text.memcmp   0x00027f7c       0x64 /home/sarang/SimplicityStudio_v4/developer/toolchains/gnu_arm/4.9_2015q3/bin/../lib/gcc/arm-none-eabi/4.9.3/../../../../arm-none-eabi/lib/armv7e-m/fpu/libc.a(lib_a-memcmp.o)
                0x00027f7c                memcmp
 .text          0x00027fe0      0x134 /home/sarang/SimplicityStudio_v4/developer/toolchains/gnu_arm/4.9_2015q3/bin/../lib/gcc/arm-none-eabi/4.9.3/../../../../arm-none-eabi/lib/armv7e-m/fpu/libc.a(lib_a-memcpy.o)
                0x00027fe0                memcpy
 .text.memset   0x00028114       0x9c /home/sarang/SimplicityStudio_v4/developer/toolchains/gnu_arm/4.9_2015q3/bin/../lib/gcc/arm-none-eabi/4.9.3/../../../../arm-none-eabi/lib/armv7e-m/fpu/libc.a(lib_a-memset.o)
                0x00028114                memset
 .text.startup.register_fini
                0x000281b0       0x14 /home/sarang/SimplicityStudio_v4/developer/toolchains/gnu_arm/4.9_2015q3/bin/../lib/gcc/arm-none-eabi/4.9.3/../../../../arm-none-eabi/lib/armv7e-m/fpu/libc.a(lib_a-__call_atexit.o)
 .text.__call_exitprocs
                0x000281c4       0xd4 /home/sarang/SimplicityStudio_v4/developer/toolchains/gnu_arm/4.9_2015q3/bin/../lib/gcc/arm-none-eabi/4.9.3/../../../../arm-none-eabi/lib/armv7e-m/fpu/libc.a(lib_a-__call_atexit.o)
                0x000281c4                __call_exitprocs
 .text.atexit   0x00028298        0xc /home/sarang/SimplicityStudio_v4/developer/toolchains/gnu_arm/4.9_2015q3/bin/../lib/gcc/arm-none-eabi/4.9.3/../../../../arm-none-eabi/lib/armv7e-m/fpu/libc.a(lib_a-atexit.o)
                0x00028298                atexit
 .text.__libc_fini_array
                0x000282a4       0x2c /home/sarang/SimplicityStudio_v4/developer/toolchains/gnu_arm/4.9_2015q3/bin/../lib/gcc/arm-none-eabi/4.9.3/../../../../arm-none-eabi/lib/armv7e-m/fpu/libc.a(lib_a-fini.o)
                0x000282a4                __libc_fini_array
 .text.__register_exitproc
                0x000282d0       0xa4 /home/sarang/SimplicityStudio_v4/developer/toolchains/gnu_arm/4.9_2015q3/bin/../lib/gcc/arm-none-eabi/4.9.3/../../../../arm-none-eabi/lib/armv7e-m/fpu/libc.a(lib_a-__atexit.o)
                0x000282d0                __register_exitproc
 .text._exit    0x00028374        0x4 /home/sarang/SimplicityStudio_v4/developer/toolchains/gnu_arm/4.9_2015q3/bin/../lib/gcc/arm-none-eabi/4.9.3/../../../../arm-none-eabi/lib/armv7e-m/fpu/libnosys.a(_exit.o)
                0x00028374                _exit
 *(.init)
 .init          0x00028378        0x4 /home/sarang/SimplicityStudio_v4/developer/toolchains/gnu_arm/4.9_2015q3/bin/../lib/gcc/arm-none-eabi/4.9.3/armv7e-m/fpu/crti.o
                0x00028378                _init
 .init          0x0002837c        0x8 /home/sarang/SimplicityStudio_v4/developer/toolchains/gnu_arm/4.9_2015q3/bin/../lib/gcc/arm-none-eabi/4.9.3/armv7e-m/fpu/crtn.o
 *(.fini)
 .fini          0x00028384        0x4 /home/sarang/SimplicityStudio_v4/developer/toolchains/gnu_arm/4.9_2015q3/bin/../lib/gcc/arm-none-eabi/4.9.3/armv7e-m/fpu/crti.o
                0x00028384                _fini
 .fini          0x00028388        0x8 /home/sarang/SimplicityStudio_v4/developer/toolchains/gnu_arm/4.9_2015q3/bin/../lib/gcc/arm-none-eabi/4.9.3/armv7e-m/fpu/crtn.o
 *crtbegin.o(.ctors)
 *crtbegin?.o(.ctors)
 *(EXCLUDE_FILE(*crtend.o *crtend?.o) .ctors)
 *(SORT(.ctors.*))
 *(.ctors)
 *crtbegin.o(.dtors)
 *crtbegin?.o(.dtors)
 *(EXCLUDE_FILE(*crtend.o *crtend?.o) .dtors)
 *(SORT(.dtors.*))
 *(.dtors)
 *(.rodata*)
 .rodata.ptiInit
                0x00028390       0x24 ./main.o
 .rodata        0x000283b4        0x4 ./main.o
 .rodata.config
                0x000283b8       0x38 ./main.o
 .rodata        0x000283f0       0x24 ./kit_flashpwr/BRD4302A/mx25flash_spi.o
 .rodata        0x00028414       0x50 ./src/InitDevice.o
 .rodata        0x00028464       0x28 /home/sarang/SimplicityStudio_v4/developer/sdks/gecko_sdk_suite/v1.1//protocol/bluetooth_2.4/lib/EFR32BG1B/GCC/bgapi.a(gecko_bgapi_hardware.c.obj)
 .rodata        0x0002848c       0x30 /home/sarang/SimplicityStudio_v4/developer/sdks/gecko_sdk_suite/v1.1//protocol/bluetooth_2.4/lib/EFR32BG1B/GCC/bgapi.a(gecko_bgapi_test.c.obj)
 .rodata        0x000284bc       0x28 /home/sarang/SimplicityStudio_v4/developer/sdks/gecko_sdk_suite/v1.1//protocol/bluetooth_2.4/lib/EFR32BG1B/GCC/bgapi.a(gecko_bgapi_dfu.c.obj)
 .rodata        0x000284e4       0x78 /home/sarang/SimplicityStudio_v4/developer/sdks/gecko_sdk_suite/v1.1//protocol/bluetooth_2.4/lib/EFR32BG1B/GCC/bgapi.a(gecko_bgapi_gap.c.obj)
 .rodata        0x0002855c       0xa8 /home/sarang/SimplicityStudio_v4/developer/sdks/gecko_sdk_suite/v1.1//protocol/bluetooth_2.4/lib/EFR32BG1B/GCC/bgapi.a(gecko_bgapi_gatt.c.obj)
 .rodata        0x00028604       0x50 /home/sarang/SimplicityStudio_v4/developer/sdks/gecko_sdk_suite/v1.1//protocol/bluetooth_2.4/lib/EFR32BG1B/GCC/bgapi.a(gecko_bgapi_gatt_server.c.obj)
 .rodata        0x00028654       0x30 /home/sarang/SimplicityStudio_v4/developer/sdks/gecko_sdk_suite/v1.1//protocol/bluetooth_2.4/lib/EFR32BG1B/GCC/bgapi.a(gecko_bgapi_flash.c.obj)
 .rodata        0x00028684       0x80 /home/sarang/SimplicityStudio_v4/developer/sdks/gecko_sdk_suite/v1.1//protocol/bluetooth_2.4/lib/EFR32BG1B/GCC/bgapi.a(gecko_bgapi_sm.c.obj)
 .rodata        0x00028704       0x48 /home/sarang/SimplicityStudio_v4/developer/sdks/gecko_sdk_suite/v1.1//protocol/bluetooth_2.4/lib/EFR32BG1B/GCC/bgapi.a(gecko_bgapi_system.c.obj)
 .rodata        0x0002874c       0x38 /home/sarang/SimplicityStudio_v4/developer/sdks/gecko_sdk_suite/v1.1//protocol/bluetooth_2.4/lib/EFR32BG1B/GCC/bgapi.a(gecko_bgapi_endpoint.c.obj)
 .rodata        0x00028784       0x28 /home/sarang/SimplicityStudio_v4/developer/sdks/gecko_sdk_suite/v1.1//protocol/bluetooth_2.4/lib/EFR32BG1B/GCC/bgapi.a(gecko_bgapi_le_connection.c.obj)
 .rodata        0x000287ac       0x18 /home/sarang/SimplicityStudio_v4/developer/sdks/gecko_sdk_suite/v1.1//protocol/bluetooth_2.4/lib/EFR32BG1B/GCC/bgapi.a(bgapi_sm.c.obj)
 .rodata        0x000287c4        0x4 /home/sarang/SimplicityStudio_v4/developer/sdks/gecko_sdk_suite/v1.1//protocol/bluetooth_2.4/lib/EFR32BG1B/GCC/bgapi.a(gatt_client.c.obj)
 .rodata.str1.4
                0x000287c8        0x4 /home/sarang/SimplicityStudio_v4/developer/toolchains/gnu_arm/4.9_2015q3/bin/../lib/gcc/arm-none-eabi/4.9.3/../../../../arm-none-eabi/lib/armv7e-m/fpu/libc.a(lib_a-impure.o)
                                  0x2 (size before relaxing)
 .rodata._global_impure_ptr
                0x000287cc        0x4 /home/sarang/SimplicityStudio_v4/developer/toolchains/gnu_arm/4.9_2015q3/bin/../lib/gcc/arm-none-eabi/4.9.3/../../../../arm-none-eabi/lib/armv7e-m/fpu/libc.a(lib_a-impure.o)
                0x000287cc                _global_impure_ptr
 *(.eh_frame*)
 .eh_frame      0x000287d0        0x0 /home/sarang/SimplicityStudio_v4/developer/toolchains/gnu_arm/4.9_2015q3/bin/../lib/gcc/arm-none-eabi/4.9.3/armv7e-m/fpu/crtbegin.o
 .eh_frame      0x000287d0        0x4 /home/sarang/SimplicityStudio_v4/developer/toolchains/gnu_arm/4.9_2015q3/bin/../lib/gcc/arm-none-eabi/4.9.3/armv7e-m/fpu/crtend.o
                0x000287d4                . = ALIGN (0x4)

.glue_7         0x000287d4        0x0
 .glue_7        0x00000000        0x0 linker stubs

.glue_7t        0x000287d4        0x0
 .glue_7t       0x00000000        0x0 linker stubs

.vfp11_veneer   0x000287d4        0x0
 .vfp11_veneer  0x00000000        0x0 linker stubs

.v4_bx          0x000287d4        0x0
 .v4_bx         0x00000000        0x0 linker stubs

.iplt           0x000287d4        0x0
 .iplt          0x00000000        0x0 /home/sarang/SimplicityStudio_v4/developer/toolchains/gnu_arm/4.9_2015q3/bin/../lib/gcc/arm-none-eabi/4.9.3/armv7e-m/fpu/crtbegin.o

.igot.plt       0x000287d4        0x0
 .igot.plt      0x00000000        0x0 /home/sarang/SimplicityStudio_v4/developer/toolchains/gnu_arm/4.9_2015q3/bin/../lib/gcc/arm-none-eabi/4.9.3/armv7e-m/fpu/crtbegin.o

.text_app_ARM.extab
 *(.ARM.extab* .gnu.linkonce.armextab.*)
                0x000287d4                __exidx_start = .

.text_app_ARM.exidx
                0x000287d4        0x8
 *(.ARM.exidx* .gnu.linkonce.armexidx.*)
 .ARM.exidx     0x000287d4        0x8 /home/sarang/SimplicityStudio_v4/developer/toolchains/gnu_arm/4.9_2015q3/bin/../lib/gcc/arm-none-eabi/4.9.3/../../../../arm-none-eabi/lib/armv7e-m/fpu/crt0.o
                0x000287dc                __exidx_end = .
                0x000287dc                __etext = .

.rel.dyn        0x000287dc        0x0
 .rel.iplt      0x00000000        0x0 /home/sarang/SimplicityStudio_v4/developer/toolchains/gnu_arm/4.9_2015q3/bin/../lib/gcc/arm-none-eabi/4.9.3/armv7e-m/fpu/crtbegin.o

.text_app_data  0x20003000      0x450 load address 0x000287dc
                0x20003000                __data_start__ = .
 *(vtable)
 *(.data*)
 .data.bg_gattdb_data_attribute_field_6_data
                0x20003000        0xd ./gatt_db.o
                0x20003000                bg_gattdb_data_attribute_field_6_data
 *fill*         0x2000300d        0x3 
 .data.auxHfrcoFreq
                0x20003010        0x4 ./emlib/em_cmu.o
 *fill*         0x20003014        0x4 
 .data.impure_data
                0x20003018      0x428 /home/sarang/SimplicityStudio_v4/developer/toolchains/gnu_arm/4.9_2015q3/bin/../lib/gcc/arm-none-eabi/4.9.3/../../../../arm-none-eabi/lib/armv7e-m/fpu/libc.a(lib_a-impure.o)
                0x20003440                . = ALIGN (0x4)
 *(.ram)
                0x20003440                . = ALIGN (0x4)
                0x20003440                PROVIDE (__preinit_array_start, .)
 *(.preinit_array)
                0x20003440                PROVIDE (__preinit_array_end, .)
                0x20003440                . = ALIGN (0x4)
                0x20003440                PROVIDE (__init_array_start, .)
 *(SORT(.init_array.*))
 .init_array.00000
                0x20003440        0x4 /home/sarang/SimplicityStudio_v4/developer/toolchains/gnu_arm/4.9_2015q3/bin/../lib/gcc/arm-none-eabi/4.9.3/../../../../arm-none-eabi/lib/armv7e-m/fpu/libc.a(lib_a-__call_atexit.o)
 *(.init_array)
 .init_array    0x20003444        0x4 /home/sarang/SimplicityStudio_v4/developer/toolchains/gnu_arm/4.9_2015q3/bin/../lib/gcc/arm-none-eabi/4.9.3/armv7e-m/fpu/crtbegin.o
                0x20003448                PROVIDE (__init_array_end, .)
                0x20003448                . = ALIGN (0x4)
                0x20003448                PROVIDE (__fini_array_start, .)
 *(SORT(.fini_array.*))
 *(.fini_array)
 .fini_array    0x20003448        0x4 /home/sarang/SimplicityStudio_v4/developer/toolchains/gnu_arm/4.9_2015q3/bin/../lib/gcc/arm-none-eabi/4.9.3/armv7e-m/fpu/crtbegin.o
                0x2000344c                PROVIDE (__fini_array_end, .)
 *(.jcr*)
 .jcr           0x2000344c        0x0 /home/sarang/SimplicityStudio_v4/developer/toolchains/gnu_arm/4.9_2015q3/bin/../lib/gcc/arm-none-eabi/4.9.3/armv7e-m/fpu/crtbegin.o
 .jcr           0x2000344c        0x4 /home/sarang/SimplicityStudio_v4/developer/toolchains/gnu_arm/4.9_2015q3/bin/../lib/gcc/arm-none-eabi/4.9.3/armv7e-m/fpu/crtend.o
                0x20003450                . = ALIGN (0x4)
                0x20003450                __data_end__ = .

.bss            0x20003450     0x1ae0 load address 0x00028c2c
                0x20003450                . = ALIGN (0x4)
                0x20003450                __bss_start__ = .
 *(.bss*)
 .bss           0x20003450       0x1c /home/sarang/SimplicityStudio_v4/developer/toolchains/gnu_arm/4.9_2015q3/bin/../lib/gcc/arm-none-eabi/4.9.3/armv7e-m/fpu/crtbegin.o
 .bss.bg_gattdb_data_attribute_field_2_data
                0x2000346c        0x4 ./gatt_db.o
                0x2000346c                bg_gattdb_data_attribute_field_2_data
 .bss.a         0x20003470        0x4 ./main.o
                0x20003470                a
 .bss.gpio_flag
                0x20003474        0x4 ./main.o
                0x20003474                gpio_flag
 .bss.intFlags.9880
                0x20003478        0x4 ./main.o
 .bss.swi.9886  0x2000347c        0x1 ./main.o
 *fill*         0x2000347d        0x3 
 .bss.Time.9885
                0x20003480        0x4 ./main.o
 .bss.chTable   0x20003484       0xa0 ./bgapi/dmadrv.o
 .bss.dmaXfer   0x20003524      0x100 ./bgapi/dmadrv.o
 .bss           0x20003624        0x4 /home/sarang/SimplicityStudio_v4/developer/sdks/gecko_sdk_suite/v1.1//protocol/bluetooth_2.4/lib/EFR32BG1B/GCC/bgapi.a(bgapi_hardware.c.obj)
 .bss           0x20003628        0x4 /home/sarang/SimplicityStudio_v4/developer/sdks/gecko_sdk_suite/v1.1//protocol/bluetooth_2.4/lib/EFR32BG1B/GCC/bgapi.a(bgapi_test_lib.c.obj)
 .bss           0x2000362c        0x2 /home/sarang/SimplicityStudio_v4/developer/sdks/gecko_sdk_suite/v1.1//protocol/bluetooth_2.4/lib/EFR32BG1B/GCC/bgapi.a(bgapi_gap.c.obj)
                0x2000362c                legacy_maxadv_events
 *fill*         0x2000362e        0x2 
 .bss           0x20003630        0x4 /home/sarang/SimplicityStudio_v4/developer/sdks/gecko_sdk_suite/v1.1//protocol/bluetooth_2.4/lib/EFR32BG1B/GCC/bgapi.a(bgapi_ps.c.obj)
 .bss           0x20003634        0x4 /home/sarang/SimplicityStudio_v4/developer/sdks/gecko_sdk_suite/v1.1//protocol/bluetooth_2.4/lib/EFR32BG1B/GCC/bgapi.a(bgapi_sm.c.obj)
 .bss           0x20003638        0x4 /home/sarang/SimplicityStudio_v4/developer/sdks/gecko_sdk_suite/v1.1//protocol/bluetooth_2.4/lib/EFR32BG1B/GCC/bgapi.a(bgapi_system.c.obj)
 *(COMMON)
 COMMON         0x2000363c     0x18f0 ./main.o
                0x2000363c                LETimerFreq
                0x20003640                adc_value
                0x20003644                LETimerDUTY
                0x20003648                adc_reg_value
                0x2000364c                sleep_modes
                0x2000365c                bluetooth_stack_heap
 COMMON         0x20004f2c        0x4 /home/sarang/SimplicityStudio_v4/developer/sdks/gecko_sdk_suite/v1.1//protocol/bluetooth_2.4/lib/EFR32BG1B/GCC/bgapi.a(bgapi_test_lib.c.obj)
                0x20004f2c                msg_sender
                0x20004f30                . = ALIGN (0x4)
                0x20004f30                __bss_end__ = .

.heap           0x20004f30      0xc00
                0x20004f30                __HeapBase = .
                0x20004f30                __end__ = .
                0x20004f30                end = __end__
                0x20004f30                _end = __end__
 *(.heap*)
 .heap          0x20004f30      0xc00 ./device/EFR32_B_1_1_B/gcc/startup_efr32bg1b.o
                0x20005b30                __HeapLimit = .

.stack_dummy    0x20005b30      0x400
 *(.stack*)
 .stack         0x20005b30      0x400 ./device/EFR32_B_1_1_B/gcc/startup_efr32bg1b.o
                0x20007bfc                __StackTop = (ORIGIN (RAM) + 0x4bfc)
                0x200077fc                __StackLimit = (__StackTop - SIZEOF (.stack_dummy))
                0x20007bfc                PROVIDE (__stack, __StackTop)
                0x00000001                ASSERT ((__StackLimit >= __HeapLimit), region RAM overflowed with stack)
OUTPUT(SPI_Tap_Sensor.axf elf32-littlearm)

.ARM.attributes
                0x00000000       0x30
 .ARM.attributes
                0x00000000       0x22 /home/sarang/SimplicityStudio_v4/developer/toolchains/gnu_arm/4.9_2015q3/bin/../lib/gcc/arm-none-eabi/4.9.3/armv7e-m/fpu/crti.o
 .ARM.attributes
                0x00000022       0x34 /home/sarang/SimplicityStudio_v4/developer/toolchains/gnu_arm/4.9_2015q3/bin/../lib/gcc/arm-none-eabi/4.9.3/armv7e-m/fpu/crtbegin.o
 .ARM.attributes
                0x00000056       0x20 /home/sarang/SimplicityStudio_v4/developer/toolchains/gnu_arm/4.9_2015q3/bin/../lib/gcc/arm-none-eabi/4.9.3/../../../../arm-none-eabi/lib/armv7e-m/fpu/crt0.o
 .ARM.attributes
                0x00000076       0x39 ./application_properties.o
 .ARM.attributes
                0x000000af       0x39 ./gatt_db.o
 .ARM.attributes
                0x000000e8       0x39 ./main.o
 .ARM.attributes
                0x00000121       0x39 ./bgapi/dmadrv.o
 .ARM.attributes
                0x0000015a       0x39 ./device/EFR32_B_1_1_B/gcc/startup_efr32bg1b.o
 .ARM.attributes
                0x00000193       0x39 ./emlib/em_cmu.o
 .ARM.attributes
                0x000001cc       0x39 ./emlib/em_gpio.o
 .ARM.attributes
                0x00000205       0x39 ./emlib/em_letimer.o
 .ARM.attributes
                0x0000023e       0x39 ./emlib/em_rtcc.o
 .ARM.attributes
                0x00000277       0x39 ./emlib/em_system.o
 .ARM.attributes
                0x000002b0       0x39 ./emlib/em_timer.o
 .ARM.attributes
                0x000002e9       0x39 ./emlib/em_usart.o
 .ARM.attributes
                0x00000322       0x39 ./kit_flashpwr/BRD4302A/mx25flash_spi.o
 .ARM.attributes
                0x0000035b       0x39 ./src/InitDevice.o
 .ARM.attributes
                0x00000394       0x39 ./src/adc.o
 .ARM.attributes
                0x000003cd       0x39 ./src/bma280.o
 .ARM.attributes
                0x00000406       0x39 ./src/cmu.o
 .ARM.attributes
                0x0000043f       0x39 ./src/gpio.o
 .ARM.attributes
                0x00000478       0x39 ./src/letimer.o
 .ARM.attributes
                0x000004b1       0x39 ./src/sleep_modes.o
 .ARM.attributes
                0x000004ea       0x39 ./src/spi.o
 .ARM.attributes
                0x00000523       0x39 ./src/timer.o
 .ARM.attributes
                0x0000055c       0x1c /home/sarang/SimplicityStudio_v4/developer/sdks/gecko_sdk_suite/v1.1//protocol/bluetooth_2.4/lib/EFR32BG1B/EABI/binstack.o
 .ARM.attributes
                0x00000578       0x1c /home/sarang/SimplicityStudio_v4/developer/sdks/gecko_sdk_suite/v1.1//protocol/bluetooth_2.4/lib/EFR32BG1B/EABI/binbootloader.o
 .ARM.attributes
                0x00000594       0x39 /home/sarang/SimplicityStudio_v4/developer/sdks/gecko_sdk_suite/v1.1//protocol/bluetooth_2.4/lib/EFR32BG1B/GCC/bgapi.a(gecko_bgapi_hardware.c.obj)
 .ARM.attributes
                0x000005cd       0x39 /home/sarang/SimplicityStudio_v4/developer/sdks/gecko_sdk_suite/v1.1//protocol/bluetooth_2.4/lib/EFR32BG1B/GCC/bgapi.a(gecko_bgapi_test.c.obj)
 .ARM.attributes
                0x00000606       0x39 /home/sarang/SimplicityStudio_v4/developer/sdks/gecko_sdk_suite/v1.1//protocol/bluetooth_2.4/lib/EFR32BG1B/GCC/bgapi.a(gecko_bgapi_dfu.c.obj)
 .ARM.attributes
                0x0000063f       0x39 /home/sarang/SimplicityStudio_v4/developer/sdks/gecko_sdk_suite/v1.1//protocol/bluetooth_2.4/lib/EFR32BG1B/GCC/bgapi.a(gecko_bgapi_gap.c.obj)
 .ARM.attributes
                0x00000678       0x39 /home/sarang/SimplicityStudio_v4/developer/sdks/gecko_sdk_suite/v1.1//protocol/bluetooth_2.4/lib/EFR32BG1B/GCC/bgapi.a(gecko_bgapi_gatt.c.obj)
 .ARM.attributes
                0x000006b1       0x39 /home/sarang/SimplicityStudio_v4/developer/sdks/gecko_sdk_suite/v1.1//protocol/bluetooth_2.4/lib/EFR32BG1B/GCC/bgapi.a(gecko_bgapi_gatt_server.c.obj)
 .ARM.attributes
                0x000006ea       0x39 /home/sarang/SimplicityStudio_v4/developer/sdks/gecko_sdk_suite/v1.1//protocol/bluetooth_2.4/lib/EFR32BG1B/GCC/bgapi.a(gecko_bgapi_flash.c.obj)
 .ARM.attributes
                0x00000723       0x39 /home/sarang/SimplicityStudio_v4/developer/sdks/gecko_sdk_suite/v1.1//protocol/bluetooth_2.4/lib/EFR32BG1B/GCC/bgapi.a(gecko_bgapi_sm.c.obj)
 .ARM.attributes
                0x0000075c       0x39 /home/sarang/SimplicityStudio_v4/developer/sdks/gecko_sdk_suite/v1.1//protocol/bluetooth_2.4/lib/EFR32BG1B/GCC/bgapi.a(gecko_bgapi_system.c.obj)
 .ARM.attributes
                0x00000795       0x39 /home/sarang/SimplicityStudio_v4/developer/sdks/gecko_sdk_suite/v1.1//protocol/bluetooth_2.4/lib/EFR32BG1B/GCC/bgapi.a(gecko_bgapi_endpoint.c.obj)
 .ARM.attributes
                0x000007ce       0x39 /home/sarang/SimplicityStudio_v4/developer/sdks/gecko_sdk_suite/v1.1//protocol/bluetooth_2.4/lib/EFR32BG1B/GCC/bgapi.a(gecko_bgapi_le_connection.c.obj)
 .ARM.attributes
                0x00000807       0x39 /home/sarang/SimplicityStudio_v4/developer/sdks/gecko_sdk_suite/v1.1//protocol/bluetooth_2.4/lib/EFR32BG1B/GCC/bgapi.a(bgapi_hardware.c.obj)
 .ARM.attributes
                0x00000840       0x39 /home/sarang/SimplicityStudio_v4/developer/sdks/gecko_sdk_suite/v1.1//protocol/bluetooth_2.4/lib/EFR32BG1B/GCC/bgapi.a(bgapi_test_lib.c.obj)
 .ARM.attributes
                0x00000879       0x39 /home/sarang/SimplicityStudio_v4/developer/sdks/gecko_sdk_suite/v1.1//protocol/bluetooth_2.4/lib/EFR32BG1B/GCC/bgapi.a(bgapi_dfu.c.obj)
 .ARM.attributes
                0x000008b2       0x39 /home/sarang/SimplicityStudio_v4/developer/sdks/gecko_sdk_suite/v1.1//protocol/bluetooth_2.4/lib/EFR32BG1B/GCC/bgapi.a(bgapi_gap.c.obj)
 .ARM.attributes
                0x000008eb       0x39 /home/sarang/SimplicityStudio_v4/developer/sdks/gecko_sdk_suite/v1.1//protocol/bluetooth_2.4/lib/EFR32BG1B/GCC/bgapi.a(bgapi_gatt_lib.c.obj)
 .ARM.attributes
                0x00000924       0x39 /home/sarang/SimplicityStudio_v4/developer/sdks/gecko_sdk_suite/v1.1//protocol/bluetooth_2.4/lib/EFR32BG1B/GCC/bgapi.a(bgapi_ps.c.obj)
 .ARM.attributes
                0x0000095d       0x39 /home/sarang/SimplicityStudio_v4/developer/sdks/gecko_sdk_suite/v1.1//protocol/bluetooth_2.4/lib/EFR32BG1B/GCC/bgapi.a(bgapi_sm.c.obj)
 .ARM.attributes
                0x00000996       0x39 /home/sarang/SimplicityStudio_v4/developer/sdks/gecko_sdk_suite/v1.1//protocol/bluetooth_2.4/lib/EFR32BG1B/GCC/bgapi.a(bgapi_system.c.obj)
 .ARM.attributes
                0x000009cf       0x39 /home/sarang/SimplicityStudio_v4/developer/sdks/gecko_sdk_suite/v1.1//protocol/bluetooth_2.4/lib/EFR32BG1B/GCC/bgapi.a(bgapi_endpoint.c.obj)
 .ARM.attributes
                0x00000a08       0x39 /home/sarang/SimplicityStudio_v4/developer/sdks/gecko_sdk_suite/v1.1//protocol/bluetooth_2.4/lib/EFR32BG1B/GCC/bgapi.a(bgapi_le_connection.c.obj)
 .ARM.attributes
                0x00000a41       0x39 /home/sarang/SimplicityStudio_v4/developer/sdks/gecko_sdk_suite/v1.1//protocol/bluetooth_2.4/lib/EFR32BG1B/GCC/bgapi.a(gatt_client.c.obj)
 .ARM.attributes
                0x00000a7a       0x39 /home/sarang/SimplicityStudio_v4/developer/sdks/gecko_sdk_suite/v1.1//protocol/bluetooth_2.4/lib/EFR32BG1B/GCC/bgapi.a(ubt_gatt_client.c.obj)
 .ARM.attributes
                0x00000ab3       0x39 /home/sarang/SimplicityStudio_v4/developer/sdks/gecko_sdk_suite/v1.1//protocol/bluetooth_2.4/lib/EFR32BG1B/GCC/bgapi.a(att_client.c.obj)
 .ARM.attributes
                0x00000aec       0x22 /home/sarang/SimplicityStudio_v4/developer/toolchains/gnu_arm/4.9_2015q3/bin/../lib/gcc/arm-none-eabi/4.9.3/armv7e-m/fpu/libgcc.a(_arm_addsubdf3.o)
 .ARM.attributes
                0x00000b0e       0x22 /home/sarang/SimplicityStudio_v4/developer/toolchains/gnu_arm/4.9_2015q3/bin/../lib/gcc/arm-none-eabi/4.9.3/armv7e-m/fpu/libgcc.a(_arm_muldivdf3.o)
 .ARM.attributes
                0x00000b30       0x22 /home/sarang/SimplicityStudio_v4/developer/toolchains/gnu_arm/4.9_2015q3/bin/../lib/gcc/arm-none-eabi/4.9.3/armv7e-m/fpu/libgcc.a(_arm_truncdfsf2.o)
 .ARM.attributes
                0x00000b52       0x34 /home/sarang/SimplicityStudio_v4/developer/toolchains/gnu_arm/4.9_2015q3/bin/../lib/gcc/arm-none-eabi/4.9.3/../../../../arm-none-eabi/lib/armv7e-m/fpu/libc.a(lib_a-exit.o)
 .ARM.attributes
                0x00000b86       0x34 /home/sarang/SimplicityStudio_v4/developer/toolchains/gnu_arm/4.9_2015q3/bin/../lib/gcc/arm-none-eabi/4.9.3/../../../../arm-none-eabi/lib/armv7e-m/fpu/libc.a(lib_a-impure.o)
 .ARM.attributes
                0x00000bba       0x34 /home/sarang/SimplicityStudio_v4/developer/toolchains/gnu_arm/4.9_2015q3/bin/../lib/gcc/arm-none-eabi/4.9.3/../../../../arm-none-eabi/lib/armv7e-m/fpu/libc.a(lib_a-init.o)
 .ARM.attributes
                0x00000bee       0x34 /home/sarang/SimplicityStudio_v4/developer/toolchains/gnu_arm/4.9_2015q3/bin/../lib/gcc/arm-none-eabi/4.9.3/../../../../arm-none-eabi/lib/armv7e-m/fpu/libc.a(lib_a-memcmp.o)
 .ARM.attributes
                0x00000c22       0x20 /home/sarang/SimplicityStudio_v4/developer/toolchains/gnu_arm/4.9_2015q3/bin/../lib/gcc/arm-none-eabi/4.9.3/../../../../arm-none-eabi/lib/armv7e-m/fpu/libc.a(lib_a-memcpy.o)
 .ARM.attributes
                0x00000c42       0x34 /home/sarang/SimplicityStudio_v4/developer/toolchains/gnu_arm/4.9_2015q3/bin/../lib/gcc/arm-none-eabi/4.9.3/../../../../arm-none-eabi/lib/armv7e-m/fpu/libc.a(lib_a-memset.o)
 .ARM.attributes
                0x00000c76       0x34 /home/sarang/SimplicityStudio_v4/developer/toolchains/gnu_arm/4.9_2015q3/bin/../lib/gcc/arm-none-eabi/4.9.3/../../../../arm-none-eabi/lib/armv7e-m/fpu/libc.a(lib_a-__call_atexit.o)
 .ARM.attributes
                0x00000caa       0x34 /home/sarang/SimplicityStudio_v4/developer/toolchains/gnu_arm/4.9_2015q3/bin/../lib/gcc/arm-none-eabi/4.9.3/../../../../arm-none-eabi/lib/armv7e-m/fpu/libc.a(lib_a-atexit.o)
 .ARM.attributes
                0x00000cde       0x34 /home/sarang/SimplicityStudio_v4/developer/toolchains/gnu_arm/4.9_2015q3/bin/../lib/gcc/arm-none-eabi/4.9.3/../../../../arm-none-eabi/lib/armv7e-m/fpu/libc.a(lib_a-fini.o)
 .ARM.attributes
                0x00000d12       0x34 /home/sarang/SimplicityStudio_v4/developer/toolchains/gnu_arm/4.9_2015q3/bin/../lib/gcc/arm-none-eabi/4.9.3/../../../../arm-none-eabi/lib/armv7e-m/fpu/libc.a(lib_a-__atexit.o)
 .ARM.attributes
                0x00000d46       0x34 /home/sarang/SimplicityStudio_v4/developer/toolchains/gnu_arm/4.9_2015q3/bin/../lib/gcc/arm-none-eabi/4.9.3/../../../../arm-none-eabi/lib/armv7e-m/fpu/libnosys.a(_exit.o)
 .ARM.attributes
                0x00000d7a       0x34 /home/sarang/SimplicityStudio_v4/developer/toolchains/gnu_arm/4.9_2015q3/bin/../lib/gcc/arm-none-eabi/4.9.3/armv7e-m/fpu/crtend.o
 .ARM.attributes
                0x00000dae       0x22 /home/sarang/SimplicityStudio_v4/developer/toolchains/gnu_arm/4.9_2015q3/bin/../lib/gcc/arm-none-eabi/4.9.3/armv7e-m/fpu/crtn.o

.comment        0x00000000       0xde
 .comment       0x00000000       0x70 ./application_properties.o
                                 0x71 (size before relaxing)
 .comment       0x00000000       0x71 ./gatt_db.o
 .comment       0x00000000       0x71 ./main.o
 .comment       0x00000000       0x71 ./bgapi/dmadrv.o
 .comment       0x00000000       0x71 ./device/EFR32_B_1_1_B/gcc/startup_efr32bg1b.o
 .comment       0x00000000       0x71 ./emlib/em_cmu.o
 .comment       0x00000000       0x71 ./emlib/em_gpio.o
 .comment       0x00000000       0x71 ./emlib/em_letimer.o
 .comment       0x00000000       0x71 ./emlib/em_rtcc.o
 .comment       0x00000000       0x71 ./emlib/em_system.o
 .comment       0x00000000       0x71 ./emlib/em_timer.o
 .comment       0x00000000       0x71 ./emlib/em_usart.o
 .comment       0x00000000       0x71 ./kit_flashpwr/BRD4302A/mx25flash_spi.o
 .comment       0x00000000       0x71 ./src/InitDevice.o
 .comment       0x00000000       0x71 ./src/adc.o
 .comment       0x00000000       0x71 ./src/bma280.o
 .comment       0x00000000       0x71 ./src/cmu.o
 .comment       0x00000000       0x71 ./src/gpio.o
 .comment       0x00000000       0x71 ./src/letimer.o
 .comment       0x00000000       0x71 ./src/sleep_modes.o
 .comment       0x00000000       0x71 ./src/spi.o
 .comment       0x00000000       0x71 ./src/timer.o
 .comment       0x00000070       0x6e /home/sarang/SimplicityStudio_v4/developer/sdks/gecko_sdk_suite/v1.1//protocol/bluetooth_2.4/lib/EFR32BG1B/GCC/bgapi.a(gecko_bgapi_hardware.c.obj)
                                 0x6f (size before relaxing)
 .comment       0x00000000       0x6f /home/sarang/SimplicityStudio_v4/developer/sdks/gecko_sdk_suite/v1.1//protocol/bluetooth_2.4/lib/EFR32BG1B/GCC/bgapi.a(gecko_bgapi_test.c.obj)
 .comment       0x00000000       0x6f /home/sarang/SimplicityStudio_v4/developer/sdks/gecko_sdk_suite/v1.1//protocol/bluetooth_2.4/lib/EFR32BG1B/GCC/bgapi.a(gecko_bgapi_dfu.c.obj)
 .comment       0x00000000       0x6f /home/sarang/SimplicityStudio_v4/developer/sdks/gecko_sdk_suite/v1.1//protocol/bluetooth_2.4/lib/EFR32BG1B/GCC/bgapi.a(gecko_bgapi_gap.c.obj)
 .comment       0x00000000       0x6f /home/sarang/SimplicityStudio_v4/developer/sdks/gecko_sdk_suite/v1.1//protocol/bluetooth_2.4/lib/EFR32BG1B/GCC/bgapi.a(gecko_bgapi_gatt.c.obj)
 .comment       0x00000000       0x6f /home/sarang/SimplicityStudio_v4/developer/sdks/gecko_sdk_suite/v1.1//protocol/bluetooth_2.4/lib/EFR32BG1B/GCC/bgapi.a(gecko_bgapi_gatt_server.c.obj)
 .comment       0x00000000       0x6f /home/sarang/SimplicityStudio_v4/developer/sdks/gecko_sdk_suite/v1.1//protocol/bluetooth_2.4/lib/EFR32BG1B/GCC/bgapi.a(gecko_bgapi_flash.c.obj)
 .comment       0x00000000       0x6f /home/sarang/SimplicityStudio_v4/developer/sdks/gecko_sdk_suite/v1.1//protocol/bluetooth_2.4/lib/EFR32BG1B/GCC/bgapi.a(gecko_bgapi_sm.c.obj)
 .comment       0x00000000       0x6f /home/sarang/SimplicityStudio_v4/developer/sdks/gecko_sdk_suite/v1.1//protocol/bluetooth_2.4/lib/EFR32BG1B/GCC/bgapi.a(gecko_bgapi_system.c.obj)
 .comment       0x00000000       0x6f /home/sarang/SimplicityStudio_v4/developer/sdks/gecko_sdk_suite/v1.1//protocol/bluetooth_2.4/lib/EFR32BG1B/GCC/bgapi.a(gecko_bgapi_endpoint.c.obj)
 .comment       0x00000000       0x6f /home/sarang/SimplicityStudio_v4/developer/sdks/gecko_sdk_suite/v1.1//protocol/bluetooth_2.4/lib/EFR32BG1B/GCC/bgapi.a(gecko_bgapi_le_connection.c.obj)
 .comment       0x00000000       0x6f /home/sarang/SimplicityStudio_v4/developer/sdks/gecko_sdk_suite/v1.1//protocol/bluetooth_2.4/lib/EFR32BG1B/GCC/bgapi.a(bgapi_hardware.c.obj)
 .comment       0x00000000       0x6f /home/sarang/SimplicityStudio_v4/developer/sdks/gecko_sdk_suite/v1.1//protocol/bluetooth_2.4/lib/EFR32BG1B/GCC/bgapi.a(bgapi_test_lib.c.obj)
 .comment       0x00000000       0x6f /home/sarang/SimplicityStudio_v4/developer/sdks/gecko_sdk_suite/v1.1//protocol/bluetooth_2.4/lib/EFR32BG1B/GCC/bgapi.a(bgapi_dfu.c.obj)
 .comment       0x00000000       0x6f /home/sarang/SimplicityStudio_v4/developer/sdks/gecko_sdk_suite/v1.1//protocol/bluetooth_2.4/lib/EFR32BG1B/GCC/bgapi.a(bgapi_gap.c.obj)
 .comment       0x00000000       0x6f /home/sarang/SimplicityStudio_v4/developer/sdks/gecko_sdk_suite/v1.1//protocol/bluetooth_2.4/lib/EFR32BG1B/GCC/bgapi.a(bgapi_gatt_lib.c.obj)
 .comment       0x00000000       0x6f /home/sarang/SimplicityStudio_v4/developer/sdks/gecko_sdk_suite/v1.1//protocol/bluetooth_2.4/lib/EFR32BG1B/GCC/bgapi.a(bgapi_ps.c.obj)
 .comment       0x00000000       0x6f /home/sarang/SimplicityStudio_v4/developer/sdks/gecko_sdk_suite/v1.1//protocol/bluetooth_2.4/lib/EFR32BG1B/GCC/bgapi.a(bgapi_sm.c.obj)
 .comment       0x00000000       0x6f /home/sarang/SimplicityStudio_v4/developer/sdks/gecko_sdk_suite/v1.1//protocol/bluetooth_2.4/lib/EFR32BG1B/GCC/bgapi.a(bgapi_system.c.obj)
 .comment       0x00000000       0x6f /home/sarang/SimplicityStudio_v4/developer/sdks/gecko_sdk_suite/v1.1//protocol/bluetooth_2.4/lib/EFR32BG1B/GCC/bgapi.a(bgapi_endpoint.c.obj)
 .comment       0x00000000       0x6f /home/sarang/SimplicityStudio_v4/developer/sdks/gecko_sdk_suite/v1.1//protocol/bluetooth_2.4/lib/EFR32BG1B/GCC/bgapi.a(bgapi_le_connection.c.obj)
 .comment       0x00000000       0x6f /home/sarang/SimplicityStudio_v4/developer/sdks/gecko_sdk_suite/v1.1//protocol/bluetooth_2.4/lib/EFR32BG1B/GCC/bgapi.a(gatt_client.c.obj)
 .comment       0x00000000       0x6f /home/sarang/SimplicityStudio_v4/developer/sdks/gecko_sdk_suite/v1.1//protocol/bluetooth_2.4/lib/EFR32BG1B/GCC/bgapi.a(ubt_gatt_client.c.obj)
 .comment       0x00000000       0x6f /home/sarang/SimplicityStudio_v4/developer/sdks/gecko_sdk_suite/v1.1//protocol/bluetooth_2.4/lib/EFR32BG1B/GCC/bgapi.a(att_client.c.obj)

.debug_info     0x00000000    0x11a20
 .debug_info    0x00000000      0x168 ./application_properties.o
 .debug_info    0x00000168      0x58e ./gatt_db.o
 .debug_info    0x000006f6     0x4dd6 ./main.o
 .debug_info    0x000054cc     0x13f4 ./bgapi/dmadrv.o
 .debug_info    0x000068c0      0x1b4 ./device/EFR32_B_1_1_B/gcc/startup_efr32bg1b.o
 .debug_info    0x00006a74     0x1b9c ./emlib/em_cmu.o
 .debug_info    0x00008610      0xa05 ./emlib/em_gpio.o
 .debug_info    0x00009015      0x54d ./emlib/em_letimer.o
 .debug_info    0x00009562      0x6b8 ./emlib/em_rtcc.o
 .debug_info    0x00009c1a      0x276 ./emlib/em_system.o
 .debug_info    0x00009e90      0x94f ./emlib/em_timer.o
 .debug_info    0x0000a7df      0xf55 ./emlib/em_usart.o
 .debug_info    0x0000b734     0x15b7 ./kit_flashpwr/BRD4302A/mx25flash_spi.o
 .debug_info    0x0000cceb     0x185d ./src/InitDevice.o
 .debug_info    0x0000e548      0x620 ./src/adc.o
 .debug_info    0x0000eb68      0x45a ./src/bma280.o
 .debug_info    0x0000efc2      0x7e9 ./src/cmu.o
 .debug_info    0x0000f7ab      0x169 ./src/gpio.o
 .debug_info    0x0000f914      0xa6f ./src/letimer.o
 .debug_info    0x00010383      0x3c2 ./src/sleep_modes.o
 .debug_info    0x00010745      0x77c ./src/spi.o
 .debug_info    0x00010ec1      0xb5f ./src/timer.o

.debug_abbrev   0x00000000     0x21f9
 .debug_abbrev  0x00000000       0x97 ./application_properties.o
 .debug_abbrev  0x00000097       0xbd ./gatt_db.o
 .debug_abbrev  0x00000154      0x2ee ./main.o
 .debug_abbrev  0x00000442      0x25f ./bgapi/dmadrv.o
 .debug_abbrev  0x000006a1       0xdb ./device/EFR32_B_1_1_B/gcc/startup_efr32bg1b.o
 .debug_abbrev  0x0000077c      0x2de ./emlib/em_cmu.o
 .debug_abbrev  0x00000a5a      0x1da ./emlib/em_gpio.o
 .debug_abbrev  0x00000c34      0x1b4 ./emlib/em_letimer.o
 .debug_abbrev  0x00000de8      0x177 ./emlib/em_rtcc.o
 .debug_abbrev  0x00000f5f      0x109 ./emlib/em_system.o
 .debug_abbrev  0x00001068      0x174 ./emlib/em_timer.o
 .debug_abbrev  0x000011dc      0x1d9 ./emlib/em_usart.o
 .debug_abbrev  0x000013b5      0x29a ./kit_flashpwr/BRD4302A/mx25flash_spi.o
 .debug_abbrev  0x0000164f      0x1dd ./src/InitDevice.o
 .debug_abbrev  0x0000182c      0x165 ./src/adc.o
 .debug_abbrev  0x00001991      0x140 ./src/bma280.o
 .debug_abbrev  0x00001ad1       0xf2 ./src/cmu.o
 .debug_abbrev  0x00001bc3       0x90 ./src/gpio.o
 .debug_abbrev  0x00001c53      0x178 ./src/letimer.o
 .debug_abbrev  0x00001dcb      0x146 ./src/sleep_modes.o
 .debug_abbrev  0x00001f11      0x146 ./src/spi.o
 .debug_abbrev  0x00002057      0x1a2 ./src/timer.o

.debug_aranges  0x00000000      0x9d0
 .debug_aranges
                0x00000000       0x18 ./application_properties.o
 .debug_aranges
                0x00000018       0x18 ./gatt_db.o
 .debug_aranges
                0x00000030       0xa8 ./main.o
 .debug_aranges
                0x000000d8       0xa0 ./bgapi/dmadrv.o
 .debug_aranges
                0x00000178       0x28 ./device/EFR32_B_1_1_B/gcc/startup_efr32bg1b.o
 .debug_aranges
                0x000001a0      0x1a8 ./emlib/em_cmu.o
 .debug_aranges
                0x00000348       0x88 ./emlib/em_gpio.o
 .debug_aranges
                0x000003d0       0x50 ./emlib/em_letimer.o
 .debug_aranges
                0x00000420       0x50 ./emlib/em_rtcc.o
 .debug_aranges
                0x00000470       0x28 ./emlib/em_system.o
 .debug_aranges
                0x00000498       0x58 ./emlib/em_timer.o
 .debug_aranges
                0x000004f0       0xb8 ./emlib/em_usart.o
 .debug_aranges
                0x000005a8      0x1c0 ./kit_flashpwr/BRD4302A/mx25flash_spi.o
 .debug_aranges
                0x00000768       0xe8 ./src/InitDevice.o
 .debug_aranges
                0x00000850       0x38 ./src/adc.o
 .debug_aranges
                0x00000888       0x30 ./src/bma280.o
 .debug_aranges
                0x000008b8       0x20 ./src/cmu.o
 .debug_aranges
                0x000008d8       0x20 ./src/gpio.o
 .debug_aranges
                0x000008f8       0x28 ./src/letimer.o
 .debug_aranges
                0x00000920       0x38 ./src/sleep_modes.o
 .debug_aranges
                0x00000958       0x30 ./src/spi.o
 .debug_aranges
                0x00000988       0x48 ./src/timer.o

.debug_line     0x00000000     0x5ed8
 .debug_line    0x00000000      0x1a1 ./application_properties.o
 .debug_line    0x000001a1      0x19d ./gatt_db.o
 .debug_line    0x0000033e      0x84f ./main.o
 .debug_line    0x00000b8d      0x5ae ./bgapi/dmadrv.o
 .debug_line    0x0000113b      0x16a ./device/EFR32_B_1_1_B/gcc/startup_efr32bg1b.o
 .debug_line    0x000012a5      0xb1d ./emlib/em_cmu.o
 .debug_line    0x00001dc2      0x4cd ./emlib/em_gpio.o
 .debug_line    0x0000228f      0x3c7 ./emlib/em_letimer.o
 .debug_line    0x00002656      0x388 ./emlib/em_rtcc.o
 .debug_line    0x000029de      0x2bc ./emlib/em_system.o
 .debug_line    0x00002c9a      0x565 ./emlib/em_timer.o
 .debug_line    0x000031ff      0x588 ./emlib/em_usart.o
 .debug_line    0x00003787      0xa79 ./kit_flashpwr/BRD4302A/mx25flash_spi.o
 .debug_line    0x00004200      0x59e ./src/InitDevice.o
 .debug_line    0x0000479e      0x336 ./src/adc.o
 .debug_line    0x00004ad4      0x2c5 ./src/bma280.o
 .debug_line    0x00004d99      0x2e2 ./src/cmu.o
 .debug_line    0x0000507b      0x20a ./src/gpio.o
 .debug_line    0x00005285      0x335 ./src/letimer.o
 .debug_line    0x000055ba      0x2c8 ./src/sleep_modes.o
 .debug_line    0x00005882      0x318 ./src/spi.o
 .debug_line    0x00005b9a      0x33e ./src/timer.o

.debug_str      0x00000000     0x9f31
 .debug_str     0x00000000      0x251 ./application_properties.o
                                0x2a8 (size before relaxing)
 .debug_str     0x00000251      0x564 ./gatt_db.o
                                0x758 (size before relaxing)
 .debug_str     0x000007b5     0x4f3c ./main.o
                               0x54fe (size before relaxing)
 .debug_str     0x000056f1      0xe37 ./bgapi/dmadrv.o
                               0x10b7 (size before relaxing)
 .debug_str     0x00006528       0x90 ./device/EFR32_B_1_1_B/gcc/startup_efr32bg1b.o
                                0x28e (size before relaxing)
 .debug_str     0x000065b8      0xee3 ./emlib/em_cmu.o
                               0x13d5 (size before relaxing)
 .debug_str     0x0000749b      0x443 ./emlib/em_gpio.o
                                0x826 (size before relaxing)
 .debug_str     0x000078de      0x1b3 ./emlib/em_letimer.o
                                0x46d (size before relaxing)
 .debug_str     0x00007a91      0x57a ./emlib/em_rtcc.o
                                0x7ee (size before relaxing)
 .debug_str     0x0000800b       0xd6 ./emlib/em_system.o
                                0x2f3 (size before relaxing)
 .debug_str     0x000080e1      0x6be ./emlib/em_timer.o
                                0x9c9 (size before relaxing)
 .debug_str     0x0000879f      0x8f4 ./emlib/em_usart.o
                                0xdf4 (size before relaxing)
 .debug_str     0x00009093      0x3e6 ./kit_flashpwr/BRD4302A/mx25flash_spi.o
                                0xe8f (size before relaxing)
 .debug_str     0x00009479      0x679 ./src/InitDevice.o
                               0x1624 (size before relaxing)
 .debug_str     0x00009af2      0x226 ./src/adc.o
                                0x5c6 (size before relaxing)
 .debug_str     0x00009d18       0x28 ./src/bma280.o
                                0x64c (size before relaxing)
 .debug_str     0x00009d40       0x16 ./src/cmu.o
                                0x99b (size before relaxing)
 .debug_str     0x00009d56       0x18 ./src/gpio.o
                                0x421 (size before relaxing)
 .debug_str     0x00009d6e       0x4f ./src/letimer.o
                                0x932 (size before relaxing)
 .debug_str     0x00009dbd       0x99 ./src/sleep_modes.o
                                0x300 (size before relaxing)
 .debug_str     0x00009e56       0x78 ./src/spi.o
                                0x9f1 (size before relaxing)
 .debug_str     0x00009ece       0x63 ./src/timer.o
                                0xa92 (size before relaxing)

.debug_loc      0x00000000     0x4c38
 .debug_loc     0x00000000      0x54c ./main.o
 .debug_loc     0x0000054c      0x568 ./bgapi/dmadrv.o
 .debug_loc     0x00000ab4       0x64 ./device/EFR32_B_1_1_B/gcc/startup_efr32bg1b.o
 .debug_loc     0x00000b18     0x1000 ./emlib/em_cmu.o
 .debug_loc     0x00001b18      0x4b4 ./emlib/em_gpio.o
 .debug_loc     0x00001fcc      0x278 ./emlib/em_letimer.o
 .debug_loc     0x00002244      0x23c ./emlib/em_rtcc.o
 .debug_loc     0x00002480       0xb8 ./emlib/em_system.o
 .debug_loc     0x00002538      0x2b0 ./emlib/em_timer.o
 .debug_loc     0x000027e8      0x6d2 ./emlib/em_usart.o
 .debug_loc     0x00002eba      0xeec ./kit_flashpwr/BRD4302A/mx25flash_spi.o
 .debug_loc     0x00003da6      0x71a ./src/InitDevice.o
 .debug_loc     0x000044c0      0x140 ./src/adc.o
 .debug_loc     0x00004600       0xf0 ./src/bma280.o
 .debug_loc     0x000046f0       0x2c ./src/cmu.o
 .debug_loc     0x0000471c       0x2c ./src/gpio.o
 .debug_loc     0x00004748       0xac ./src/letimer.o
 .debug_loc     0x000047f4      0x128 ./src/sleep_modes.o
 .debug_loc     0x0000491c      0x10a ./src/spi.o
 .debug_loc     0x00004a26      0x212 ./src/timer.o

.debug_ranges   0x00000000      0x860
 .debug_ranges  0x00000000       0x98 ./main.o
 .debug_ranges  0x00000098       0x90 ./bgapi/dmadrv.o
 .debug_ranges  0x00000128       0x18 ./device/EFR32_B_1_1_B/gcc/startup_efr32bg1b.o
 .debug_ranges  0x00000140      0x198 ./emlib/em_cmu.o
 .debug_ranges  0x000002d8       0x78 ./emlib/em_gpio.o
 .debug_ranges  0x00000350       0x40 ./emlib/em_letimer.o
 .debug_ranges  0x00000390       0x40 ./emlib/em_rtcc.o
 .debug_ranges  0x000003d0       0x18 ./emlib/em_system.o
 .debug_ranges  0x000003e8       0x48 ./emlib/em_timer.o
 .debug_ranges  0x00000430       0xa8 ./emlib/em_usart.o
 .debug_ranges  0x000004d8      0x1b0 ./kit_flashpwr/BRD4302A/mx25flash_spi.o
 .debug_ranges  0x00000688       0xd8 ./src/InitDevice.o
 .debug_ranges  0x00000760       0x28 ./src/adc.o
 .debug_ranges  0x00000788       0x20 ./src/bma280.o
 .debug_ranges  0x000007a8       0x10 ./src/cmu.o
 .debug_ranges  0x000007b8       0x10 ./src/gpio.o
 .debug_ranges  0x000007c8       0x18 ./src/letimer.o
 .debug_ranges  0x000007e0       0x28 ./src/sleep_modes.o
 .debug_ranges  0x00000808       0x20 ./src/spi.o
 .debug_ranges  0x00000828       0x38 ./src/timer.o

.debug_frame    0x00000000     0x261c
 .debug_frame   0x00000000      0x298 ./main.o
 .debug_frame   0x00000298      0x280 ./bgapi/dmadrv.o
 .debug_frame   0x00000518       0x48 ./device/EFR32_B_1_1_B/gcc/startup_efr32bg1b.o
 .debug_frame   0x00000560      0x74c ./emlib/em_cmu.o
 .debug_frame   0x00000cac      0x224 ./emlib/em_gpio.o
 .debug_frame   0x00000ed0      0x124 ./emlib/em_letimer.o
 .debug_frame   0x00000ff4      0x110 ./emlib/em_rtcc.o
 .debug_frame   0x00001104       0x60 ./emlib/em_system.o
 .debug_frame   0x00001164      0x140 ./emlib/em_timer.o
 .debug_frame   0x000012a4      0x310 ./emlib/em_usart.o
 .debug_frame   0x000015b4      0x74c ./kit_flashpwr/BRD4302A/mx25flash_spi.o
 .debug_frame   0x00001d00      0x370 ./src/InitDevice.o
 .debug_frame   0x00002070       0xa4 ./src/adc.o
 .debug_frame   0x00002114       0x84 ./src/bma280.o
 .debug_frame   0x00002198       0x2c ./src/cmu.o
 .debug_frame   0x000021c4       0x2c ./src/gpio.o
 .debug_frame   0x000021f0       0x5c ./src/letimer.o
 .debug_frame   0x0000224c       0x9c ./src/sleep_modes.o
 .debug_frame   0x000022e8       0x84 ./src/spi.o
 .debug_frame   0x0000236c       0xf8 ./src/timer.o
 .debug_frame   0x00002464       0x28 /home/sarang/SimplicityStudio_v4/developer/toolchains/gnu_arm/4.9_2015q3/bin/../lib/gcc/arm-none-eabi/4.9.3/../../../../arm-none-eabi/lib/armv7e-m/fpu/libc.a(lib_a-exit.o)
 .debug_frame   0x0000248c       0x2c /home/sarang/SimplicityStudio_v4/developer/toolchains/gnu_arm/4.9_2015q3/bin/../lib/gcc/arm-none-eabi/4.9.3/../../../../arm-none-eabi/lib/armv7e-m/fpu/libc.a(lib_a-init.o)
 .debug_frame   0x000024b8       0x38 /home/sarang/SimplicityStudio_v4/developer/toolchains/gnu_arm/4.9_2015q3/bin/../lib/gcc/arm-none-eabi/4.9.3/../../../../arm-none-eabi/lib/armv7e-m/fpu/libc.a(lib_a-memcmp.o)
 .debug_frame   0x000024f0       0x34 /home/sarang/SimplicityStudio_v4/developer/toolchains/gnu_arm/4.9_2015q3/bin/../lib/gcc/arm-none-eabi/4.9.3/../../../../arm-none-eabi/lib/armv7e-m/fpu/libc.a(lib_a-memset.o)
 .debug_frame   0x00002524       0x50 /home/sarang/SimplicityStudio_v4/developer/toolchains/gnu_arm/4.9_2015q3/bin/../lib/gcc/arm-none-eabi/4.9.3/../../../../arm-none-eabi/lib/armv7e-m/fpu/libc.a(lib_a-__call_atexit.o)
 .debug_frame   0x00002574       0x20 /home/sarang/SimplicityStudio_v4/developer/toolchains/gnu_arm/4.9_2015q3/bin/../lib/gcc/arm-none-eabi/4.9.3/../../../../arm-none-eabi/lib/armv7e-m/fpu/libc.a(lib_a-atexit.o)
 .debug_frame   0x00002594       0x34 /home/sarang/SimplicityStudio_v4/developer/toolchains/gnu_arm/4.9_2015q3/bin/../lib/gcc/arm-none-eabi/4.9.3/../../../../arm-none-eabi/lib/armv7e-m/fpu/libc.a(lib_a-fini.o)
 .debug_frame   0x000025c8       0x34 /home/sarang/SimplicityStudio_v4/developer/toolchains/gnu_arm/4.9_2015q3/bin/../lib/gcc/arm-none-eabi/4.9.3/../../../../arm-none-eabi/lib/armv7e-m/fpu/libc.a(lib_a-__atexit.o)
 .debug_frame   0x000025fc       0x20 /home/sarang/SimplicityStudio_v4/developer/toolchains/gnu_arm/4.9_2015q3/bin/../lib/gcc/arm-none-eabi/4.9.3/../../../../arm-none-eabi/lib/armv7e-m/fpu/libnosys.a(_exit.o)
